NC_FRAME         com.example.gica2025                 D  MAGT Frame Sync [MEM]: create object, fd = 213, size = 1600
2025-09-05 01:01:37.560  8649-10351 MAGT_SYNC_FRAME         com.example.gica2025                 D  MAGT Frame Sync [MEM]: map object, fd = 213, size = 1600, addr = 0x7bb18f9000
2025-09-05 01:01:37.560  8649-10351 xample.gica2025         com.example.gica2025                 D  Can't load libmbrainSDK
2025-09-05 01:01:37.562  8649-10351 libc                    com.example.gica2025                 W  Access denied finding property "ro.vendor.display.iris_x7.support"
2025-09-05 01:01:37.565  8649-10351 LB                      com.example.gica2025                 E  fail to open file: No such file or directory
2025-09-05 01:01:37.565  8649-10351 LB                      com.example.gica2025                 E  fail to open node: No such file or directory
2025-09-05 01:01:37.565  8649-10351 LB                      com.example.gica2025                 E  fail to open node: No such file or directory
2025-09-05 01:01:37.565  8649-10351 GrallocExtra            com.example.gica2025                 I  gralloc_extra_query:is_SW3D 0
2025-09-05 01:01:37.565  8649-10351 libc                    com.example.gica2025                 W  Access denied finding property "ro.vendor.display.iris_x7.support"
2025-09-05 01:01:37.565  8649-10351 BLASTBufferQueue        com.example.gica2025                 D  [VRI[MainActivity]#0](f:0,a:1) acquireNextBufferLocked size=1220x2712 mFrameNumber=1 applyTransaction=true mTimestamp=946856070990051(auto) mPendingTransactions.size=0 graphicBufferId=37147172143107 transform=0
2025-09-05 01:01:37.565  8649-10351 xample.gica2025         com.example.gica2025                 D  Can't load libmbrainSDK
2025-09-05 01:01:37.566  8649-8649  VRI[MainActivity]       com.example.gica2025                 D  vri.reportDrawFinished
2025-09-05 01:01:37.574  8649-8649  UserSceneDetector       com.example.gica2025                 D  invoke error.
2025-09-05 01:01:37.590  8649-8649  HandWritingStubImpl     com.example.gica2025                 I  refreshLastKeyboardType: 1
2025-09-05 01:01:37.590  8649-8649  HandWritingStubImpl     com.example.gica2025                 I  getCurrentKeyboardType: 1
2025-09-05 01:01:37.604  8649-8649  HandWritingStubImpl     com.example.gica2025                 I  getCurrentKeyboardType: 1
2025-09-05 01:01:37.699  8649-10298 xample.gica2025         com.example.gica2025                 I  Compiler allocated 6826KB to compile void android.view.ViewRootImpl.performTraversals()
2025-09-05 01:01:37.954  8649-10351 libc                    com.example.gica2025                 W  Access denied finding property "ro.vendor.display.iris_x7.support"
2025-09-05 01:01:38.083  8649-10378 okhttp.OkHttpClient     com.example.gica2025                 I  <-- 404 https://mushy-dog.localsite.io/wp-content/plugins/GICAACCOUNT/mobile-api-public.php (713ms)
2025-09-05 01:01:38.084  8649-10378 okhttp.OkHttpClient     com.example.gica2025                 I  date: Fri, 05 Sep 2025 06:01:38 GMT
2025-09-05 01:01:38.084  8649-10378 okhttp.OkHttpClient     com.example.gica2025                 I  content-length: 3
2025-09-05 01:01:38.084  8649-10378 okhttp.OkHttpClient     com.example.gica2025                 I  strict-transport-security: max-age=15724800; includeSubDomains
2025-09-05 01:01:38.084  8649-10378 okhttp.OkHttpClient     com.example.gica2025                 I  404
2025-09-05 01:01:38.084  8649-10378 okhttp.OkHttpClient     com.example.gica2025                 I  <-- END HTTP (3-byte body)
2025-09-05 01:01:38.085  8649-10369 MainActivity            com.example.gica2025                 E  âŒ Error HTTP: 404 - 
2025-09-05 01:01:38.085  8649-10369 MainActivity            com.example.gica2025                 E  âŒ URL: https://mushy-dog.localsite.io/wp-content/plugins/GICAACCOUNT/mobile-api-public.php
2025-09-05 01:01:38.085  8649-10369 MainActivity            com.example.gica2025                 E  âŒ Headers: date: Fri, 05 Sep 2025 06:01:38 GMT
                                                                                                    content-length: 3
                                                                                                    strict-transport-security: max-age=15724800; includeSubDomains
2025-09-05 01:01:38.085  8649-10369 MainActivity            com.example.gica2025                 E  âŒ Error body: 404
2025-09-05 01:01:38.085  8649-10369 MainActivity            com.example.gica2025                 E  ðŸ” PROBLEMA: Endpoint no encontrado - verificar URL
2025-09-05 01:01:38.610  8649-10351 libc                    com.example.gica2025                 W  Access denied finding property "ro.vendor.display.iris_x7.support"
2025-09-05 01:01:41.776  8649-8649  CompatChangeReporter    com.example.gica2025                 D  Compat change id reported: 289878283; UID 10440; state: ENABLED
2025-09-05 01:01:41.877  8649-8649  UserSceneDetector       com.example.gica2025                 D  invoke error.
2025-09-05 01:01:42.571  8649-10351 xample.gica2025         com.example.gica2025                 E  FrameInsert open fail: No such file or directory
2025-09-05 01:01:43.032  8649-8649  MIUIInput               com.example.gica2025                 I  [MotionEvent] ViewRootImpl windowName 'com.example.gica2025/com.example.gica2025.MainActivity', { action=ACTION_DOWN, id[0]=0, pointerCount=1, eventTime=946861531, downTime=946861531, phoneEventTime=01:01:43.025 } moveCount:0
2025-09-05 01:01:43.072  8649-8649  MIUIInput               com.example.gica2025                 I  [MotionEvent] ViewRootImpl windowName 'com.example.gica2025/com.example.gica2025.MainActivity', { action=ACTION_UP, id[0]=0, pointerCount=1, eventTime=946861577, downTime=946861531, phoneEventTime=01:01:43.072 } moveCount:0
2025-09-05 01:01:43.090  8649-10434 ProfileInstaller        com.example.gica2025                 D  Installing profile for com.example.gica2025
2025-09-05 01:01:43.111  8649-8649  HandWritingStubImpl     com.example.gica2025                 I  refreshLastKeyboardType: 1
2025-09-05 01:01:43.113  8649-8649  HandWritingStubImpl     com.example.gica2025                 I  getCurrentKeyboardType: 1
2025-09-05 01:01:43.115  8649-8649  HandWritingStubImpl     com.example.gica2025                 I  getCurrentKeyboardType: 1
2025-09-05 01:01:43.116  8649-8649  InsetsController        com.example.gica2025                 D  show(ime(), fromIme=false)
2025-09-05 01:01:43.116  8649-8649  ImeTracker              com.example.gica2025                 I  com.example.gica2025:51114632: onRequestShow at ORIGIN_CLIENT reason SHOW_SOFT_INPUT_BY_INSETS_API fromUser false
2025-09-05 01:01:43.119  8649-8649  MiuiMultiWindowUtils    com.example.gica2025                 D  freeform resolution args raw data:{  "wide_default":{    "freeform_args": {        "vertical_portrait":{"aspect_ratio":0.626, "original_ratio":0.5643,"original_scale":0.74,"top_margin":0.168,"left_margin":0.484},        "horizontal_portrait":{"aspect_ratio":0.626, "original_ratio":0.5643,"original_scale":0.74,"top_margin":0.1222,"left_margin":0.59745},        "vertical_landscape":{"aspect_ratio":1.6, "original_ratio":1,"original_scale":0.604,"top_margin":0.2596,"left_margin":0.2624},        "horizontal_landscape":{"aspect_ratio":1.6, "original_ratio":1,"original_scale":0.604,"top_margin":0.213,"left_margin":0.3758}    },    "mini_freeform_args":{        "vertical_portrait":{"original_ratio":0.147},        "horizontal_portrait":{"original_ratio":0.147},        "vertical_landscape":{"original_ratio":0.165},        "horizontal_landscape":{"original_ratio":0.165}    }  },  "narrow_default": {    "freeform_args": {        "vertical_portrait":{"aspect_ratio":0.626, "original_ratio":1,"original_scale":0.74,"top_margin":0.0753,"left_margin":-1},        "horizontal_portrait":{"aspect_ratio":0.626, "original_ratio":1,"original_scale":0.5756,"top_margin":-1,"left_margin":0.0753},        "vertical_landscape":{"aspect_ratio":1.6, "original_ratio":0.6847,"original_scale":0.587,"top_margin":0.0753,"left_margin":-1},        "horizontal_landscape":{"aspect_ratio":1.6, "original_ratio":0.6847,"original_scale":0.587,"top_margin":-1,"left_margin":0.0753}    },    "mini_freeform_args":{        "vertical_portrait":{"original_ratio":0.26},        "horizontal_portrait":{"original_ratio":0.26},        "vertical_landscape":{"original_ratio":0.293},        "horizontal_landscape":{"original_ratio":0.293}    }  },  "regular_default": {    "freeform_args": {      "vertical_portrait":{"aspect_ratio":0.625, "original_ratio":1,"original_scale":0.7,"top_margin":0.109,"left_margin":-1},      "horizontal_portrait":{"aspect_ratio":0.6667, "original_ratio":1,"original_scale":0.6102,"top_margin":-1,"left_margin":0.026},      "vertical_landscape":{"aspect_ratio":1.6, "original_ratio":1,"original_scale":0.4244,"top_margin":0.109,"left_margin":-1},      "horizontal_landscape":{"aspect_ratio":1.6, "original_ratio":1,"original_scale":0.4244,"top_margin":-1,"left_margin":0.026}    },    "mini_freeform_args":{      "vertical_portrait":{"original_ratio":0.25},      "horizontal_portrait":{"original_ratio":0.25},      "vertical_landscape":{"original_ratio":0.25},      "horizontal_landscape":{"original_ratio":0.25}    }  },  "pad_default": {    "freeform_args": {      "vertical_portrait":{"aspect_ratio":0.5625, "original_ratio":0.375,"original_scale":0.835,"top_margin":0.049,"left_margin":0.2775},      "horizontal_portrait":{"aspect_ratio":0.5625, "original_ratio":0.375,"original_scale":0.835,"top_margin":-1,"left_margin":0.6525},      "vertical_landscape":{"aspect_ratio":-1, "original_ratio":1,"original_scale":0.468,"top_margin":0.049,"left_margin":-1},      "horizontal_landscape":{"aspect_ratio":-1, "original_ratio":1,"original_scale":0.468,"top_margin":-1,"left_margin":0.4976}    },    "mini_freeform_args":{      "vertical_portrait":{"original_ratio":0.144},      "horizontal_portrait":{"original_ratio":0.144},      "vertical_landscape":{"original_ratio":0.2},      "horizontal_landscape":{"original_ratio":0.2}    }  }}
2025-09-05 01:01:43.119  8649-8649  MiuiMultiWindowUtils    com.example.gica2025                 D  initFreeFormResolutionArgs failed, device is duchamp
2025-09-05 01:01:43.119  8649-8649  IS_CTS_MODE             com.example.gica2025                 D  false
2025-09-05 01:01:43.119  8649-8649  MULTI_WIND...CH_ENABLED com.example.gica2025                 D  false
2025-09-05 01:01:43.120  8649-8649  InputMethodManager      com.example.gica2025                 D  showSoftInput() view=androidx.compose.ui.platform.AndroidComposeView{f5ce193 VFED..... .F....ID 0,0-1220,2712 aid=1073741824} flags=0 reason=SHOW_SOFT_INPUT_BY_INSETS_API
2025-09-05 01:01:43.147  8649-8649  ImeTracker              com.example.gica2025                 I  com.example.gica2025:d056b2e3: onRequestShow at ORIGIN_CLIENT reason SHOW_SOFT_INPUT fromUser false
2025-09-05 01:01:43.147  8649-8649  InputMethodManager      com.example.gica2025                 D  showSoftInput() view=androidx.compose.ui.platform.AndroidComposeView{f5ce193 VFED..... .F...... 0,0-1220,2712 aid=1073741824} flags=0 reason=SHOW_SOFT_INPUT
2025-09-05 01:01:43.281  8649-8649  InsetsController        com.example.gica2025                 D  show(ime(), fromIme=true)
2025-09-05 01:01:43.282  8649-10437 ViewRootImplStubImpl    com.example.gica2025                 D  requestedTypes: 8
2025-09-05 01:01:43.284  8649-8649  InsetsController        com.example.gica2025                 D  show(ime(), fromIme=true)
2025-09-05 01:01:43.284  8649-8649  ImeTracker              com.example.gica2025                 I  com.example.gica2025:d056b2e3: onCancelled at PHASE_CLIENT_APPLY_ANIMATION
2025-09-05 01:01:43.286  8649-10437 ViewRootImplStubImpl    com.example.gica2025                 D  onAnimationStart
2025-09-05 01:01:43.293  8649-10437 InteractionJankMonitor  com.example.gica2025                 W  Initializing without READ_DEVICE_CONFIG permission. enabled=false, interval=1, missedFrameThreshold=3, frameTimeThreshold=64, package=com.example.gica2025
2025-09-05 01:01:43.324  8649-10437 ViewRootImplStubImpl    com.example.gica2025                 D  onAnimationUpdate, value: 0.0
2025-09-05 01:01:43.328  8649-10437 ViewRootImplStubImpl    com.example.gica2025                 D  onAnimationUpdate, value: 0.011758551
2025-09-05 01:01:43.336  8649-10437 ViewRootImplStubImpl    com.example.gica2025                 D  onAnimationUpdate, value: 0.043460306
2025-09-05 01:01:43.344  8649-10437 ViewRootImplStubImpl    com.example.gica2025                 D  onAnimationUpdate, value: 0.088813186
2025-09-05 01:01:43.353  8649-10437 ViewRootImplStubImpl    com.example.gica2025                 D  onAnimationUpdate, value: 0.14297412
2025-09-05 01:01:43.361  8649-10437 ViewRootImplStubImpl    com.example.gica2025                 D  onAnimationUpdate, value: 0.20216931
2025-09-05 01:01:43.369  8649-10437 ViewRootImplStubImpl    com.example.gica2025                 D  onAnimationUpdate, value: 0.26358983
2025-09-05 01:01:43.378  8649-10437 ViewRootImplStubImpl    com.example.gica2025                 D  onAnimationUpdate, value: 0.32521284
2025-09-05 01:01:43.386  8649-10437 ViewRootImplStubImpl    com.example.gica2025                 D  onAnimationUpdate, value: 0.3854933
2025-09-05 01:01:43.396  8649-10437 ViewRootImplStubImpl    com.example.gica2025                 D  onAnimationUpdate, value: 0.44337904
2025-09-05 01:01:43.402  8649-10437 ViewRootImplStubImpl    com.example.gica2025                 D  onAnimationUpdate, value: 0.49819326
2025-09-05 01:01:43.412  8649-10437 ViewRootImplStubImpl    com.example.gica2025                 D  onAnimationUpdate, value: 0.54948974
2025-09-05 01:01:43.421  8649-10437 ViewRootImplStubImpl    com.example.gica2025                 D  onAnimationUpdate, value: 0.59702986
2025-09-05 01:01:43.429  8649-10437 ViewRootImplStubImpl    com.example.gica2025                 D  onAnimationUpdate, value: 0.6407486
2025-09-05 01:01:43.437  8649-10437 ViewRootImplStubImpl    com.example.gica2025                 D  onAnimationUpdate, value: 0.68068033
2025-09-05 01:01:43.446  8649-10437 ViewRootImplStubImpl    com.example.gica2025                 D  onAnimationUpdate, value: 0.7169426
2025-09-05 01:01:43.454  8649-10437 ViewRootImplStubImpl    com.example.gica2025                 D  onAnimationUpdate, value: 0.7497088
2025-09-05 01:01:43.462  8649-10437 ViewRootImplStubImpl    com.example.gica2025                 D  onAnimationUpdate, value: 0.77919054
2025-09-05 01:01:43.469  8649-10437 ViewRootImplStubImpl    com.example.gica2025                 D  onAnimationUpdate, value: 0.80561334
2025-09-05 01:01:43.478  8649-10437 ViewRootImplStubImpl    com.example.gica2025                 D  onAnimationUpdate, value: 0.82921964
2025-09-05 01:01:43.486  8649-10437 ViewRootImplStubImpl    com.example.gica2025                 D  onAnimationUpdate, value: 0.85024
2025-09-05 01:01:43.495  8649-10437 ViewRootImplStubImpl    com.example.gica2025                 D  onAnimationUpdate, value: 0.8688974
2025-09-05 01:01:43.503  8649-10437 ViewRootImplStubImpl    com.example.gica2025                 D  onAnimationUpdate, value: 0.8854196
2025-09-05 01:01:43.511  8649-10437 ViewRootImplStubImpl    com.example.gica2025                 D  onAnimationUpdate, value: 0.9000163
2025-09-05 01:01:43.520  8649-10437 ViewRootImplStubImpl    com.example.gica2025                 D  onAnimationUpdate, value: 0.912908
2025-09-05 01:01:43.528  8649-10437 ViewRootImplStubImpl    com.example.gica2025                 D  onAnimationUpdate, value: 0.9242422
2025-09-05 01:01:43.537  8649-10437 ViewRootImplStubImpl    com.example.gica2025                 D  onAnimationUpdate, value: 0.93418914
2025-09-05 01:01:43.545  8649-10437 ViewRootImplStubImpl    com.example.gica2025                 D  onAnimationUpdate, value: 0.94290274
2025-09-05 01:01:43.553  8649-10437 ViewRootImplStubImpl    com.example.gica2025                 D  onAnimationUpdate, value: 0.9505221
2025-09-05 01:01:43.562  8649-10437 ViewRootImplStubImpl    com.example.gica2025                 D  onAnimationUpdate, value: 0.9571743
2025-09-05 01:01:43.570  8649-10437 ViewRootImplStubImpl    com.example.gica2025                 D  onAnimationUpdate, value: 0.9629745
2025-09-05 01:01:43.578  8649-10437 ViewRootImplStubImpl    com.example.gica2025                 D  onAnimationUpdate, value: 0.9680232
2025-09-05 01:01:43.586  8649-10437 ViewRootImplStubImpl    com.example.gica2025                 D  onAnimationUpdate, value: 0.97241175
2025-09-05 01:01:43.594  8649-10437 ViewRootImplStubImpl    com.example.gica2025                 D  onAnimationUpdate, value: 0.97622144
2025-09-05 01:01:43.603  8649-10437 ViewRootImplStubImpl    com.example.gica2025                 D  onAnimationUpdate, value: 0.9795252
2025-09-05 01:01:43.612  8649-10437 ViewRootImplStubImpl    com.example.gica2025                 D  onAnimationUpdate, value: 0.9823861
2025-09-05 01:01:43.619  8649-10437 ViewRootImplStubImpl    com.example.gica2025                 D  onAnimationUpdate, value: 0.9848609
2025-09-05 01:01:43.627  8649-10437 ViewRootImplStubImpl    com.example.gica2025                 D  onAnimationUpdate, value: 0.98700017
2025-09-05 01:01:43.636  8649-10437 ViewRootImplStubImpl    com.example.gica2025                 D  onAnimationUpdate, value: 0.9888471
2025-09-05 01:01:43.646  8649-10437 ViewRootImplStubImpl    com.example.gica2025                 D  onAnimationUpdate, value: 0.99044096
2025-09-05 01:01:43.653  8649-10437 ViewRootImplStubImpl    com.example.gica2025                 D  onAnimationUpdate, value: 0.9918138
2025-09-05 01:01:43.661  8649-10437 ViewRootImplStubImpl    com.example.gica2025                 D  onAnimationUpdate, value: 0.9929955
2025-09-05 01:01:43.670  8649-10437 ViewRootImplStubImpl    com.example.gica2025                 D  onAnimationUpdate, value: 0.9940117
2025-09-05 01:01:43.678  8649-10437 ViewRootImplStubImpl    com.example.gica2025                 D  onAnimationUpdate, value: 0.9948845
2025-09-05 01:01:43.686  8649-10437 ViewRootImplStubImpl    com.example.gica2025                 D  onAnimationUpdate, value: 0.9956336
2025-09-05 01:01:43.694  8649-10437 ViewRootImplStubImpl    com.example.gica2025                 D  onAnimationUpdate, value: 0.996276
2025-09-05 01:01:43.702  8649-10437 ViewRootImplStubImpl    com.example.gica2025                 D  onAnimationUpdate, value: 0.9968263
2025-09-05 01:01:43.710  8649-10437 ViewRootImplStubImpl    com.example.gica2025                 D  onAnimationUpdate, value: 0.9972973
2025-09-05 01:01:43.719  8649-10437 ViewRootImplStubImpl    com.example.gica2025                 D  onAnimationUpdate, value: 0.99770004
2025-09-05 01:01:43.728  8649-10437 ViewRootImplStubImpl    com.example.gica2025                 D  onAnimationUpdate, value: 0.99804425
2025-09-05 01:01:43.736  8649-10437 ViewRootImplStubImpl    com.example.gica2025                 D  onAnimationUpdate, value: 0.9983382
2025-09-05 01:01:43.743  8649-10437 ViewRootImplStubImpl    com.example.gica2025                 D  onAnimationUpdate, value: 0.99858904
2025-09-05 01:01:43.752  8649-10437 ViewRootImplStubImpl    com.example.gica2025                 D  onAnimationUpdate, value: 0.9988029
2025-09-05 01:01:43.760  8649-10437 ViewRootImplStubImpl    com.example.gica2025                 D  onAnimationUpdate, value: 1.0
2025-09-05 01:01:43.762  8649-10437 ViewRootImplStubImpl    com.example.gica2025                 D  onAnimationEnd,canceled: false
2025-09-05 01:01:43.766  8649-8649  ImeTracker              com.example.gica2025                 I  com.example.gica2025:51114632: onShown
2025-09-05 01:01:44.745  8649-8649  VRI[MainActivity]       com.example.gica2025                 V  [ANR Warning]Input routeing takes more than 6000ms since 1969-12-31 19:00:00.000, this = com.mediatek.view.impl.ViewDebugManagerImpl@b03268f
2025-09-05 01:01:44.745  8649-8649  VRI[MainActivity]       com.example.gica2025                 V  Input event delivered to android.view.ViewRootImpl$NativePostImeInputStage@2418530 at 2025-09-05 01:01:44.710
2025-09-05 01:01:44.746  8649-8649  VRI[MainActivity]       com.example.gica2025                 V  Input event delivered to android.view.ViewRootImpl$ViewPostImeInputStage@f9a85a9 at 2025-09-05 01:01:44.710
2025-09-05 01:01:44.746  8649-8649  VRI[MainActivity]       com.example.gica2025                 V  Input event delivered to android.view.ViewRootImpl$SyntheticInputStage@33a972e at 2025-09-05 01:01:44.720
2025-09-05 01:01:44.746  8649-8649  VRI[MainActivity]       com.example.gica2025                 V  Input event delivered to android.view.ViewRootImpl$EarlyPostImeInputStage@5444273 at 2025-09-05 01:01:44.703
2025-09-05 01:01:44.748  8649-8649  VRI[MainActivity]       com.example.gica2025                 V  [ANR Warning]Input routeing takes more than 6000ms since 1969-12-31 19:00:00.000, this = com.mediatek.view.impl.ViewDebugManagerImpl@b03268f
2025-09-05 01:01:44.748  8649-8649  VRI[MainActivity]       com.example.gica2025                 V  Input event delivered to android.view.ViewRootImpl$NativePostImeInputStage@2418530 at 2025-09-05 01:01:44.747
2025-09-05 01:01:44.748  8649-8649  VRI[MainActivity]       com.example.gica2025                 V  Input event delivered to android.view.ViewRootImpl$ViewPostImeInputStage@f9a85a9 at 2025-09-05 01:01:44.747
2025-09-05 01:01:44.749  8649-8649  VRI[MainActivity]       com.example.gica2025                 V  Input event delivered to android.view.ViewRootImpl$SyntheticInputStage@33a972e at 2025-09-05 01:01:44.748
2025-09-05 01:01:44.749  8649-8649  VRI[MainActivity]       com.example.gica2025                 V  Input event delivered to android.view.ViewRootImpl$EarlyPostImeInputStage@5444273 at 2025-09-05 01:01:44.747
2025-09-05 01:01:48.912  8649-8649  MIUIInput               com.example.gica2025                 I  [MotionEvent] ViewRootImpl windowName 'com.example.gica2025/com.example.gica2025.MainActivity', { action=ACTION_DOWN, id[0]=0, pointerCount=1, eventTime=946867414, downTime=946867414, phoneEventTime=01:01:48.908 } moveCount:0
2025-09-05 01:01:48.973  8649-8649  MIUIInput               com.example.gica2025                 I  [MotionEvent] ViewRootImpl windowName 'com.example.gica2025/com.example.gica2025.MainActivity', { action=ACTION_UP, id[0]=0, pointerCount=1, eventTime=946867476, downTime=946867414, phoneEventTime=01:01:48.970 } moveCount:0
2025-09-05 01:01:49.016  8649-8649  HandWritingStubImpl     com.example.gica2025                 I  getCurrentKeyboardType: 1
2025-09-05 01:01:49.017  8649-8649  InsetsController        com.example.gica2025                 D  show(ime(), fromIme=false)
2025-09-05 01:01:49.018  8649-8649  ImeTracker              com.example.gica2025                 I  com.example.gica2025:6b99ccd3: onRequestShow at ORIGIN_CLIENT reason SHOW_SOFT_INPUT_BY_INSETS_API fromUser false
2025-09-05 01:01:49.018  8649-8649  ImeTracker              com.example.gica2025                 I  com.example.gica2025:6b99ccd3: onCancelled at PHASE_CLIENT_APPLY_ANIMATION
2025-09-05 01:01:49.039  8649-8649  ImeTracker              com.example.gica2025                 I  com.example.gica2025:cd497d8e: onRequestShow at ORIGIN_CLIENT reason SHOW_SOFT_INPUT fromUser false
2025-09-05 01:01:49.039  8649-8649  InputMethodManager      com.example.gica2025                 D  showSoftInput() view=androidx.compose.ui.platform.AndroidComposeView{f5ce193 VFED..... .F...... 0,0-1220,2712 aid=1073741824} flags=0 reason=SHOW_SOFT_INPUT
2025-09-05 01:01:49.230  8649-8649  InsetsController        com.example.gica2025                 D  show(ime(), fromIme=true)
2025-09-05 01:01:49.230  8649-8649  ImeTracker              com.example.gica2025                 I  com.example.gica2025:20a44fae: onCancelled at PHASE_CLIENT_APPLY_ANIMATION
2025-09-05 01:01:49.230  8649-8649  InsetsController        com.example.gica2025                 D  show(ime(), fromIme=true)
2025-09-05 01:01:49.230  8649-8649  ImeTracker              com.example.gica2025                 I  com.example.gica2025:cd497d8e: onCancelled at PHASE_CLIENT_APPLY_ANIMATION
2025-09-05 01:01:52.184  8649-8649  MIUIInput               com.example.gica2025                 I  [KeyEvent] ViewRootImpl windowName 'com.example.gica2025/com.example.gica2025.MainActivity', KeyEvent { action=ACTION_DOWN, keyCode=KEYCODE_BACK, scanCode=0, metaState=0, flags=0x48, repeatCount=0, eventTime=946870648000000, downTime=946870648000000, deviceId=-1, source=0x101, displayId=0 }, phoneEventTime=01:01:52.142
2025-09-05 01:01:52.187  8649-8649  MIUIInput               com.example.gica2025                 I  [KeyEvent] ViewRootImpl windowName 'com.example.gica2025/com.example.gica2025.MainActivity', KeyEvent { action=ACTION_UP, keyCode=KEYCODE_BACK, scanCode=0, metaState=0, flags=0x48, repeatCount=0, eventTime=946870687000000, downTime=946870648000000, deviceId=-1, source=0x101, displayId=0 }, phoneEventTime=01:01:52.181
2025-09-05 01:01:52.200  8649-8649  InsetsController        com.example.gica2025                 D  hide(ime(), fromIme=true)
2025-09-05 01:01:52.204  8649-10437 ViewRootImplStubImpl    com.example.gica2025                 D  requestedTypes: 8
2025-09-05 01:01:52.210  8649-10437 ViewRootImplStubImpl    com.example.gica2025                 D  onAnimationStart
2025-09-05 01:01:52.218  8649-10437 ViewRootImplStubImpl    com.example.gica2025                 D  onAnimationUpdate, value: 0.0
2025-09-05 01:01:52.227  8649-10437 ViewRootImplStubImpl    com.example.gica2025                 D  onAnimationUpdate, value: 0.013285931
2025-09-05 01:01:52.235  8649-10437 ViewRootImplStubImpl    com.example.gica2025                 D  onAnimationUpdate, value: 0.04880902
2025-09-05 01:01:52.244  8649-10437 ViewRootImplStubImpl    com.example.gica2025                 D  onAnimationUpdate, value: 0.09896064
2025-09-05 01:01:52.251  8649-10437 ViewRootImplStubImpl    com.example.gica2025                 D  onAnimationUpdate, value: 0.15802255
2025-09-05 01:01:52.261  8649-10437 ViewRootImplStubImpl    com.example.gica2025                 D  onAnimationUpdate, value: 0.22175732
2025-09-05 01:01:52.268  8649-10437 ViewRootImplStubImpl    com.example.gica2025                 D  onAnimationUpdate, value: 0.28707188
2025-09-05 01:01:52.277  8649-10437 ViewRootImplStubImpl    com.example.gica2025                 D  onAnimationUpdate, value: 0.35175502
2025-09-05 01:01:52.285  8649-10437 ViewRootImplStubImpl    com.example.gica2025                 D  onAnimationUpdate, value: 0.41427594
2025-09-05 01:01:52.293  8649-10437 ViewRootImplStubImpl    com.example.gica2025                 D  onAnimationUpdate, value: 0.47362337
2025-09-05 01:01:52.301  8649-10437 ViewRootImplStubImpl    com.example.gica2025                 D  onAnimationUpdate, value: 0.5291706
2025-09-05 01:01:52.310  8649-10437 ViewRootImplStubImpl    com.example.gica2025                 D  onAnimationUpdate, value: 0.5805824
2025-09-05 01:01:52.318  8649-10437 ViewRootImplStubImpl    com.example.gica2025                 D  onAnimationUpdate, value: 0.62772423
2025-09-05 01:01:52.326  8649-10437 ViewRootImplStubImpl    com.example.gica2025                 D  onAnimationUpdate, value: 0.6706268
2025-09-05 01:01:52.334  8649-10437 ViewRootImplStubImpl    com.example.gica2025                 D  onAnimationUpdate, value: 0.7094224
2025-09-05 01:01:52.343  8649-10437 ViewRootImplStubImpl    com.example.gica2025                 D  onAnimationUpdate, value: 0.7443101
2025-09-05 01:01:52.351  8649-10437 ViewRootImplStubImpl    com.example.gica2025                 D  onAnimationUpdate, value: 0.77553177
2025-09-05 01:01:52.359  8649-10437 ViewRootImplStubImpl    com.example.gica2025                 D  onAnimationUpdate, value: 0.8033568
2025-09-05 01:01:52.368  8649-10437 ViewRootImplStubImpl    com.example.gica2025                 D  onAnimationUpdate, value: 0.8280646
2025-09-05 01:01:52.380  8649-10437 ViewRootImplStubImpl    com.example.gica2025                 D  onAnimationUpdate, value: 0.8499338
2025-09-05 01:01:52.384  8649-10437 ViewRootImplStubImpl    com.example.gica2025                 D  onAnimationUpdate, value: 0.8692439
2025-09-05 01:01:52.393  8649-10437 ViewRootImplStubImpl    com.example.gica2025                 D  onAnimationUpdate, value: 0.8862417
2025-09-05 01:01:52.402  8649-10437 ViewRootImplStubImpl    com.example.gica2025                 D  onAnimationUpdate, value: 0.9011677
2025-09-05 01:01:52.410  8649-10437 ViewRootImplStubImpl    com.example.gica2025                 D  onAnimationUpdate, value: 0.91424686
2025-09-05 01:01:52.418  8649-10437 ViewRootImplStubImpl    com.example.gica2025                 D  onAnimationUpdate, value: 0.92568576
2025-09-05 01:01:52.427  8649-10437 ViewRootImplStubImpl    com.example.gica2025                 D  onAnimationUpdate, value: 0.93567264
2025-09-05 01:01:52.434  8649-10437 ViewRootImplStubImpl    com.example.gica2025                 D  onAnimationUpdate, value: 0.944376
2025-09-05 01:01:52.443  8649-10437 ViewRootImplStubImpl    com.example.gica2025                 D  onAnimationUpdate, value: 0.95194846
2025-09-05 01:01:52.451  8649-10437 ViewRootImplStubImpl    com.example.gica2025                 D  onAnimationUpdate, value: 0.958528
2025-09-05 01:01:52.460  8649-10437 ViewRootImplStubImpl    com.example.gica2025                 D  onAnimationUpdate, value: 0.96423775
2025-09-05 01:01:52.467  8649-10437 ViewRootImplStubImpl    com.example.gica2025                 D  onAnimationUpdate, value: 0.96918654
2025-09-05 01:01:52.475  8649-10437 ViewRootImplStubImpl    com.example.gica2025                 D  onAnimationUpdate, value: 0.9734716
2025-09-05 01:01:52.485  8649-10437 ViewRootImplStubImpl    com.example.gica2025                 D  onAnimationUpdate, value: 0.9771774
2025-09-05 01:01:52.493  8649-10437 ViewRootImplStubImpl    com.example.gica2025                 D  onAnimationUpdate, value: 0.98038083
2025-09-05 01:01:52.502  8649-10437 ViewRootImplStubImpl    com.example.gica2025                 D  onAnimationUpdate, value: 0.98314524
2025-09-05 01:01:52.509  8649-10437 ViewRootImplStubImpl    com.example.gica2025                 D  onAnimationUpdate, value: 0.9855289
2025-09-05 01:01:52.518  8649-10437 ViewRootImplStubImpl    com.example.gica2025                 D  onAnimationUpdate, value: 0.98758256
2025-09-05 01:01:52.525  8649-10437 ViewRootImplStubImpl    com.example.gica2025                 D  onAnimationUpdate, value: 0.98935056
2025-09-05 01:01:52.535  8649-10437 ViewRootImplStubImpl    com.example.gica2025                 D  onAnimationUpdate, value: 0.99087155
2025-09-05 01:01:52.542  8649-10437 ViewRootImplStubImpl    com.example.gica2025                 D  onAnimationUpdate, value: 0.9921792
2025-09-05 01:01:52.550  8649-10437 ViewRootImplStubImpl    com.example.gica2025                 D  onAnimationUpdate, value: 0.9933027
2025-09-05 01:01:52.559  8649-10437 ViewRootImplStubImpl    com.example.gica2025                 D  onAnimationUpdate, value: 0.9942673
2025-09-05 01:01:52.567  8649-10437 ViewRootImplStubImpl    com.example.gica2025                 D  onAnimationUpdate, value: 0.995095
2025-09-05 01:01:52.576  8649-10437 ViewRootImplStubImpl    com.example.gica2025                 D  onAnimationUpdate, value: 0.995805
2025-09-05 01:01:52.585  8649-10437 ViewRootImplStubImpl    com.example.gica2025                 D  onAnimationUpdate, value: 0.99641377
2025-09-05 01:01:52.593  8649-10437 ViewRootImplStubImpl    com.example.gica2025                 D  onAnimationUpdate, value: 0.99693537
2025-09-05 01:01:52.600  8649-10437 ViewRootImplStubImpl    com.example.gica2025                 D  onAnimationUpdate, value: 0.9973821
2025-09-05 01:01:52.608  8649-10437 ViewRootImplStubImpl    com.example.gica2025                 D  onAnimationUpdate, value: 0.99776447
2025-09-05 01:01:52.617  8649-10437 ViewRootImplStubImpl    com.example.gica2025                 D  onAnimationUpdate, value: 0.9980916
2025-09-05 01:01:52.617  8649-8649  MIUIInput               com.example.gica2025                 I  [MotionEvent] ViewRootImpl windowName 'com.example.gica2025/com.example.gica2025.MainActivity', { action=ACTION_DOWN, id[0]=0, pointerCount=1, eventTime=946871119, downTime=946871119, phoneEventTime=01:01:52.613 } moveCount:0
2025-09-05 01:01:52.625  8649-10437 ViewRootImplStubImpl    com.example.gica2025                 D  onAnimationUpdate, value: 0.99837136
2025-09-05 01:01:52.634  8649-10437 ViewRootImplStubImpl    com.example.gica2025                 D  onAnimationUpdate, value: 0.99861056
2025-09-05 01:01:52.642  8649-10437 ViewRootImplStubImpl    com.example.gica2025                 D  onAnimationUpdate, value: 0.998815
2025-09-05 01:01:52.650  8649-10437 ViewRootImplStubImpl    com.example.gica2025                 D  onAnimationUpdate, value: 1.0
2025-09-05 01:01:52.651  8649-10437 ViewRootImplStubImpl    com.example.gica2025                 D  onAnimationEnd,canceled: false
2025-09-05 01:01:52.653  8649-8649  ImeTracker              com.example.gica2025                 I  com.example.gica2025:ab53340: onRequestHide at ORIGIN_CLIENT reason HIDE_SOFT_INPUT_ON_ANIMATION_STATE_CHANGED fromUser false
2025-09-05 01:01:52.654  8649-8649  ImeTracker              com.example.gica2025                 I  com.google.android.inputmethod.latin:f0871d46: onHidden
2025-09-05 01:01:52.669  8649-8649  MIUIInput               com.example.gica2025                 I  [MotionEvent] ViewRootImpl windowName 'com.example.gica2025/com.example.gica2025.MainActivity', { action=ACTION_UP, id[0]=0, pointerCount=1, eventTime=946871174, downTime=946871119, phoneEventTime=01:01:52.668 } moveCount:0
2025-09-05 01:01:52.672  8649-8649  AuthRepository          com.example.gica2025                 D  Iniciando login para usuario: gicav3
2025-09-05 01:01:52.682  8649-10494 okhttp.OkHttpClient     com.example.gica2025                 I  --> POST https://mushy-dog.localsite.io/wp-json/gicaform/v1/auth/login
2025-09-05 01:01:52.682  8649-10494 okhttp.OkHttpClient     com.example.gica2025                 I  Content-Length: 147
2025-09-05 01:01:52.682  8649-10494 okhttp.OkHttpClient     com.example.gica2025                 I  Authorization: Basic cGFpbnRicnVzaDpoZWFydHk=
2025-09-05 01:01:52.683  8649-10494 okhttp.OkHttpClient     com.example.gica2025                 I  Content-Type: application/json
2025-09-05 01:01:52.683  8649-10494 okhttp.OkHttpClient     com.example.gica2025                 I  Accept: application/json
2025-09-05 01:01:52.684  8649-10494 okhttp.OkHttpClient     com.example.gica2025                 I  {"device_info":{"app_version":"1.0.0","device_id":"f2953f4f7aca2de8","platform":"android","type":"mobile"},"password":"123456","username":"gicav3"}
2025-09-05 01:01:52.684  8649-10494 okhttp.OkHttpClient     com.example.gica2025                 I  --> END POST (147-byte body)
2025-09-05 01:01:52.723  8649-8649  InsetsController        com.example.gica2025                 D  hide(ime(), fromIme=false)
2025-09-05 01:01:52.724  8649-8649  ImeTracker              com.example.gica2025                 I  com.example.gica2025:18afa2f1: onRequestHide at ORIGIN_CLIENT reason HIDE_SOFT_INPUT_BY_INSETS_API fromUser false
2025-09-05 01:01:52.724  8649-8649  ImeTracker              com.example.gica2025                 I  com.example.gica2025:18afa2f1: onCancelled at PHASE_CLIENT_APPLY_ANIMATION
2025-09-05 01:01:52.724  8649-8649  HandWritingStubImpl     com.example.gica2025                 I  getCurrentKeyboardType: 1
2025-09-05 01:01:53.393  8649-10494 okhttp.OkHttpClient     com.example.gica2025                 I  <-- 404 https://mushy-dog.localsite.io/wp-json/gicaform/v1/auth/login (709ms)
2025-09-05 01:01:53.394  8649-10494 okhttp.OkHttpClient     com.example.gica2025                 I  date: Fri, 05 Sep 2025 06:01:53 GMT
2025-09-05 01:01:53.394  8649-10494 okhttp.OkHttpClient     com.example.gica2025                 I  content-length: 3
2025-09-05 01:01:53.394  8649-10494 okhttp.OkHttpClient     com.example.gica2025                 I  strict-transport-security: max-age=15724800; includeSubDomains
2025-09-05 01:01:53.394  8649-10494 okhttp.OkHttpClient     com.example.gica2025                 I  404
2025-09-05 01:01:53.394  8649-10494 okhttp.OkHttpClient     com.example.gica2025                 I  <-- END HTTP (3-byte body)
2025-09-05 01:01:53.395  8649-8649  AuthRepository          com.example.gica2025                 D  Respuesta HTTP: 404 - 
2025-09-05 01:01:53.396  8649-8649  AuthRepository          com.example.gica2025                 E  Error body: 404