2025-09-05 00:11:54.715 26921-28120 okhttp.OkHttpClient     com.example.gica2025                 I  x-forwarded-host: solid-plot.localsite.io
2025-09-05 00:11:54.715 26921-28120 okhttp.OkHttpClient     com.example.gica2025                 I  x-forwarded-port: 443
2025-09-05 00:11:54.715 26921-28120 okhttp.OkHttpClient     com.example.gica2025                 I  x-forwarded-proto: https
2025-09-05 00:11:54.715 26921-28120 okhttp.OkHttpClient     com.example.gica2025                 I  x-forwarded-scheme: https
2025-09-05 00:11:54.715 26921-28120 okhttp.OkHttpClient     com.example.gica2025                 I  x-scheme: https
2025-09-05 00:11:54.715 26921-28120 okhttp.OkHttpClient     com.example.gica2025                 I  authorization: Basic bmVpZ2hib3JseTpjdXNoaW9u
2025-09-05 00:11:54.715 26921-28120 okhttp.OkHttpClient     com.example.gica2025                 I  accept-encoding: gzip
2025-09-05 00:11:54.715 26921-28120 okhttp.OkHttpClient     com.example.gica2025                 I  user-agent: okhttp/4.12.0
2025-09-05 00:11:54.715 26921-28120 okhttp.OkHttpClient     com.example.gica2025                 I  x-tunnel-uuid: 91a75843-d3d6-46c7-8415-9be463439d21
2025-09-05 00:11:54.715 26921-28120 okhttp.OkHttpClient     com.example.gica2025                 I  www-authenticate: Basic
2025-09-05 00:11:54.715 26921-28120 okhttp.OkHttpClient     com.example.gica2025                 I  strict-transport-security: max-age=15724800; includeSubDomains
2025-09-05 00:11:54.715 26921-28120 okhttp.OkHttpClient     com.example.gica2025                 I  action=gica_mobile_register_token&api_key=gica_mobile_2024&fcm_token=cD44GwQ3Ta-hoYVhwlrfLL%3AAPA91bFxRb8SG9Kn4PSJGGVhlqM9W6p5WN3UkUWQ8aBt54dyFUt-y8sOlUk4t0H70lokE5RK9ept3s0Jz_YK94Vlf58KwDRfq9Y6cUJdIM5NzkEV7YIvJUU&device_id=f2953f4f7aca2de8&device_info=Xiaomi%202311DRK48G%20%28Android%2015%29&app_version=1.0&user_id=
2025-09-05 00:11:54.715 26921-28120 okhttp.OkHttpClient     com.example.gica2025                 I  <-- END HTTP (318-byte body)
2025-09-05 00:11:54.717 26921-28117 MainActivity            com.example.gica2025                 E  âŒ Error HTTP: 401 - 
2025-09-05 00:11:54.717 26921-28117 MainActivity            com.example.gica2025                 E  âŒ URL: https://solid-plot.localsite.io/wp-content/plugins/GICAACCOUNT/mobile-api-public.php
2025-09-05 00:11:54.718 26921-28117 MainActivity            com.example.gica2025                 E  âŒ Headers: date: Fri, 05 Sep 2025 05:11:55 GMT
                                                                                                    content-type: application/x-www-form-urlencoded
                                                                                                    content-length: 318
                                                                                                    x-request-id: 9ff4c86496018ce9360afc0c17dfae9a
                                                                                                    x-real-ip: 179.7.110.102
                                                                                                    x-forwarded-for: 179.7.110.102
                                                                                                    x-forwarded-host: solid-plot.localsite.io
                                                                                                    x-forwarded-port: 443
                                                                                                    x-forwarded-proto: https
                                                                                                    x-forwarded-scheme: https
                                                                                                    x-scheme: https
                                                                                                    authorization: â–ˆâ–ˆ
                                                                                                    accept-encoding: gzip
                                                                                                    user-agent: okhttp/4.12.0
                                                                                                    x-tunnel-uuid: 91a75843-d3d6-46c7-8415-9be463439d21
                                                                                                    www-authenticate: Basic
                                                                                                    strict-transport-security: max-age=15724800; includeSubDomains
2025-09-05 00:11:54.718 26921-28117 MainActivity            com.example.gica2025                 E  âŒ Error body: action=gica_mobile_register_token&api_key=gica_mobile_2024&fcm_token=cD44GwQ3Ta-hoYVhwlrfLL%3AAPA91bFxRb8SG9Kn4PSJGGVhlqM9W6p5WN3UkUWQ8aBt54dyFUt-y8sOlUk4t0H70lokE5RK9ept3s0Jz_YK94Vlf58KwDRfq9Y6cUJdIM5NzkEV7YIvJUU&device_id=f2953f4f7aca2de8&device_info=Xiaomi%202311DRK48G%20%28Android%2015%29&app_version=1.0&user_id=
2025-09-05 00:11:54.718 26921-28117 MainActivity            com.example.gica2025                 E  ðŸ” PROBLEMA: WordPress requiere autenticaciÃ³n diferente
2025-09-05 00:11:55.245 26921-28102 libc                    com.example.gica2025                 W  Access denied finding property "ro.vendor.display.iris_x7.support"
2025-09-05 00:11:58.416 26921-26921 CompatChangeReporter    com.example.gica2025                 D  Compat change id reported: 289878283; UID 10436; state: ENABLED
2025-09-05 00:11:58.531 26921-26921 UserSceneDetector       com.example.gica2025                 D  invoke error.
2025-09-05 00:11:58.912 26921-28164 ProfileInstaller        com.example.gica2025                 D  Installing profile for com.example.gica2025
2025-09-05 00:11:59.190 26921-28102 xample.gica2025         com.example.gica2025                 E  FrameInsert open fail: No such file or directory
2025-09-05 00:12:08.837 26921-26921 MIUIInput               com.example.gica2025                 I  [MotionEvent] ViewRootImpl windowName 'com.example.gica2025/com.example.gica2025.MainActivity', { action=ACTION_DOWN, id[0]=0, pointerCount=1, eventTime=943887335, downTime=943887335, phoneEventTime=00:12:08.830 } moveCount:0
2025-09-05 00:12:08.877 26921-26921 MIUIInput               com.example.gica2025                 I  [MotionEvent] ViewRootImpl windowName 'com.example.gica2025/com.example.gica2025.MainActivity', { action=ACTION_UP, id[0]=0, pointerCount=1, eventTime=943887379, downTime=943887335, phoneEventTime=00:12:08.873 } moveCount:0
2025-09-05 00:12:08.916 26921-26921 HandWritingStubImpl     com.example.gica2025                 I  refreshLastKeyboardType: 1
2025-09-05 00:12:08.917 26921-26921 HandWritingStubImpl     com.example.gica2025                 I  getCurrentKeyboardType: 1
2025-09-05 00:12:08.919 26921-26921 HandWritingStubImpl     com.example.gica2025                 I  getCurrentKeyboardType: 1
2025-09-05 00:12:08.920 26921-26921 InsetsController        com.example.gica2025                 D  show(ime(), fromIme=false)
2025-09-05 00:12:08.921 26921-26921 ImeTracker              com.example.gica2025                 I  com.example.gica2025:4de581d6: onRequestShow at ORIGIN_CLIENT reason SHOW_SOFT_INPUT_BY_INSETS_API fromUser false
2025-09-05 00:12:08.927 26921-26921 MiuiMultiWindowUtils    com.example.gica2025                 D  freeform resolution args raw data:{  "wide_default":{    "freeform_args": {        "vertical_portrait":{"aspect_ratio":0.626, "original_ratio":0.5643,"original_scale":0.74,"top_margin":0.168,"left_margin":0.484},        "horizontal_portrait":{"aspect_ratio":0.626, "original_ratio":0.5643,"original_scale":0.74,"top_margin":0.1222,"left_margin":0.59745},        "vertical_landscape":{"aspect_ratio":1.6, "original_ratio":1,"original_scale":0.604,"top_margin":0.2596,"left_margin":0.2624},        "horizontal_landscape":{"aspect_ratio":1.6, "original_ratio":1,"original_scale":0.604,"top_margin":0.213,"left_margin":0.3758}    },    "mini_freeform_args":{        "vertical_portrait":{"original_ratio":0.147},        "horizontal_portrait":{"original_ratio":0.147},        "vertical_landscape":{"original_ratio":0.165},        "horizontal_landscape":{"original_ratio":0.165}    }  },  "narrow_default": {    "freeform_args": {        "vertical_portrait":{"aspect_ratio":0.626, "original_ratio":1,"original_scale":0.74,"top_margin":0.0753,"left_margin":-1},        "horizontal_portrait":{"aspect_ratio":0.626, "original_ratio":1,"original_scale":0.5756,"top_margin":-1,"left_margin":0.0753},        "vertical_landscape":{"aspect_ratio":1.6, "original_ratio":0.6847,"original_scale":0.587,"top_margin":0.0753,"left_margin":-1},        "horizontal_landscape":{"aspect_ratio":1.6, "original_ratio":0.6847,"original_scale":0.587,"top_margin":-1,"left_margin":0.0753}    },    "mini_freeform_args":{        "vertical_portrait":{"original_ratio":0.26},        "horizontal_portrait":{"original_ratio":0.26},        "vertical_landscape":{"original_ratio":0.293},        "horizontal_landscape":{"original_ratio":0.293}    }  },  "regular_default": {    "freeform_args": {      "vertical_portrait":{"aspect_ratio":0.625, "original_ratio":1,"original_scale":0.7,"top_margin":0.109,"left_margin":-1},      "horizontal_portrait":{"aspect_ratio":0.6667, "original_ratio":1,"original_scale":0.6102,"top_margin":-1,"left_margin":0.026},      "vertical_landscape":{"aspect_ratio":1.6, "original_ratio":1,"original_scale":0.4244,"top_margin":0.109,"left_margin":-1},      "horizontal_landscape":{"aspect_ratio":1.6, "original_ratio":1,"original_scale":0.4244,"top_margin":-1,"left_margin":0.026}    },    "mini_freeform_args":{      "vertical_portrait":{"original_ratio":0.25},      "horizontal_portrait":{"original_ratio":0.25},      "vertical_landscape":{"original_ratio":0.25},      "horizontal_landscape":{"original_ratio":0.25}    }  },  "pad_default": {    "freeform_args": {      "vertical_portrait":{"aspect_ratio":0.5625, "original_ratio":0.375,"original_scale":0.835,"top_margin":0.049,"left_margin":0.2775},      "horizontal_portrait":{"aspect_ratio":0.5625, "original_ratio":0.375,"original_scale":0.835,"top_margin":-1,"left_margin":0.6525},      "vertical_landscape":{"aspect_ratio":-1, "original_ratio":1,"original_scale":0.468,"top_margin":0.049,"left_margin":-1},      "horizontal_landscape":{"aspect_ratio":-1, "original_ratio":1,"original_scale":0.468,"top_margin":-1,"left_margin":0.4976}    },    "mini_freeform_args":{      "vertical_portrait":{"original_ratio":0.144},      "horizontal_portrait":{"original_ratio":0.144},      "vertical_landscape":{"original_ratio":0.2},      "horizontal_landscape":{"original_ratio":0.2}    }  }}
2025-09-05 00:12:08.927 26921-26921 MiuiMultiWindowUtils    com.example.gica2025                 D  initFreeFormResolutionArgs failed, device is duchamp
2025-09-05 00:12:08.927 26921-26921 IS_CTS_MODE             com.example.gica2025                 D  false
2025-09-05 00:12:08.927 26921-26921 MULTI_WIND...CH_ENABLED com.example.gica2025                 D  false
2025-09-05 00:12:08.929 26921-26921 InputMethodManager      com.example.gica2025                 D  showSoftInput() view=androidx.compose.ui.platform.AndroidComposeView{e1e98ce VFED..... .F....ID 0,0-1220,2712 aid=1073741824} flags=0 reason=SHOW_SOFT_INPUT_BY_INSETS_API
2025-09-05 00:12:08.954 26921-26921 ImeTracker              com.example.gica2025                 I  com.example.gica2025:80e6b50a: onRequestShow at ORIGIN_CLIENT reason SHOW_SOFT_INPUT fromUser false
2025-09-05 00:12:08.955 26921-26921 InputMethodManager      com.example.gica2025                 D  showSoftInput() view=androidx.compose.ui.platform.AndroidComposeView{e1e98ce VFED..... .F...... 0,0-1220,2712 aid=1073741824} flags=0 reason=SHOW_SOFT_INPUT
2025-09-05 00:12:09.070 26921-26921 InsetsController        com.example.gica2025                 D  show(ime(), fromIme=true)
2025-09-05 00:12:09.074 26921-28181 ViewRootImplStubImpl    com.example.gica2025                 D  requestedTypes: 8
2025-09-05 00:12:09.079 26921-28181 ViewRootImplStubImpl    com.example.gica2025                 D  onAnimationStart
2025-09-05 00:12:09.083 26921-28181 InteractionJankMonitor  com.example.gica2025                 W  Initializing without READ_DEVICE_CONFIG permission. enabled=false, interval=1, missedFrameThreshold=3, frameTimeThreshold=64, package=com.example.gica2025
2025-09-05 00:12:09.103 26921-26921 InsetsController        com.example.gica2025                 D  show(ime(), fromIme=true)
2025-09-05 00:12:09.103 26921-26921 ImeTracker              com.example.gica2025                 I  com.example.gica2025:80e6b50a: onCancelled at PHASE_CLIENT_APPLY_ANIMATION
2025-09-05 00:12:09.124 26921-28181 ViewRootImplStubImpl    com.example.gica2025                 D  onAnimationUpdate, value: 0.0
2025-09-05 00:12:09.129 26921-28181 ViewRootImplStubImpl    com.example.gica2025                 D  onAnimationUpdate, value: 0.011752442
2025-09-05 00:12:09.137 26921-28181 ViewRootImplStubImpl    com.example.gica2025                 D  onAnimationUpdate, value: 0.04347158
2025-09-05 00:12:09.145 26921-28181 ViewRootImplStubImpl    com.example.gica2025                 D  onAnimationUpdate, value: 0.08882457
2025-09-05 00:12:09.154 26921-28181 ViewRootImplStubImpl    com.example.gica2025                 D  onAnimationUpdate, value: 0.14293793
2025-09-05 00:12:09.163 26921-28181 ViewRootImplStubImpl    com.example.gica2025                 D  onAnimationUpdate, value: 0.2020815
2025-09-05 00:12:09.171 26921-28181 ViewRootImplStubImpl    com.example.gica2025                 D  onAnimationUpdate, value: 0.2634591
2025-09-05 00:12:09.179 26921-28181 ViewRootImplStubImpl    com.example.gica2025                 D  onAnimationUpdate, value: 0.32500204
2025-09-05 00:12:09.187 26921-28181 ViewRootImplStubImpl    com.example.gica2025                 D  onAnimationUpdate, value: 0.38522014
2025-09-05 00:12:09.196 26921-28181 ViewRootImplStubImpl    com.example.gica2025                 D  onAnimationUpdate, value: 0.44306326
2025-09-05 00:12:09.205 26921-28181 ViewRootImplStubImpl    com.example.gica2025                 D  onAnimationUpdate, value: 0.49784026
2025-09-05 00:12:09.213 26921-28181 ViewRootImplStubImpl    com.example.gica2025                 D  onAnimationUpdate, value: 0.5491147
2025-09-05 00:12:09.220 26921-28181 ViewRootImplStubImpl    com.example.gica2025                 D  onAnimationUpdate, value: 0.59666294
2025-09-05 00:12:09.230 26921-28181 ViewRootImplStubImpl    com.example.gica2025                 D  onAnimationUpdate, value: 0.6404125
2025-09-05 00:12:09.237 26921-28181 ViewRootImplStubImpl    com.example.gica2025                 D  onAnimationUpdate, value: 0.68039316
2025-09-05 00:12:09.247 26921-28181 ViewRootImplStubImpl    com.example.gica2025                 D  onAnimationUpdate, value: 0.71671706
2025-09-05 00:12:09.254 26921-28181 ViewRootImplStubImpl    com.example.gica2025                 D  onAnimationUpdate, value: 0.74954844
2025-09-05 00:12:09.263 26921-28181 ViewRootImplStubImpl    com.example.gica2025                 D  onAnimationUpdate, value: 0.7790913
2025-09-05 00:12:09.272 26921-28181 ViewRootImplStubImpl    com.example.gica2025                 D  onAnimationUpdate, value: 0.80557984
2025-09-05 00:12:09.279 26921-28181 ViewRootImplStubImpl    com.example.gica2025                 D  onAnimationUpdate, value: 0.82923955
2025-09-05 00:12:09.288 26921-28181 ViewRootImplStubImpl    com.example.gica2025                 D  onAnimationUpdate, value: 0.85030824
2025-09-05 00:12:09.296 26921-28181 ViewRootImplStubImpl    com.example.gica2025                 D  onAnimationUpdate, value: 0.8690045
2025-09-05 00:12:09.304 26921-28181 ViewRootImplStubImpl    com.example.gica2025                 D  onAnimationUpdate, value: 0.88555616
2025-09-05 00:12:09.312 26921-28181 ViewRootImplStubImpl    com.example.gica2025                 D  onAnimationUpdate, value: 0.90016943
2025-09-05 00:12:09.321 26921-28181 ViewRootImplStubImpl    com.example.gica2025                 D  onAnimationUpdate, value: 0.9130433
2025-09-05 00:12:09.328 26921-28181 ViewRootImplStubImpl    com.example.gica2025                 D  onAnimationUpdate, value: 0.92436355
2025-09-05 00:12:09.338 26921-28181 ViewRootImplStubImpl    com.example.gica2025                 D  onAnimationUpdate, value: 0.9342953
2025-09-05 00:12:09.346 26921-28181 ViewRootImplStubImpl    com.example.gica2025                 D  onAnimationUpdate, value: 0.94299555
2025-09-05 00:12:09.355 26921-28181 ViewRootImplStubImpl    com.example.gica2025                 D  onAnimationUpdate, value: 0.95060223
2025-09-05 00:12:09.362 26921-28181 ViewRootImplStubImpl    com.example.gica2025                 D  onAnimationUpdate, value: 0.95724386
2025-09-05 00:12:09.370 26921-28181 ViewRootImplStubImpl    com.example.gica2025                 D  onAnimationUpdate, value: 0.9630335
2025-09-05 00:12:09.379 26921-28181 ViewRootImplStubImpl    com.example.gica2025                 D  onAnimationUpdate, value: 0.9680724
2025-09-05 00:12:09.387 26921-28181 ViewRootImplStubImpl    com.example.gica2025                 D  onAnimationUpdate, value: 0.97245264
2025-09-05 00:12:09.395 26921-28181 ViewRootImplStubImpl    com.example.gica2025                 D  onAnimationUpdate, value: 0.97625595
2025-09-05 00:12:09.404 26921-28181 ViewRootImplStubImpl    com.example.gica2025                 D  onAnimationUpdate, value: 0.9795535
2025-09-05 00:12:09.412 26921-28181 ViewRootImplStubImpl    com.example.gica2025                 D  onAnimationUpdate, value: 0.98240983
2025-09-05 00:12:09.420 26921-28181 ViewRootImplStubImpl    com.example.gica2025                 D  onAnimationUpdate, value: 0.9848809
2025-09-05 00:12:09.428 26921-28181 ViewRootImplStubImpl    com.example.gica2025                 D  onAnimationUpdate, value: 0.9870165
2025-09-05 00:12:09.437 26921-28181 ViewRootImplStubImpl    com.example.gica2025                 D  onAnimationUpdate, value: 0.98886013
2025-09-05 00:12:09.445 26921-28181 ViewRootImplStubImpl    com.example.gica2025                 D  onAnimationUpdate, value: 0.99045026
2025-09-05 00:12:09.453 26921-28181 ViewRootImplStubImpl    com.example.gica2025                 D  onAnimationUpdate, value: 0.9918206
2025-09-05 00:12:09.461 26921-28181 ViewRootImplStubImpl    com.example.gica2025                 D  onAnimationUpdate, value: 0.9930001
2025-09-05 00:12:09.470 26921-28181 ViewRootImplStubImpl    com.example.gica2025                 D  onAnimationUpdate, value: 0.9940145
2025-09-05 00:12:09.478 26921-28181 ViewRootImplStubImpl    com.example.gica2025                 D  onAnimationUpdate, value: 0.99488604
2025-09-05 00:12:09.487 26921-28181 ViewRootImplStubImpl    com.example.gica2025                 D  onAnimationUpdate, value: 0.9956344
2025-09-05 00:12:09.495 26921-28181 ViewRootImplStubImpl    com.example.gica2025                 D  onAnimationUpdate, value: 0.99627614
2025-09-05 00:12:09.504 26921-28181 ViewRootImplStubImpl    com.example.gica2025                 D  onAnimationUpdate, value: 0.9968261
2025-09-05 00:12:09.512 26921-28181 ViewRootImplStubImpl    com.example.gica2025                 D  onAnimationUpdate, value: 0.9972969
2025-09-05 00:12:09.520 26921-28181 ViewRootImplStubImpl    com.example.gica2025                 D  onAnimationUpdate, value: 0.9976997
2025-09-05 00:12:09.529 26921-28181 ViewRootImplStubImpl    com.example.gica2025                 D  onAnimationUpdate, value: 0.9980439
2025-09-05 00:12:09.538 26921-28181 ViewRootImplStubImpl    com.example.gica2025                 D  onAnimationUpdate, value: 0.99833786
2025-09-05 00:12:09.546 26921-28181 ViewRootImplStubImpl    com.example.gica2025                 D  onAnimationUpdate, value: 0.99858874
2025-09-05 00:12:09.554 26921-28181 ViewRootImplStubImpl    com.example.gica2025                 D  onAnimationUpdate, value: 0.99880266
2025-09-05 00:12:09.561 26921-28181 ViewRootImplStubImpl    com.example.gica2025                 D  onAnimationUpdate, value: 1.0
2025-09-05 00:12:09.563 26921-28181 ViewRootImplStubImpl    com.example.gica2025                 D  onAnimationEnd,canceled: false
2025-09-05 00:12:09.566 26921-26921 ImeTracker              com.example.gica2025                 I  com.example.gica2025:4de581d6: onShown
2025-09-05 00:12:11.866 26921-26921 MIUIInput               com.example.gica2025                 I  [MotionEvent] ViewRootImpl windowName 'com.example.gica2025/com.example.gica2025.MainActivity', { action=ACTION_DOWN, id[0]=0, pointerCount=1, eventTime=943890367, downTime=943890367, phoneEventTime=00:12:11.862 } moveCount:0
2025-09-05 00:12:11.928 26921-26921 MIUIInput               com.example.gica2025                 I  [MotionEvent] ViewRootImpl windowName 'com.example.gica2025/com.example.gica2025.MainActivity', { action=ACTION_UP, id[0]=0, pointerCount=1, eventTime=943890429, downTime=943890367, phoneEventTime=00:12:11.923 } moveCount:0
2025-09-05 00:12:11.971 26921-26921 HandWritingStubImpl     com.example.gica2025                 I  getCurrentKeyboardType: 1
2025-09-05 00:12:11.972 26921-26921 InsetsController        com.example.gica2025                 D  show(ime(), fromIme=false)
2025-09-05 00:12:11.973 26921-26921 ImeTracker              com.example.gica2025                 I  com.example.gica2025:22747512: onRequestShow at ORIGIN_CLIENT reason SHOW_SOFT_INPUT_BY_INSETS_API fromUser false
2025-09-05 00:12:11.973 26921-26921 ImeTracker              com.example.gica2025                 I  com.example.gica2025:22747512: onCancelled at PHASE_CLIENT_APPLY_ANIMATION
2025-09-05 00:12:11.996 26921-26921 ImeTracker              com.example.gica2025                 I  com.example.gica2025:f987d29f: onRequestShow at ORIGIN_CLIENT reason SHOW_SOFT_INPUT fromUser false
2025-09-05 00:12:11.997 26921-26921 InputMethodManager      com.example.gica2025                 D  showSoftInput() view=androidx.compose.ui.platform.AndroidComposeView{e1e98ce VFED..... .F...... 0,0-1220,2712 aid=1073741824} flags=0 reason=SHOW_SOFT_INPUT
2025-09-05 00:12:12.189 26921-26921 InsetsController        com.example.gica2025                 D  show(ime(), fromIme=true)
2025-09-05 00:12:12.189 26921-26921 ImeTracker              com.example.gica2025                 I  com.example.gica2025:585d962c: onCancelled at PHASE_CLIENT_APPLY_ANIMATION
2025-09-05 00:12:12.190 26921-26921 InsetsController        com.example.gica2025                 D  show(ime(), fromIme=true)
2025-09-05 00:12:12.190 26921-26921 ImeTracker              com.example.gica2025                 I  com.example.gica2025:f987d29f: onCancelled at PHASE_CLIENT_APPLY_ANIMATION
2025-09-05 00:12:15.059 26921-26921 AuthRepository          com.example.gica2025                 D  Iniciando login para usuario: lammy
2025-09-05 00:12:15.071 26921-26921 InsetsController        com.example.gica2025                 D  hide(ime(), fromIme=false)
2025-09-05 00:12:15.072 26921-26921 ImeTracker              com.example.gica2025                 I  com.example.gica2025:868587d7: onRequestHide at ORIGIN_CLIENT reason HIDE_SOFT_INPUT_BY_INSETS_API fromUser false
2025-09-05 00:12:15.072 26921-28207 okhttp.OkHttpClient     com.example.gica2025                 I  --> POST https://solid-plot.localsite.io/wp-json/gicaform/v1/auth/login
2025-09-05 00:12:15.073 26921-28207 okhttp.OkHttpClient     com.example.gica2025                 I  Content-Length: 146
2025-09-05 00:12:15.073 26921-26921 ImeTracker              com.example.gica2025                 I  com.example.gica2025:4d88985e: onRequestHide at ORIGIN_CLIENT reason HIDE_SOFT_INPUT_REQUEST_HIDE_WITH_CONTROL fromUser false
2025-09-05 00:12:15.073 26921-28207 okhttp.OkHttpClient     com.example.gica2025                 I  Authorization: Basic bmVpZ2hib3JseTpjdXNoaW9u
2025-09-05 00:12:15.073 26921-28207 okhttp.OkHttpClient     com.example.gica2025                 I  Content-Type: application/json
2025-09-05 00:12:15.073 26921-28207 okhttp.OkHttpClient     com.example.gica2025                 I  Accept: application/json
2025-09-05 00:12:15.074 26921-28207 okhttp.OkHttpClient     com.example.gica2025                 I  {"device_info":{"app_version":"1.0.0","device_id":"f2953f4f7aca2de8","platform":"android","type":"mobile"},"password":"123456","username":"lammy"}
2025-09-05 00:12:15.075 26921-28207 okhttp.OkHttpClient     com.example.gica2025                 I  --> END POST (146-byte body)
2025-09-05 00:12:15.076 26921-28181 ViewRootImplStubImpl    com.example.gica2025                 D  requestedTypes: 8
2025-09-05 00:12:15.083 26921-28181 ViewRootImplStubImpl    com.example.gica2025                 D  onAnimationStart
2025-09-05 00:12:15.143 26921-26921 InsetsController        com.example.gica2025                 D  hide(ime(), fromIme=false)
2025-09-05 00:12:15.144 26921-26921 ImeTracker              com.example.gica2025                 I  com.example.gica2025:2797914f: onRequestHide at ORIGIN_CLIENT reason HIDE_SOFT_INPUT_BY_INSETS_API fromUser false
2025-09-05 00:12:15.144 26921-26921 ImeTracker              com.example.gica2025                 I  com.example.gica2025:2797914f: onCancelled at PHASE_CLIENT_APPLY_ANIMATION
2025-09-05 00:12:15.144 26921-26921 HandWritingStubImpl     com.example.gica2025                 I  getCurrentKeyboardType: 1
2025-09-05 00:12:15.149 26921-26921 RemoteInpu...ectionImpl com.example.gica2025                 W  requestCursorUpdates on inactive InputConnection
2025-09-05 00:12:15.150 26921-28181 ViewRootImplStubImpl    com.example.gica2025                 D  onAnimationUpdate, value: 0.0
2025-09-05 00:12:15.152 26921-26921 InsetsController        com.example.gica2025                 D  hide(ime(), fromIme=true)
2025-09-05 00:12:15.152 26921-26921 ImeTracker              com.example.gica2025                 I  com.example.gica2025:4d88985e: onCancelled at PHASE_CLIENT_APPLY_ANIMATION
2025-09-05 00:12:15.160 26921-28181 ViewRootImplStubImpl    com.example.gica2025                 D  onAnimationUpdate, value: 0.013283262
2025-09-05 00:12:15.164 26921-28181 ViewRootImplStubImpl    com.example.gica2025                 D  onAnimationUpdate, value: 0.048798785
2025-09-05 00:12:15.172 26921-28181 ViewRootImplStubImpl    com.example.gica2025                 D  onAnimationUpdate, value: 0.09893763
2025-09-05 00:12:15.181 26921-28181 ViewRootImplStubImpl    com.example.gica2025                 D  onAnimationUpdate, value: 0.15798569
2025-09-05 00:12:15.190 26921-28181 ViewRootImplStubImpl    com.example.gica2025                 D  onAnimationUpdate, value: 0.2217024
2025-09-05 00:12:15.198 26921-28181 ViewRootImplStubImpl    com.example.gica2025                 D  onAnimationUpdate, value: 0.28698048
2025-09-05 00:12:15.205 26921-28181 ViewRootImplStubImpl    com.example.gica2025                 D  onAnimationUpdate, value: 0.35161635
2025-09-05 00:12:15.215 26921-28181 ViewRootImplStubImpl    com.example.gica2025                 D  onAnimationUpdate, value: 0.41408834
2025-09-05 00:12:15.222 26921-28181 ViewRootImplStubImpl    com.example.gica2025                 D  onAnimationUpdate, value: 0.47340778
2025-09-05 00:12:15.232 26921-28181 ViewRootImplStubImpl    com.example.gica2025                 D  onAnimationUpdate, value: 0.5289549
2025-09-05 00:12:15.239 26921-28181 ViewRootImplStubImpl    com.example.gica2025                 D  onAnimationUpdate, value: 0.58038765
2025-09-05 00:12:15.248 26921-28181 ViewRootImplStubImpl    com.example.gica2025                 D  onAnimationUpdate, value: 0.6275592
2025-09-05 00:12:15.257 26921-28181 ViewRootImplStubImpl    com.example.gica2025                 D  onAnimationUpdate, value: 0.6704876
2025-09-05 00:12:15.266 26921-28181 ViewRootImplStubImpl    com.example.gica2025                 D  onAnimationUpdate, value: 0.709317
2025-09-05 00:12:15.273 26921-28181 ViewRootImplStubImpl    com.example.gica2025                 D  onAnimationUpdate, value: 0.7442303
2025-09-05 00:12:15.280 26921-28181 ViewRootImplStubImpl    com.example.gica2025                 D  onAnimationUpdate, value: 0.77547216
2025-09-05 00:12:15.289 26921-28181 ViewRootImplStubImpl    com.example.gica2025                 D  onAnimationUpdate, value: 0.80332035
2025-09-05 00:12:15.297 26921-28181 ViewRootImplStubImpl    com.example.gica2025                 D  onAnimationUpdate, value: 0.8280494
2025-09-05 00:12:15.306 26921-28181 ViewRootImplStubImpl    com.example.gica2025                 D  onAnimationUpdate, value: 0.8499344
2025-09-05 00:12:15.314 26921-28181 ViewRootImplStubImpl    com.example.gica2025                 D  onAnimationUpdate, value: 0.8692494
2025-09-05 00:12:15.323 26921-28181 ViewRootImplStubImpl    com.example.gica2025                 D  onAnimationUpdate, value: 0.88624984
2025-09-05 00:12:15.332 26921-28181 ViewRootImplStubImpl    com.example.gica2025                 D  onAnimationUpdate, value: 0.90118086
2025-09-05 00:12:15.339 26921-28181 ViewRootImplStubImpl    com.example.gica2025                 D  onAnimationUpdate, value: 0.9142627
2025-09-05 00:12:15.348 26921-28181 ViewRootImplStubImpl    com.example.gica2025                 D  onAnimationUpdate, value: 0.92570347
2025-09-05 00:12:15.356 26921-28181 ViewRootImplStubImpl    com.example.gica2025                 D  onAnimationUpdate, value: 0.9356896
2025-09-05 00:12:15.364 26921-28181 ViewRootImplStubImpl    com.example.gica2025                 D  onAnimationUpdate, value: 0.94439125
2025-09-05 00:12:15.372 26921-28181 ViewRootImplStubImpl    com.example.gica2025                 D  onAnimationUpdate, value: 0.9519618
2025-09-05 00:12:15.380 26921-28181 ViewRootImplStubImpl    com.example.gica2025                 D  onAnimationUpdate, value: 0.958539
2025-09-05 00:12:15.390 26921-28181 ViewRootImplStubImpl    com.example.gica2025                 D  onAnimationUpdate, value: 0.9642463
2025-09-05 00:12:15.397 26921-28181 ViewRootImplStubImpl    com.example.gica2025                 D  onAnimationUpdate, value: 0.9691932
2025-09-05 00:12:15.405 26921-28181 ViewRootImplStubImpl    com.example.gica2025                 D  onAnimationUpdate, value: 0.9734762
2025-09-05 00:12:15.414 26921-28181 ViewRootImplStubImpl    com.example.gica2025                 D  onAnimationUpdate, value: 0.97718
2025-09-05 00:12:15.422 26921-28181 ViewRootImplStubImpl    com.example.gica2025                 D  onAnimationUpdate, value: 0.98038
2025-09-05 00:12:15.431 26921-28181 ViewRootImplStubImpl    com.example.gica2025                 D  onAnimationUpdate, value: 0.98314315
2025-09-05 00:12:15.438 26921-28181 ViewRootImplStubImpl    com.example.gica2025                 D  onAnimationUpdate, value: 0.98552585
2025-09-05 00:12:15.447 26921-28181 ViewRootImplStubImpl    com.example.gica2025                 D  onAnimationUpdate, value: 0.98757875
2025-09-05 00:12:15.456 26921-28181 ViewRootImplStubImpl    com.example.gica2025                 D  onAnimationUpdate, value: 0.9893465
2025-09-05 00:12:15.465 26921-28181 ViewRootImplStubImpl    com.example.gica2025                 D  onAnimationUpdate, value: 0.9908674
2025-09-05 00:12:15.472 26921-28181 ViewRootImplStubImpl    com.example.gica2025                 D  onAnimationUpdate, value: 0.99217504
2025-09-05 00:12:15.480 26921-28181 ViewRootImplStubImpl    com.example.gica2025                 D  onAnimationUpdate, value: 0.99329895
2025-09-05 00:12:15.488 26921-28181 ViewRootImplStubImpl    com.example.gica2025                 D  onAnimationUpdate, value: 0.9942641
2025-09-05 00:12:15.497 26921-28181 ViewRootImplStubImpl    com.example.gica2025                 D  onAnimationUpdate, value: 0.99509245
2025-09-05 00:12:15.505 26921-28181 ViewRootImplStubImpl    com.example.gica2025                 D  onAnimationUpdate, value: 0.995803
2025-09-05 00:12:15.513 26921-28181 ViewRootImplStubImpl    com.example.gica2025                 D  onAnimationUpdate, value: 0.9964122
2025-09-05 00:12:15.521 26921-28181 ViewRootImplStubImpl    com.example.gica2025                 D  onAnimationUpdate, value: 0.9969342
2025-09-05 00:12:15.529 26921-28181 ViewRootImplStubImpl    com.example.gica2025                 D  onAnimationUpdate, value: 0.99738127
2025-09-05 00:12:15.539 26921-28181 ViewRootImplStubImpl    com.example.gica2025                 D  onAnimationUpdate, value: 0.997764
2025-09-05 00:12:15.547 26921-28181 ViewRootImplStubImpl    com.example.gica2025                 D  onAnimationUpdate, value: 0.99809146
2025-09-05 00:12:15.555 26921-28181 ViewRootImplStubImpl    com.example.gica2025                 D  onAnimationUpdate, value: 0.9983715
2025-09-05 00:12:15.564 26921-28181 ViewRootImplStubImpl    com.example.gica2025                 D  onAnimationUpdate, value: 0.99861085
2025-09-05 00:12:15.571 26921-28181 ViewRootImplStubImpl    com.example.gica2025                 D  onAnimationUpdate, value: 0.9988154
2025-09-05 00:12:15.579 26921-28181 ViewRootImplStubImpl    com.example.gica2025                 D  onAnimationUpdate, value: 1.0
2025-09-05 00:12:15.580 26921-28181 ViewRootImplStubImpl    com.example.gica2025                 D  onAnimationEnd,canceled: false
2025-09-05 00:12:15.585 26921-26921 ImeTracker              com.example.gica2025                 I  com.example.gica2025:ecb06910: onRequestHide at ORIGIN_CLIENT reason HIDE_SOFT_INPUT_ON_ANIMATION_STATE_CHANGED fromUser false
2025-09-05 00:12:15.586 26921-26921 ImeTracker              com.example.gica2025                 I  com.example.gica2025:868587d7: onHidden
2025-09-05 00:12:15.861 26921-28207 okhttp.OkHttpClient     com.example.gica2025                 I  <-- 401 https://solid-plot.localsite.io/wp-json/gicaform/v1/auth/login (786ms)
2025-09-05 00:12:15.861 26921-28207 okhttp.OkHttpClient     com.example.gica2025                 I  date: Fri, 05 Sep 2025 05:12:16 GMT
2025-09-05 00:12:15.861 26921-28207 okhttp.OkHttpClient     com.example.gica2025                 I  content-type: application/json; charset=UTF-8
2025-09-05 00:12:15.861 26921-28207 okhttp.OkHttpClient     com.example.gica2025                 I  content-length: 146
2025-09-05 00:12:15.861 26921-28207 okhttp.OkHttpClient     com.example.gica2025                 I  x-request-id: a7bb1e538ef714f71856bf029201a99e
2025-09-05 00:12:15.861 26921-28207 okhttp.OkHttpClient     com.example.gica2025                 I  x-real-ip: 179.7.110.102
2025-09-05 00:12:15.861 26921-28207 okhttp.OkHttpClient     com.example.gica2025                 I  x-forwarded-for: 179.7.110.102
2025-09-05 00:12:15.861 26921-28207 okhttp.OkHttpClient     com.example.gica2025                 I  x-forwarded-host: solid-plot.localsite.io
2025-09-05 00:12:15.861 26921-28207 okhttp.OkHttpClient     com.example.gica2025                 I  x-forwarded-port: 443
2025-09-05 00:12:15.861 26921-28207 okhttp.OkHttpClient     com.example.gica2025                 I  x-forwarded-proto: https
2025-09-05 00:12:15.862 26921-28207 okhttp.OkHttpClient     com.example.gica2025                 I  x-forwarded-scheme: https
2025-09-05 00:12:15.862 26921-28207 okhttp.OkHttpClient     com.example.gica2025                 I  x-scheme: https
2025-09-05 00:12:15.862 26921-28207 okhttp.OkHttpClient     com.example.gica2025                 I  authorization: Basic bmVpZ2hib3JseTpjdXNoaW9u
2025-09-05 00:12:15.862 26921-28207 okhttp.OkHttpClient     com.example.gica2025                 I  accept: application/json
2025-09-05 00:12:15.862 26921-28207 okhttp.OkHttpClient     com.example.gica2025                 I  accept-encoding: gzip
2025-09-05 00:12:15.862 26921-28207 okhttp.OkHttpClient     com.example.gica2025                 I  user-agent: okhttp/4.12.0
2025-09-05 00:12:15.862 26921-28207 okhttp.OkHttpClient     com.example.gica2025                 I  x-tunnel-uuid: 91a75843-d3d6-46c7-8415-9be463439d21
2025-09-05 00:12:15.862 26921-28207 okhttp.OkHttpClient     com.example.gica2025                 I  www-authenticate: Basic
2025-09-05 00:12:15.862 26921-28207 okhttp.OkHttpClient     com.example.gica2025                 I  strict-transport-security: max-age=15724800; includeSubDomains
2025-09-05 00:12:15.865 26921-28207 okhttp.OkHttpClient     com.example.gica2025                 I  {"device_info":{"app_version":"1.0.0","device_id":"f2953f4f7aca2de8","platform":"android","type":"mobile"},"password":"123456","username":"lammy"}
2025-09-05 00:12:15.865 26921-28207 okhttp.OkHttpClient     com.example.gica2025                 I  <-- END HTTP (146-byte body)
2025-09-05 00:12:15.866 26921-26921 AuthRepository          com.example.gica2025                 D  Respuesta HTTP: 401 - 
2025-09-05 00:12:15.866 26921-26921 AuthRepository          com.example.gica2025                 E  Error body: {"device_info":{"app_version":"1.0.0","device_id":"f2953f4f7aca2de8","platform":"android","type":"mobile"},"password":"123456","username":"lammy"}
2025-09-05 00:12:17.087 26921-26921 MIUIInput               com.example.gica2025                 I  [MotionEvent] ViewRootImpl windowName 'com.example.gica2025/com.example.gica2025.MainActivity', { action=ACTION_DOWN, id[0]=0, pointerCount=1, eventTime=943895590, downTime=943895590, phoneEventTime=00:12:17.084 } moveCount:0
2025-09-05 00:12:17.137 26921-28176 PowerHalWrapper         com.example.gica2025                 I  PowerHalWrapper.getInstance 
2025-09-05 00:12:17.140 26921-26921 PowerHalWrapper         com.example.gica2025                 I  PowerHalWrapper.getInstance 
2025-09-05 00:12:17.214 26921-26921 MIUIInput               com.example.gica2025                 I  [MotionEvent] ViewRootImpl windowName 'com.example.gica2025/com.example.gica2025.MainActivity', { action=ACTION_UP, id[0]=0, pointerCount=1, eventTime=943895713, downTime=943895590, phoneEventTime=00:12:17.208 } moveCount:10
2025-09-05 00:12:17.218 26921-26921 ScrollIdentify          com.example.gica2025                 I  on fling
2025-09-05 00:15:40.639  2382-2978  ActivityManagerWrapper  com.mi.android.globallauncher        E  getRecentTasksForceIncludingTaskIdIfValid: getRecentTasks: size=1
                                                                                                     mainTaskId=2216   userId=0   windowMode=1   baseIntent=Intent { act=android.intent.action.MAIN flag=268435456 cmp=ComponentInfo{com.example.gica2025/com.example.gica2025.MainActivity} }
2025-09-05 00:15:40.680  2382-2978  ActivityManagerWrapper  com.mi.android.globallauncher        E  getRecentTasksForceIncludingTaskIdIfValid: getRecentTasks: size=1
                                                                                                     mainTaskId=2216   userId=0   windowMode=1   baseIntent=Intent { act=android.intent.action.MAIN flag=268435456 cmp=ComponentInfo{com.example.gica2025/com.example.gica2025.MainActivity} }
2025-09-05 00:15:40.689  2382-2978  ActivityManagerWrapper  com.mi.android.globallauncher        E  getRecentTasksForceIncludingTaskIdIfValid: getRecentTasks: size=1
                                                                                                     mainTaskId=2216   userId=0   windowMode=1   baseIntent=Intent { act=android.intent.action.MAIN flag=268435456 cmp=ComponentInfo{com.example.gica2025/com.example.gica2025.MainActivity} }
2025-09-05 00:15:40.695  2382-2978  ActivityManagerWrapper  com.mi.android.globallauncher        E  getRecentTasksForceIncludingTaskIdIfValid: getRecentTasks: size=1
                                                                                                     mainTaskId=2216   userId=0   windowMode=1   baseIntent=Intent { act=android.intent.action.MAIN flag=268435456 cmp=ComponentInfo{com.example.gica2025/com.example.gica2025.MainActivity} }
2025-09-05 00:15:40.780 26921-26921 VRI[MainActivity]       com.example.gica2025                 D  visibilityChanged oldVisibility=true newVisibility=false
2025-09-05 00:15:40.794  2382-2978  ActivityManagerWrapper  com.mi.android.globallauncher        E  getRecentTasksForceIncludingTaskIdIfValid: getRecentTasks: size=1
                                                                                                     mainTaskId=2216   userId=0   windowMode=1   baseIntent=Intent { act=android.intent.action.MAIN flag=268435456 cmp=ComponentInfo{com.example.gica2025/com.example.gica2025.MainActivity} }
2025-09-05 00:15:40.801 26921-26921 BLASTBufferQueue        com.example.gica2025                 D  [VRI[MainActivity]#0](f:0,a:1) destructor()
2025-09-05 00:15:40.802 26921-26921 BufferQueueConsumer     com.example.gica2025                 D  [VRI[MainActivity]#0(BLAST Consumer)0](id:692900000000,api:0,p:-1,c:26921) disconnect
2025-09-05 00:15:40.811 26921-26921 ActivityThread          com.example.gica2025                 D  Fail to check app heapsize due to java.lang.NoSuchMethodException: dalvik.system.VMRuntime.getBlockingGcCountForAlloc []
---------------------------- PROCESS ENDED (26921) for package com.example.gica2025 ----------------------------
2025-09-05 00:15:45.391  2382-2382  PreStartUtils           com.mi.android.globallauncher        E  preLaunchProcess success infoPackage: com.example.gica2025
2025-09-05 00:15:48.052 20829-20829 MiuiScanManagerV2       com.xiaomi.bluetooth                 E  Uninstalled package name : com.example.gica2025
2025-09-05 00:15:48.077 24173-24318 PackageUtils            com.miui.guardprovider               E  exception when getPackageInfo :
                                                                                                    android.content.pm.PackageManager$NameNotFoundException: com.example.gica2025
                                                                                                    	at android.app.ApplicationPackageManager.getPackageInfoAsUser(ApplicationPackageManager.java:276)
                                                                                                    	at android.app.ApplicationPackageManager.getPackageInfo(ApplicationPackageManager.java:236)
                                                                                                    	at android.app.ApplicationPackageManager.getPackageInfo(ApplicationPackageManager.java:230)
                                                                                                    	at A1.h.d(Unknown Source:6)
                                                                                                    	at t1.b.b(Unknown Source:13)
                                                                                                    	at com.miui.guardprovider.manager.SecurityService$a.A0(Unknown Source:15)
                                                                                                    	at com.miui.guardprovider.manager.SecurityService$a.z0(Unknown Source:0)
                                                                                                    	at com.miui.guardprovider.manager.a.run(Unknown Source:4)
                                                                                                    	at java.util.concurrent.ThreadPoolExecutor.runWorker(ThreadPoolExecutor.java:1156)
                                                                                                    	at java.util.concurrent.ThreadPoolExecutor$Worker.run(ThreadPoolExecutor.java:651)
                                                                                                    	at java.lang.Thread.run(Thread.java:1119)
2025-09-05 00:15:48.084  1797-1797  SLM-SRV-SLAAppLib       system_server                        E  initBroadcastReceivercom.example.gica2025
2025-09-05 00:15:48.212  2382-9835  InstallApkReceiver      com.mi.android.globallauncher        E  uninstall:package:com.example.gica2025
2025-09-05 00:15:48.334 29018-29289 PhSharedDirectoryWriter com.google.android.gms.persistent    E  Failed to delete the DE shared dir for Android package: com.example.gica2025. [CONTEXT service_id=51 ]
                                                                                                    java.lang.IllegalStateException: Failed to delete directory
                                                                                                    	at gfnf.r(:com.google.android.gms@253434035@25.34.34 (260400-800653487):10)
                                                                                                    	at eipy.a(:com.google.android.gms@253434035@25.34.34 (260400-800653487):130)
                                                                                                    	at com.google.android.gms.phenotype.notification.PackagesChangedIntentOperation.onHandleIntent(:com.google.android.gms@253434035@25.34.34 (260400-800653487):103)
                                                                                                    	at com.google.android.chimera.IntentOperation.onHandleIntent(:com.google.android.gms@253434035@25.34.34 (260400-800653487):2)
                                                                                                    	at awce.onHandleIntent(:com.google.android.gms@253434035@25.34.34 (260400-800653487):8)
                                                                                                    	at wzr.run(:com.google.android.gms@253434035@25.34.34 (260400-800653487):64)
                                                                                                    	at wzq.run(:com.google.android.gms@253434035@25.34.34 (260400-800653487):132)
                                                                                                    	at gdma.run(:com.google.android.gms@253434035@25.34.34 (260400-800653487):21)
                                                                                                    	at java.util.concurrent.ThreadPoolExecutor.runWorker(ThreadPoolExecutor.java:1156)
                                                                                                    	at java.util.concurrent.ThreadPoolExecutor$Worker.run(ThreadPoolExecutor.java:651)
                                                                                                    	at java.lang.Thread.run(Thread.java:1119)
2025-09-05 00:16:25.543  2382-2780  Launcher.AllAppsList    com.mi.android.globallauncher        E  Can't load postion for packageName: com.example.gica2025 activityName: com.example.gica2025.MainActivity
2025-09-05 00:16:25.552  1797-1797  SLM-SRV-SLAAppLib       system_server                        E  initBroadcastReceivercom.example.gica2025
2025-09-05 00:16:26.017  2382-9835  InstallApkReceiver      com.mi.android.globallauncher        E  install:package:com.example.gica2025
2025-09-05 00:16:26.102  2382-2978  ActivityManagerWrapper  com.mi.android.globallauncher        E  getRecentTasksForceIncludingTaskIdIfValid: getRecentTasks: size=2
                                                                                                     mainTaskId=2218   userId=0   windowMode=1   baseIntent=Intent { act=android.intent.action.MAIN flag=268435456 cmp=ComponentInfo{com.example.gica2025/com.example.gica2025.MainActivity} }
                                                                                                     mainTaskId=2217   userId=0   windowMode=1   baseIntent=Intent { act=android.intent.action.VIEW flag=411041792 cmp=ComponentInfo{com.miui.securitycenter/com.miui.permcenter.install.AdbInstallActivity} }
2025-09-05 00:16:26.114 27607-27607 Zygote                  usap64                               E  process_name_ptr:27607 com.example.gica2025
2025-09-05 00:16:26.114 27607-27607 Zygote                  usap64                               E  SetMemoryProtected process_name_ptr:27607 com.example.gica2025
2025-09-05 00:16:26.239  2382-2978  ActivityManagerWrapper  com.mi.android.globallauncher        E  getRecentTasksForceIncludingTaskIdIfValid: getRecentTasks: size=2
                                                                                                     mainTaskId=2218   userId=0   windowMode=1   baseIntent=Intent { act=android.intent.action.MAIN flag=268435456 cmp=ComponentInfo{com.example.gica2025/com.example.gica2025.MainActivity} }
                                                                                                     mainTaskId=2217   userId=0   windowMode=1   baseIntent=Intent { act=android.intent.action.VIEW flag=411041792 cmp=ComponentInfo{com.miui.securitycenter/com.miui.permcenter.install.AdbInstallActivity} }
2025-09-05 00:16:26.312  2382-2978  ActivityManagerWrapper  com.mi.android.globallauncher        E  getRecentTasksForceIncludingTaskIdIfValid: getRecentTasks: size=2
                                                                                                     mainTaskId=2218   userId=0   windowMode=1   baseIntent=Intent { act=android.intent.action.MAIN flag=268435456 cmp=ComponentInfo{com.example.gica2025/com.example.gica2025.MainActivity} }
                                                                                                     mainTaskId=2217   userId=0   windowMode=1   baseIntent=Intent { act=android.intent.action.VIEW flag=411041792 cmp=ComponentInfo{com.miui.securitycenter/com.miui.permcenter.install.AdbInstallActivity} }
---------------------------- PROCESS STARTED (27607) for package com.example.gica2025 ----------------------------
2025-09-05 00:16:26.745 27607-27607 nativeloader            com.example.gica2025                 D  Configuring clns-7 for other apk /data/app/~~xJx7DHeBNdLa_7Qx38WIQw==/com.example.gica2025-xnVeRxoAVNqJWpG5W5oMlQ==/base.apk. target_sdk_version=34, uses_libraries=, library_path=/data/app/~~xJx7DHeBNdLa_7Qx38WIQw==/com.example.gica2025-xnVeRxoAVNqJWpG5W5oMlQ==/lib/arm64:/data/app/~~xJx7DHeBNdLa_7Qx38WIQw==/com.example.gica2025-xnVeRxoAVNqJWpG5W5oMlQ==/base.apk!/lib/arm64-v8a, permitted_path=/data:/mnt/expand:/data/user/0/com.example.gica2025
