                                                                                                    	at com.google.android.gms.phenotype.notification.PackagesChangedIntentOperation.onHandleIntent(:com.google.android.gms@253434035@25.34.34 (260400-800653487):103)
                                                                                                    	at com.google.android.chimera.IntentOperation.onHandleIntent(:com.google.android.gms@253434035@25.34.34 (260400-800653487):2)
                                                                                                    	at awce.onHandleIntent(:com.google.android.gms@253434035@25.34.34 (260400-800653487):8)
                                                                                                    	at wzr.run(:com.google.android.gms@253434035@25.34.34 (260400-800653487):64)
                                                                                                    	at wzq.run(:com.google.android.gms@253434035@25.34.34 (260400-800653487):132)
                                                                                                    	at gdma.run(:com.google.android.gms@253434035@25.34.34 (260400-800653487):21)
                                                                                                    	at java.util.concurrent.ThreadPoolExecutor.runWorker(ThreadPoolExecutor.java:1156)
                                                                                                    	at java.util.concurrent.ThreadPoolExecutor$Worker.run(ThreadPoolExecutor.java:651)
                                                                                                    	at java.lang.Thread.run(Thread.java:1119)
2025-09-05 00:49:23.378  1797-1797  SLM-SRV-SLAAppLib       system_server                        E  initBroadcastReceivercom.example.gica2025
2025-09-05 00:49:23.396  2382-2780  Launcher.AllAppsList    com.mi.android.globallauncher        E  Can't load postion for packageName: com.example.gica2025 activityName: com.example.gica2025.MainActivity
2025-09-05 00:49:23.819  5536-5536  Zygote                  usap64                               E  process_name_ptr:5536 com.example.gica2025
2025-09-05 00:49:23.819  5536-5536  Zygote                  usap64                               E  SetMemoryProtected process_name_ptr:5536 com.example.gica2025
2025-09-05 00:49:23.848  2382-2978  ActivityManagerWrapper  com.mi.android.globallauncher        E  getRecentTasksForceIncludingTaskIdIfValid: getRecentTasks: size=2
                                                                                                     mainTaskId=2225   userId=0   windowMode=1   baseIntent=Intent { act=android.intent.action.MAIN flag=268435456 cmp=ComponentInfo{com.example.gica2025/com.example.gica2025.MainActivity} }
                                                                                                     mainTaskId=2224   userId=0   windowMode=1   baseIntent=Intent { act=android.intent.action.VIEW flag=411041792 cmp=ComponentInfo{com.miui.securitycenter/com.miui.permcenter.install.AdbInstallActivity} }
2025-09-05 00:49:23.853  2382-9835  InstallApkReceiver      com.mi.android.globallauncher        E  install:package:com.example.gica2025
---------------------------- PROCESS STARTED (5536) for package com.example.gica2025 ----------------------------
2025-09-05 00:49:23.910  5536-5536  CompatChangeReporter    com.example.gica2025                 D  Compat change id reported: 242716250; UID 10439; state: ENABLED
2025-09-05 00:49:23.942  2382-2978  ActivityManagerWrapper  com.mi.android.globallauncher        E  getRecentTasksForceIncludingTaskIdIfValid: getRecentTasks: size=2
                                                                                                     mainTaskId=2225   userId=0   windowMode=1   baseIntent=Intent { act=android.intent.action.MAIN flag=268435456 cmp=ComponentInfo{com.example.gica2025/com.example.gica2025.MainActivity} }
                                                                                                     mainTaskId=2224   userId=0   windowMode=1   baseIntent=Intent { act=android.intent.action.VIEW flag=411041792 cmp=ComponentInfo{com.miui.securitycenter/com.miui.permcenter.install.AdbInstallActivity} }
2025-09-05 00:49:23.946  2382-2978  ActivityManagerWrapper  com.mi.android.globallauncher        E  getRecentTasksForceIncludingTaskIdIfValid: getRecentTasks: size=2
                                                                                                     mainTaskId=2225   userId=0   windowMode=1   baseIntent=Intent { act=android.intent.action.MAIN flag=268435456 cmp=ComponentInfo{com.example.gica2025/com.example.gica2025.MainActivity} }
                                                                                                     mainTaskId=2224   userId=0   windowMode=1   baseIntent=Intent { act=android.intent.action.VIEW flag=411041792 cmp=ComponentInfo{com.miui.securitycenter/com.miui.permcenter.install.AdbInstallActivity} }
2025-09-05 00:49:23.965  5536-5536  ActivityThread          com.example.gica2025                 D  setEmbeddedParam packageName=com.example.gica2025 processName=com.example.gica2025 isEmbedded=false isIsolated=false
2025-09-05 00:49:24.398  5536-5536  nativeloader            com.example.gica2025                 D  Configuring clns-7 for other apk /data/app/~~LGWS-Z22PCUA3czNqZMj2g==/com.example.gica2025-lHfHW9vN8DoMzAJLEKu-Ug==/base.apk. target_sdk_version=34, uses_libraries=, library_path=/data/app/~~LGWS-Z22PCUA3czNqZMj2g==/com.example.gica2025-lHfHW9vN8DoMzAJLEKu-Ug==/lib/arm64:/data/app/~~LGWS-Z22PCUA3czNqZMj2g==/com.example.gica2025-lHfHW9vN8DoMzAJLEKu-Ug==/base.apk!/lib/arm64-v8a, permitted_path=/data:/mnt/expand:/data/user/0/com.example.gica2025
2025-09-05 00:49:24.403  5536-5536  GraphicsEnvironment     com.example.gica2025                 V  Currently set values for:
2025-09-05 00:49:24.403  5536-5536  GraphicsEnvironment     com.example.gica2025                 V    angle_gl_driver_selection_pkgs=[com.android.angle, com.linecorp.b612.android, com.campmobile.snow, com.google.android.apps.tachyon]
2025-09-05 00:49:24.403  5536-5536  GraphicsEnvironment     com.example.gica2025                 V    angle_gl_driver_selection_values=[angle, native, native, native]
2025-09-05 00:49:24.403  5536-5536  GraphicsEnvironment     com.example.gica2025                 V  com.example.gica2025 is not listed in per-application setting
2025-09-05 00:49:24.403  5536-5536  GraphicsEnvironment     com.example.gica2025                 V  App is not on the allowlist for updatable production driver.
2025-09-05 00:49:24.404  5536-6933  ActivityThread          com.example.gica2025                 I  TrafficStats init done
2025-09-05 00:49:24.411  5536-6933  ForceDarkHelperStubImpl com.example.gica2025                 I  initialize for com.example.gica2025 , ForceDarkAppConfig: null
2025-09-05 00:49:24.413  5536-6933  nativeloader            com.example.gica2025                 D  Load libforcedarkimpl.so using system ns (caller=/system_ext/framework/miui-framework.jar): ok
2025-09-05 00:49:24.413  5536-6933  HWUI                    com.example.gica2025                 D  JNI_OnLoad success
2025-09-05 00:49:24.413  5536-6933  MiuiForceDarkConfig     com.example.gica2025                 I  setConfig density:3.000000, mainRule:0, secondaryRule:0, tertiaryRule:0
2025-09-05 00:49:24.415  5536-6933  ActivityThread          com.example.gica2025                 I  Miui Feature Init done
2025-09-05 00:49:24.421  5536-5536  FirebaseApp             com.example.gica2025                 I  Device unlocked: initializing all Firebase APIs for app [DEFAULT]
2025-09-05 00:49:24.431  5536-5536  FirebaseInitProvider    com.example.gica2025                 I  FirebaseApp initialization successful
2025-09-05 00:49:24.447  5536-7006  xample.gica2025         com.example.gica2025                 W  ClassLoaderContext classpath size mismatch. expected=1, found=0 (DLC[];PCL[base.apk*2043734926]{PCL[/system/framework/org.apache.http.legacy.jar*4025584831]#PCL[/system/framework/com.android.media.remotedisplay.jar*2042759013]#PCL[/system/framework/com.android.location.provider.jar*3414091812]#PCL[/system_ext/framework/androidx.window.extensions.jar*3059430538]#PCL[/system_ext/framework/androidx.window.sidecar.jar*150681844]} | DLC[];PCL[])
2025-09-05 00:49:24.449  5536-5536  GicaApplication         com.example.gica2025                 D  Inicializando GICA Application...
2025-09-05 00:49:24.449  5536-5536  GicaApplication         com.example.gica2025                 D  âœ… Firebase inicializado correctamente
2025-09-05 00:49:24.450  5536-5536  GicaApplication         com.example.gica2025                 D  âœ… Canal de notificaciÃ³n creado: gica_notifications
2025-09-05 00:49:24.450  5536-5536  GicaApplication         com.example.gica2025                 D  GICA Application inicializada correctamente
2025-09-05 00:49:24.451  5536-7006  DynamiteModule          com.example.gica2025                 I  Considering local module com.google.android.gms.measurement.dynamite:117 and remote module com.google.android.gms.measurement.dynamite:158
2025-09-05 00:49:24.451  5536-7006  DynamiteModule          com.example.gica2025                 I  Selected remote version of com.google.android.gms.measurement.dynamite, version >= 158
2025-09-05 00:49:24.451  5536-7006  DynamiteModule          com.example.gica2025                 V  Dynamite loader version >= 2, using loadModule2NoCrashUtils
2025-09-05 00:49:24.459  5536-5536  libc                    com.example.gica2025                 W  Access denied finding property "ro.vendor.perf.scroll_opt"
2025-09-05 00:49:24.465  5536-5536  nativeloader            com.example.gica2025                 D  Load libpowerhalwrap_jni.so using system ns (caller=/system_ext/framework/mediatek-framework.jar): ok
2025-09-05 00:49:24.465  5536-5536  PowerHalWrapper         com.example.gica2025                 I  PowerHalWrapper.getInstance 
2025-09-05 00:49:24.465  5536-5536  M-ProMotion             com.example.gica2025                 I  M-ProMotion is disabled
2025-09-05 00:49:24.468  5536-5536  UnionPowerNotifier      com.example.gica2025                 D  check_union_power_ioctl -1
2025-09-05 00:49:24.472  5536-5536  FramePredict            com.example.gica2025                 D  FramePredict init: false
2025-09-05 00:49:24.473  5536-7006  System                  com.example.gica2025                 W  ClassLoader referenced unknown path: 
2025-09-05 00:49:24.473  5536-7006  nativeloader            com.example.gica2025                 D  Configuring clns-8 for other apk . target_sdk_version=36, uses_libraries=, library_path=/data/app/~~iHu5ybxu17SKujL8y0ROIg==/com.google.android.gms-YO7wVuOWk2DhIFdqfjStSA==/lib/arm64:/data/app/~~iHu5ybxu17SKujL8y0ROIg==/com.google.android.gms-YO7wVuOWk2DhIFdqfjStSA==/base.apk!/lib/arm64-v8a, permitted_path=/data:/mnt/expand:/data/user/0/com.google.android.gms
2025-09-05 00:49:24.477  5536-6933  ActivityThread          com.example.gica2025                 I  HardwareRenderer preload  done
2025-09-05 00:49:24.481  5536-7024  libc                    com.example.gica2025                 W  Access denied finding property "vendor.migl.debug"
2025-09-05 00:49:24.481  5536-7024  libMiGL                 com.example.gica2025                 I  EnableDR: 0
2025-09-05 00:49:24.481  5536-7024  libMEOW                 com.example.gica2025                 D  meow new tls: 0xb400007ac7d900d0
2025-09-05 00:49:24.481  5536-7024  libMEOW                 com.example.gica2025                 D  meow reload base cfg path: na
2025-09-05 00:49:24.481  5536-7024  libMEOW                 com.example.gica2025                 D  meow reload overlay cfg path: na
2025-09-05 00:49:24.481  5536-7024  QT                      com.example.gica2025                 W  qt_process_init() called
2025-09-05 00:49:24.481  5536-7024  QT                      com.example.gica2025                 E  [QT]file does not exist
2025-09-05 00:49:24.481  5536-7024  QT                      com.example.gica2025                 W  Support!!
2025-09-05 00:49:24.481  5536-7024  libMEOW                 com.example.gica2025                 D  applied 0 plugin for [com.example.gica2025].
2025-09-05 00:49:24.490  2382-2978  ActivityManagerWrapper  com.mi.android.globallauncher        E  getRecentTasksForceIncludingTaskIdIfValid: getRecentTasks: size=2
                                                                                                     mainTaskId=2225   userId=0   windowMode=1   baseIntent=Intent { act=android.intent.action.MAIN flag=268435456 cmp=ComponentInfo{com.example.gica2025/com.example.gica2025.MainActivity} }
                                                                                                     mainTaskId=2224   userId=0   windowMode=1   baseIntent=Intent { act=android.intent.action.VIEW flag=411041792 cmp=ComponentInfo{com.miui.securitycenter/com.miui.permcenter.install.AdbInstallActivity} }
2025-09-05 00:49:24.492  5536-7006  xample.gica2025         com.example.gica2025                 W  ClassLoaderContext classpath element checksum mismatch. expected=2043734926, found=2349678 (DLC[];PCL[base.apk*2043734926]{PCL[/system/framework/org.apache.http.legacy.jar*4025584831]#PCL[/system/framework/com.android.media.remotedisplay.jar*2042759013]#PCL[/system/framework/com.android.location.provider.jar*3414091812]#PCL[/system_ext/framework/androidx.window.extensions.jar*3059430538]#PCL[/system_ext/framework/androidx.window.sidecar.jar*150681844]} | DLC[];PCL[/data/app/~~LGWS-Z22PCUA3czNqZMj2g==/com.example.gica2025-lHfHW9vN8DoMzAJLEKu-Ug==/base.apk*2349678])
2025-09-05 00:49:24.515  5536-5536  MainActivity            com.example.gica2025                 D  ðŸš€ MainActivity iniciada - onCreate()
2025-09-05 00:49:24.515  5536-5536  MainActivity            com.example.gica2025                 D  ðŸ“± Dispositivo: Xiaomi 2311DRK48G
2025-09-05 00:49:24.515  5536-5536  MainActivity            com.example.gica2025                 D  ðŸ¤– Android: 15 (API 35)
2025-09-05 00:49:24.515  5536-5536  MainActivity            com.example.gica2025                 D  ðŸ”” Iniciando proceso de notificaciones...
2025-09-05 00:49:24.515  5536-5536  MainActivity            com.example.gica2025                 D  ðŸ” Verificando permisos de notificaciÃ³n...
2025-09-05 00:49:24.515  5536-5536  MainActivity            com.example.gica2025                 D  ðŸ“± Android 13+ detectado - Verificando POST_NOTIFICATIONS
2025-09-05 00:49:24.516  5536-5536  MainActivity            com.example.gica2025                 D  â“ Solicitando permiso de notificaciones...
2025-09-05 00:49:24.525  5536-7035  xample.gica2025         com.example.gica2025                 I  hiddenapi: Accessing hidden method Ldalvik/system/VMStack;->getStackClass2()Ljava/lang/Class; (runtime_flags=0, domain=core-platform, api=unsupported) from Lm7/aom; (domain=app) using reflection: allowed
2025-09-05 00:49:24.539  5536-7034  xample.gica2025         com.example.gica2025                 E  No package ID 6a found for resource ID 0x6a0b000f.
2025-09-05 00:49:24.540  5536-7034  FA                      com.example.gica2025                 I  App measurement initialized, version: 136000
2025-09-05 00:49:24.540  5536-7034  FA                      com.example.gica2025                 I  To enable debug logging run: adb shell setprop log.tag.FA VERBOSE
2025-09-05 00:49:24.541  5536-7034  FA                      com.example.gica2025                 I  To enable faster debug mode event logging run:
                                                                                                      adb shell setprop debug.firebase.analytics.app com.example.gica2025
2025-09-05 00:49:24.550  5536-5536  libc                    com.example.gica2025                 W  Access denied finding property "ro.vendor.df.effect.conflict"
2025-09-05 00:49:24.552  5536-5536  SecurityManager         com.example.gica2025                 D  checkAccessControl flag0
2025-09-05 00:49:24.554  5536-7019  PowerHalWrapper         com.example.gica2025                 I  PowerHalWrapper.getInstance 
2025-09-05 00:49:24.557  5536-5536  SurfaceFactory          com.example.gica2025                 I  [static] sSurfaceFactory = com.mediatek.view.impl.SurfaceFactoryImpl@f333137
2025-09-05 00:49:24.563  5536-5536  FramePredict            com.example.gica2025                 D  init success
2025-09-05 00:49:24.567  5536-7036  FramePredict            com.example.gica2025                 E  registerContentObserver fail
2025-09-05 00:49:24.568  5536-7024  libc                    com.example.gica2025                 W  Access denied finding property "ro.vendor.display.iris_x7.support"
2025-09-05 00:49:24.571  5536-5536  ForceDarkHelperStubImpl com.example.gica2025                 I  setViewRootImplForceDark: false for com.example.gica2025.MainActivity@277cd95, reason: AppDarkModeEnable
2025-09-05 00:49:24.571  5536-5536  VRI[MainActivity]       com.example.gica2025                 D  hardware acceleration = true, forceHwAccelerated = false
2025-09-05 00:49:24.577  5536-7034  FA                      com.example.gica2025                 I  Tag Manager is not found and thus will not be used
2025-09-05 00:49:24.583  5536-5536  InputEventReceiver      com.example.gica2025                 D  Input log is disabled in InputEventReceiver.
2025-09-05 00:49:24.697  2382-2978  ActivityManagerWrapper  com.mi.android.globallauncher        E  getRecentTasksForceIncludingTaskIdIfValid: getRecentTasks: size=2
                                                                                                     mainTaskId=2225   userId=0   windowMode=1   baseIntent=Intent { act=android.intent.action.MAIN flag=268435456 cmp=ComponentInfo{com.example.gica2025/com.example.gica2025.MainActivity} }
                                                                                                     mainTaskId=2224   userId=0   windowMode=1   baseIntent=Intent { act=android.intent.action.VIEW flag=411041792 cmp=ComponentInfo{com.miui.securitycenter/com.miui.permcenter.install.AdbInstallActivity} }
2025-09-05 00:49:24.708  2382-2978  ActivityManagerWrapper  com.mi.android.globallauncher        E  getRecentTasksForceIncludingTaskIdIfValid: getRecentTasks: size=2
                                                                                                     mainTaskId=2225   userId=0   windowMode=1   baseIntent=Intent { act=android.intent.action.MAIN flag=268435456 cmp=ComponentInfo{com.example.gica2025/com.example.gica2025.MainActivity} }
                                                                                                     mainTaskId=2224   userId=0   windowMode=1   baseIntent=Intent { act=android.intent.action.VIEW flag=411041792 cmp=ComponentInfo{com.miui.securitycenter/com.miui.permcenter.install.AdbInstallActivity} }
2025-09-05 00:49:24.721  2382-2978  ActivityManagerWrapper  com.mi.android.globallauncher        E  getRecentTasksForceIncludingTaskIdIfValid: getRecentTasks: size=1
                                                                                                     mainTaskId=2225   userId=0   windowMode=1   baseIntent=Intent { act=android.intent.action.MAIN flag=268435456 cmp=ComponentInfo{com.example.gica2025/com.example.gica2025.MainActivity} }
2025-09-05 00:49:24.831  5536-5536  BufferQueueConsumer     com.example.gica2025                 D  [](id:15a000000000,api:0,p:-1,c:5536) connect: controlledByApp=false
2025-09-05 00:49:24.833  5536-5536  BLASTBufferQueue        com.example.gica2025                 D  [VRI[MainActivity]#0](f:0,a:0) constructor()
2025-09-05 00:49:24.833  5536-5536  BLASTBufferQueue        com.example.gica2025                 D  [VRI[MainActivity]#0](f:0,a:0) update width=1220 height=2712 format=-1 mTransformHint=0
2025-09-05 00:49:24.842  5536-5536  VRI[MainActivity]       com.example.gica2025                 D  vri.reportNextDraw android.view.ViewRootImpl.performTraversals:4970 android.view.ViewRootImpl.doTraversal:3561 android.view.ViewRootImpl$TraversalRunnable.run:11760 android.view.Choreographer$CallbackRecord.run:1804 android.view.Choreographer$CallbackRecord.run:1813 
2025-09-05 00:49:24.843  5536-5536  VRI[MainActivity]       com.example.gica2025                 D  Setup new sync=wmsSync-VRI[MainActivity]#0
2025-09-05 00:49:24.844  5536-5536  UserSceneDetector       com.example.gica2025                 D  invoke error.
2025-09-05 00:49:24.857  5536-7024  HWUI                    com.example.gica2025                 D  makeCurrent grContext:0xb400007a27cd50d0 reset mTextureAvailable
2025-09-05 00:49:24.860  5536-7024  xample.gica2025         com.example.gica2025                 D  MiuiProcessManagerServiceStub setSchedFifo
2025-09-05 00:49:24.860  5536-7024  MiuiProcessManagerImpl  com.example.gica2025                 I  setSchedFifo pid:5536, mode:3
2025-09-05 00:49:24.861  5536-7024  MAGT_SYNC_FRAME         com.example.gica2025                 D  MAGT Frame Sync [MEM]: create object, fd = 212, size = 1600
2025-09-05 00:49:24.861  5536-7024  MAGT_SYNC_FRAME         com.example.gica2025                 D  MAGT Frame Sync [MEM]: map object, fd = 212, size = 1600, addr = 0x7bb195f000
2025-09-05 00:49:24.862  5536-7024  xample.gica2025         com.example.gica2025                 D  Can't load libmbrainSDK
2025-09-05 00:49:24.864  5536-7024  libc                    com.example.gica2025                 W  Access denied finding property "ro.vendor.display.iris_x7.support"
2025-09-05 00:49:24.894  5536-7024  LB                      com.example.gica2025                 E  fail to open file: No such file or directory
2025-09-05 00:49:24.894  5536-7024  LB                      com.example.gica2025                 E  fail to open node: No such file or directory
2025-09-05 00:49:24.894  5536-7024  LB                      com.example.gica2025                 E  fail to open node: No such file or directory
2025-09-05 00:49:24.894  5536-7024  GrallocExtra            com.example.gica2025                 I  gralloc_extra_query:is_SW3D 0
2025-09-05 00:49:24.894  5536-7024  libc                    com.example.gica2025                 W  Access denied finding property "ro.vendor.display.iris_x7.support"
2025-09-05 00:49:24.895  5536-7024  BLASTBufferQueue        com.example.gica2025                 D  [VRI[MainActivity]#0](f:0,a:1) acquireNextBufferLocked size=1220x2712 mFrameNumber=1 applyTransaction=true mTimestamp=946123400217700(auto) mPendingTransactions.size=0 graphicBufferId=23776938950659 transform=0
2025-09-05 00:49:24.895  5536-7024  xample.gica2025         com.example.gica2025                 D  Can't load libmbrainSDK
2025-09-05 00:49:24.895  5536-5536  VRI[MainActivity]       com.example.gica2025                 D  vri.reportDrawFinished
2025-09-05 00:49:24.896  5536-5536  Looper                  com.example.gica2025                 W  PerfMonitor doFrame : time=305ms vsyncFrame=73298943 latency=19ms procState=-1 historyMsgCount=8 (msgIndex=1 wall=111ms seq=7 late=19ms h=android.app.ActivityThread$H w=159)
2025-09-05 00:49:24.906  5536-5536  Choreographer           com.example.gica2025                 I  Skipped 34 frames!  The application may be doing too much work on its main thread.
2025-09-05 00:49:24.906  5536-5536  UserSceneDetector       com.example.gica2025                 D  invoke error.
2025-09-05 00:49:25.071  5536-6916  xample.gica2025         com.example.gica2025                 I  Compiler allocated 6826KB to compile void android.view.ViewRootImpl.performTraversals()
2025-09-05 00:49:25.187  5536-7024  libc                    com.example.gica2025                 W  Access denied finding property "ro.vendor.display.iris_x7.support"
2025-09-05 00:49:25.949  5536-7024  libc                    com.example.gica2025                 W  Access denied finding property "ro.vendor.display.iris_x7.support"
2025-09-05 00:49:25.954  5536-5536  MainActivity            com.example.gica2025                 D  Permiso de notificaciones concedido
2025-09-05 00:49:25.954  5536-5536  MainActivity            com.example.gica2025                 D  ðŸ”¥ Iniciando obtenciÃ³n de token FCM...
2025-09-05 00:49:25.955  5536-5536  SecurityManager         com.example.gica2025                 D  checkAccessControl flag0
2025-09-05 00:49:25.985  5536-5536  HandWritingStubImpl     com.example.gica2025                 I  refreshLastKeyboardType: 1
2025-09-05 00:49:25.985  5536-5536  HandWritingStubImpl     com.example.gica2025                 I  getCurrentKeyboardType: 1
2025-09-05 00:49:26.026  5536-5536  HandWritingStubImpl     com.example.gica2025                 I  getCurrentKeyboardType: 1
2025-09-05 00:49:26.051  2382-2978  ActivityManagerWrapper  com.mi.android.globallauncher        E  getRecentTasksForceIncludingTaskIdIfValid: getRecentTasks: size=1
                                                                                                     mainTaskId=2225   userId=0   windowMode=1   baseIntent=Intent { act=android.intent.action.MAIN flag=268435456 cmp=ComponentInfo{com.example.gica2025/com.example.gica2025.MainActivity} }
2025-09-05 00:49:26.062  2382-2978  ActivityManagerWrapper  com.mi.android.globallauncher        E  getRecentTasksForceIncludingTaskIdIfValid: getRecentTasks: size=1
                                                                                                     mainTaskId=2225   userId=0   windowMode=1   baseIntent=Intent { act=android.intent.action.MAIN flag=268435456 cmp=ComponentInfo{com.example.gica2025/com.example.gica2025.MainActivity} }
2025-09-05 00:49:28.149  5536-7004  xample.gica2025         com.example.gica2025                 W  Long monitor contention with owner TAG (7007) at com.google.android.gms.tasks.Task com.google.firebase.messaging.RequestDeduplicator.getOrStartGetTokenRequest(java.lang.String, com.google.firebase.messaging.RequestDeduplicator$GetTokenRequest)(RequestDeduplicator.java:77) waiters=0 in com.google.android.gms.tasks.Task com.google.firebase.messaging.RequestDeduplicator.getOrStartGetTokenRequest(java.lang.String, com.google.firebase.messaging.RequestDeduplicator$GetTokenRequest) for 2.195s
2025-09-05 00:49:28.831  5536-5536  MainActivity            com.example.gica2025                 D  ðŸ“¬ Callback de token FCM ejecutado
2025-09-05 00:49:28.831  5536-5536  MainActivity            com.example.gica2025                 D  ðŸŽ¯ Token FCM obtenido exitosamente!
2025-09-05 00:49:28.831  5536-5536  MainActivity            com.example.gica2025                 D  ðŸ”‘ Token: ffL3HEm4Q1W8lBDaiXTv_o:APA91bEpG-6GA1cj6EZg__o1euc-SzDFi6h-TyrzS5O3tJF_pD9aOGK_vTKxNUaRmOJypwGWnzrkKuIxYdj_9Z19Th_tfmdvhpWRzNJumYDKUeF38q-RwYI
2025-09-05 00:49:28.831  5536-5536  MainActivity            com.example.gica2025                 D  ðŸ“¡ Enviando token al servidor WordPress...
2025-09-05 00:49:28.831  5536-5536  MainActivity            com.example.gica2025                 D  ðŸ“¤ Enviando token FCM a WordPress (mobile-api-public.php)...
2025-09-05 00:49:28.831  5536-5536  MainActivity            com.example.gica2025                 D  ðŸ”‘ Token: ffL3HEm4Q1W8lBDaiXTv_o:APA91bEpG-6GA1cj6EZg__o1euc...
2025-09-05 00:49:28.835  5536-7094  FCMService              com.example.gica2025                 D  Nuevo token FCM: ffL3HEm4Q1W8lBDaiXTv_o:APA91bEpG-6GA1cj6EZg__o1euc-SzDFi6h-TyrzS5O3tJF_pD9aOGK_vTKxNUaRmOJypwGWnzrkKuIxYdj_9Z19Th_tfmdvhpWRzNJumYDKUeF38q-RwYI
2025-09-05 00:49:28.835  5536-7094  FCMService              com.example.gica2025                 D  ðŸ“¤ Enviando NUEVO token FCM a WordPress (mobile-api-public.php): ffL3HEm4Q1W8lBDaiXTv_o:APA91bEpG-6GA1cj6EZg__o1euc-SzDFi6h-TyrzS5O3tJF_pD9aOGK_vTKxNUaRmOJypwGWnzrkKuIxYdj_9Z19Th_tfmdvhpWRzNJumYDKUeF38q-RwYI
2025-09-05 00:49:28.837  5536-7095  FCMService              com.example.gica2025                 D  ðŸ“± InformaciÃ³n del dispositivo (token refresh):
2025-09-05 00:49:28.838  5536-7095  FCMService              com.example.gica2025                 D     Device ID: f2953f4f7aca2de8
2025-09-05 00:49:28.838  5536-7095  FCMService              com.example.gica2025                 D     Device Info: Xiaomi 2311DRK48G (Android 15)
2025-09-05 00:49:28.838  5536-7095  FCMService              com.example.gica2025                 D     App Version: 1.0
2025-09-05 00:49:28.838  5536-7092  MainActivity            com.example.gica2025                 D  ðŸ“± InformaciÃ³n del dispositivo:
2025-09-05 00:49:28.838  5536-7092  MainActivity            com.example.gica2025                 D     Device ID: f2953f4f7aca2de8
2025-09-05 00:49:28.838  5536-7092  MainActivity            com.example.gica2025                 D     Device Info: Xiaomi 2311DRK48G (Android 15)
2025-09-05 00:49:28.838  5536-7092  MainActivity            com.example.gica2025                 D     App Version: 1.0
2025-09-05 00:49:28.864  5536-7096  okhttp.OkHttpClient     com.example.gica2025                 I  --> POST https://mere-shoes.localsite.io/wp-content/plugins/GICAACCOUNT/mobile-api-public.php
2025-09-05 00:49:28.865  5536-7096  okhttp.OkHttpClient     com.example.gica2025                 I  Content-Length: 318
2025-09-05 00:49:28.865  5536-7096  okhttp.OkHttpClient     com.example.gica2025                 I  Authorization: Basic YmljeWNsZTpwYW5pY2t5
2025-09-05 00:49:28.865  5536-7096  okhttp.OkHttpClient     com.example.gica2025                 I  Content-Type: application/x-www-form-urlencoded
2025-09-05 00:49:28.866  5536-7096  okhttp.OkHttpClient     com.example.gica2025                 I  action=gica_mobile_register_token&api_key=gica_mobile_2024&fcm_token=ffL3HEm4Q1W8lBDaiXTv_o%3AAPA91bEpG-6GA1cj6EZg__o1euc-SzDFi6h-TyrzS5O3tJF_pD9aOGK_vTKxNUaRmOJypwGWnzrkKuIxYdj_9Z19Th_tfmdvhpWRzNJumYDKUeF38q-RwYI&device_id=f2953f4f7aca2de8&device_info=Xiaomi%202311DRK48G%20%28Android%2015%29&app_version=1.0&user_id=
2025-09-05 00:49:28.866  5536-7096  okhttp.OkHttpClient     com.example.gica2025                 I  --> END POST (318-byte body)
2025-09-05 00:49:28.873  5536-7098  okhttp.OkHttpClient     com.example.gica2025                 I  --> POST https://mere-shoes.localsite.io/wp-content/plugins/GICAACCOUNT/mobile-api-public.php
2025-09-05 00:49:28.875  5536-7098  okhttp.OkHttpClient     com.example.gica2025                 I  Content-Length: 318
2025-09-05 00:49:28.876  5536-7098  okhttp.OkHttpClient     com.example.gica2025                 I  Authorization: Basic YmljeWNsZTpwYW5pY2t5
2025-09-05 00:49:28.876  5536-7098  okhttp.OkHttpClient     com.example.gica2025                 I  Content-Type: application/x-www-form-urlencoded
2025-09-05 00:49:28.877  5536-7098  okhttp.OkHttpClient     com.example.gica2025                 I  action=gica_mobile_register_token&api_key=gica_mobile_2024&fcm_token=ffL3HEm4Q1W8lBDaiXTv_o%3AAPA91bEpG-6GA1cj6EZg__o1euc-SzDFi6h-TyrzS5O3tJF_pD9aOGK_vTKxNUaRmOJypwGWnzrkKuIxYdj_9Z19Th_tfmdvhpWRzNJumYDKUeF38q-RwYI&device_id=f2953f4f7aca2de8&device_info=Xiaomi%202311DRK48G%20%28Android%2015%29&app_version=1.0&user_id=
2025-09-05 00:49:28.878  5536-7098  okhttp.OkHttpClient     com.example.gica2025                 I  --> END POST (318-byte body)
2025-09-05 00:49:29.120  5536-5536  CompatChangeReporter    com.example.gica2025                 D  Compat change id reported: 289878283; UID 10439; state: ENABLED
2025-09-05 00:49:29.209  5536-5536  UserSceneDetector       com.example.gica2025                 D  invoke error.
2025-09-05 00:49:29.866  5536-7096  okhttp.OkHttpClient     com.example.gica2025                 I  <-- 200 https://mere-shoes.localsite.io/wp-content/plugins/GICAACCOUNT/mobile-api-public.php (999ms)
2025-09-05 00:49:29.866  5536-7096  okhttp.OkHttpClient     com.example.gica2025                 I  date: Fri, 05 Sep 2025 05:49:30 GMT
2025-09-05 00:49:29.866  5536-7096  okhttp.OkHttpClient     com.example.gica2025                 I  content-type: application/json
2025-09-05 00:49:29.866  5536-7096  okhttp.OkHttpClient     com.example.gica2025                 I  vary: Accept-Encoding
2025-09-05 00:49:29.866  5536-7096  okhttp.OkHttpClient     com.example.gica2025                 I  x-powered-by: PHP/8.2.27
2025-09-05 00:49:29.866  5536-7096  okhttp.OkHttpClient     com.example.gica2025                 I  access-control-allow-origin: 
2025-09-05 00:49:29.866  5536-7096  okhttp.OkHttpClient     com.example.gica2025                 I  access-control-allow-methods: POST, OPTIONS
2025-09-05 00:49:29.866  5536-7096  okhttp.OkHttpClient     com.example.gica2025                 I  access-control-allow-headers: Content-Type, Authorization
2025-09-05 00:49:29.866  5536-7096  okhttp.OkHttpClient     com.example.gica2025                 I  access-control-max-age: 86400
2025-09-05 00:49:29.866  5536-7096  okhttp.OkHttpClient     com.example.gica2025                 I  strict-transport-security: max-age=15724800; includeSubDomains
2025-09-05 00:49:29.866  5536-7098  okhttp.OkHttpClient     com.example.gica2025                 I  <-- 200 https://mere-shoes.localsite.io/wp-content/plugins/GICAACCOUNT/mobile-api-public.php (988ms)
2025-09-05 00:49:29.867  5536-7098  okhttp.OkHttpClient     com.example.gica2025                 I  date: Fri, 05 Sep 2025 05:49:30 GMT
2025-09-05 00:49:29.867  5536-7096  okhttp.OkHttpClient     com.example.gica2025                 I  {"success":true,"message":"Device updated successfully","data":{"device_id":"f2953f4f7aca2de8","action":"updated","record_id":"1","timestamp":"2025-09-05 05:49:28"},"server_info":{"environment":"development","version":"1.0.0","api_key_valid":true,"rate_limit":1000,"debug_mode":true,"server_time":"2025-09-05 05:49:28"}}
2025-09-05 00:49:29.867  5536-7096  okhttp.OkHttpClient     com.example.gica2025                 I  <-- END HTTP (320-byte body)
2025-09-05 00:49:29.867  5536-7098  okhttp.OkHttpClient     com.example.gica2025                 I  content-type: application/json
2025-09-05 00:49:29.867  5536-7098  okhttp.OkHttpClient     com.example.gica2025                 I  vary: Accept-Encoding
2025-09-05 00:49:29.867  5536-7098  okhttp.OkHttpClient     com.example.gica2025                 I  x-powered-by: PHP/8.2.27
2025-09-05 00:49:29.867  5536-7098  okhttp.OkHttpClient     com.example.gica2025                 I  access-control-allow-origin: 
2025-09-05 00:49:29.868  5536-7098  okhttp.OkHttpClient     com.example.gica2025                 I  access-control-allow-methods: POST, OPTIONS
2025-09-05 00:49:29.868  5536-7098  okhttp.OkHttpClient     com.example.gica2025                 I  access-control-allow-headers: Content-Type, Authorization
2025-09-05 00:49:29.868  5536-7098  okhttp.OkHttpClient     com.example.gica2025                 I  access-control-max-age: 86400
2025-09-05 00:49:29.868  5536-7098  okhttp.OkHttpClient     com.example.gica2025                 I  strict-transport-security: max-age=15724800; includeSubDomains
2025-09-05 00:49:29.869  5536-7092  FCMService              com.example.gica2025                 D  âœ… NUEVO token FCM actualizado exitosamente en WordPress!
2025-09-05 00:49:29.869  5536-7092  FCMService              com.example.gica2025                 D  ðŸ“¨ Respuesta: null
2025-09-05 00:49:29.871  5536-7098  okhttp.OkHttpClient     com.example.gica2025                 I  {"success":true,"message":"Device updated successfully","data":{"device_id":"f2953f4f7aca2de8","action":"updated","record_id":"1","timestamp":"2025-09-05 05:49:28"},"server_info":{"environment":"development","version":"1.0.0","api_key_valid":true,"rate_limit":1000,"debug_mode":true,"server_time":"2025-09-05 05:49:28"}}
2025-09-05 00:49:29.871  5536-7098  okhttp.OkHttpClient     com.example.gica2025                 I  <-- END HTTP (320-byte body)
2025-09-05 00:49:29.873  5536-7095  MainActivity            com.example.gica2025                 D  âœ… Token FCM registrado exitosamente en WordPress!
2025-09-05 00:49:29.873  5536-7095  MainActivity            com.example.gica2025                 D  ðŸ“¨ Respuesta: null
2025-09-05 00:49:29.901  5536-7024  xample.gica2025         com.example.gica2025                 E  FrameInsert open fail: No such file or directory
2025-09-05 00:49:30.144  5536-7114  ProfileInstaller        com.example.gica2025                 D  Installing profile for com.example.gica2025
2025-09-05 00:49:30.325  5536-5536  MIUIInput               com.example.gica2025                 I  [MotionEvent] ViewRootImpl windowName 'com.example.gica2025/com.example.gica2025.MainActivity', { action=ACTION_DOWN, id[0]=0, pointerCount=1, eventTime=946128825, downTime=946128825, phoneEventTime=00:49:30.319 } moveCount:0
2025-09-05 00:49:30.366  5536-5536  MIUIInput               com.example.gica2025                 I  [MotionEvent] ViewRootImpl windowName 'com.example.gica2025/com.example.gica2025.MainActivity', { action=ACTION_UP, id[0]=0, pointerCount=1, eventTime=946128870, downTime=946128825, phoneEventTime=00:49:30.364 } moveCount:0
2025-09-05 00:49:30.400  5536-5536  HandWritingStubImpl     com.example.gica2025                 I  refreshLastKeyboardType: 1
2025-09-05 00:49:30.402  5536-5536  HandWritingStubImpl     com.example.gica2025                 I  getCurrentKeyboardType: 1
2025-09-05 00:49:30.403  5536-5536  HandWritingStubImpl     com.example.gica2025                 I  getCurrentKeyboardType: 1
2025-09-05 00:49:30.405  5536-5536  InsetsController        com.example.gica2025                 D  show(ime(), fromIme=false)
2025-09-05 00:49:30.406  5536-5536  ImeTracker              com.example.gica2025                 I  com.example.gica2025:15965c9: onRequestShow at ORIGIN_CLIENT reason SHOW_SOFT_INPUT_BY_INSETS_API fromUser false
2025-09-05 00:49:30.408  5536-5536  MiuiMultiWindowUtils    com.example.gica2025                 D  freeform resolution args raw data:{  "wide_default":{    "freeform_args": {        "vertical_portrait":{"aspect_ratio":0.626, "original_ratio":0.5643,"original_scale":0.74,"top_margin":0.168,"left_margin":0.484},        "horizontal_portrait":{"aspect_ratio":0.626, "original_ratio":0.5643,"original_scale":0.74,"top_margin":0.1222,"left_margin":0.59745},        "vertical_landscape":{"aspect_ratio":1.6, "original_ratio":1,"original_scale":0.604,"top_margin":0.2596,"left_margin":0.2624},        "horizontal_landscape":{"aspect_ratio":1.6, "original_ratio":1,"original_scale":0.604,"top_margin":0.213,"left_margin":0.3758}    },    "mini_freeform_args":{        "vertical_portrait":{"original_ratio":0.147},        "horizontal_portrait":{"original_ratio":0.147},        "vertical_landscape":{"original_ratio":0.165},        "horizontal_landscape":{"original_ratio":0.165}    }  },  "narrow_default": {    "freeform_args": {        "vertical_portrait":{"aspect_ratio":0.626, "original_ratio":1,"original_scale":0.74,"top_margin":0.0753,"left_margin":-1},        "horizontal_portrait":{"aspect_ratio":0.626, "original_ratio":1,"original_scale":0.5756,"top_margin":-1,"left_margin":0.0753},        "vertical_landscape":{"aspect_ratio":1.6, "original_ratio":0.6847,"original_scale":0.587,"top_margin":0.0753,"left_margin":-1},        "horizontal_landscape":{"aspect_ratio":1.6, "original_ratio":0.6847,"original_scale":0.587,"top_margin":-1,"left_margin":0.0753}    },    "mini_freeform_args":{        "vertical_portrait":{"original_ratio":0.26},        "horizontal_portrait":{"original_ratio":0.26},        "vertical_landscape":{"original_ratio":0.293},        "horizontal_landscape":{"original_ratio":0.293}    }  },  "regular_default": {    "freeform_args": {      "vertical_portrait":{"aspect_ratio":0.625, "original_ratio":1,"original_scale":0.7,"top_margin":0.109,"left_margin":-1},      "horizontal_portrait":{"aspect_ratio":0.6667, "original_ratio":1,"original_scale":0.6102,"top_margin":-1,"left_margin":0.026},      "vertical_landscape":{"aspect_ratio":1.6, "original_ratio":1,"original_scale":0.4244,"top_margin":0.109,"left_margin":-1},      "horizontal_landscape":{"aspect_ratio":1.6, "original_ratio":1,"original_scale":0.4244,"top_margin":-1,"left_margin":0.026}    },    "mini_freeform_args":{      "vertical_portrait":{"original_ratio":0.25},      "horizontal_portrait":{"original_ratio":0.25},      "vertical_landscape":{"original_ratio":0.25},      "horizontal_landscape":{"original_ratio":0.25}    }  },  "pad_default": {    "freeform_args": {      "vertical_portrait":{"aspect_ratio":0.5625, "original_ratio":0.375,"original_scale":0.835,"top_margin":0.049,"left_margin":0.2775},      "horizontal_portrait":{"aspect_ratio":0.5625, "original_ratio":0.375,"original_scale":0.835,"top_margin":-1,"left_margin":0.6525},      "vertical_landscape":{"aspect_ratio":-1, "original_ratio":1,"original_scale":0.468,"top_margin":0.049,"left_margin":-1},      "horizontal_landscape":{"aspect_ratio":-1, "original_ratio":1,"original_scale":0.468,"top_margin":-1,"left_margin":0.4976}    },    "mini_freeform_args":{      "vertical_portrait":{"original_ratio":0.144},      "horizontal_portrait":{"original_ratio":0.144},      "vertical_landscape":{"original_ratio":0.2},      "horizontal_landscape":{"original_ratio":0.2}    }  }}
2025-09-05 00:49:30.409  5536-5536  MiuiMultiWindowUtils    com.example.gica2025                 D  initFreeFormResolutionArgs failed, device is duchamp
2025-09-05 00:49:30.409  5536-5536  IS_CTS_MODE             com.example.gica2025                 D  false
2025-09-05 00:49:30.409  5536-5536  MULTI_WIND...CH_ENABLED com.example.gica2025                 D  false
2025-09-05 00:49:30.410  5536-5536  InputMethodManager      com.example.gica2025                 D  showSoftInput() view=androidx.compose.ui.platform.AndroidComposeView{705b934 VFED..... .F....ID 0,0-1220,2712 aid=1073741824} flags=0 reason=SHOW_SOFT_INPUT_BY_INSETS_API
2025-09-05 00:49:30.428  5536-5536  ImeTracker              com.example.gica2025                 I  com.example.gica2025:1354af1c: onRequestShow at ORIGIN_CLIENT reason SHOW_SOFT_INPUT fromUser false
2025-09-05 00:49:30.429  5536-5536  InputMethodManager      com.example.gica2025                 D  showSoftInput() view=androidx.compose.ui.platform.AndroidComposeView{705b934 VFED..... .F...... 0,0-1220,2712 aid=1073741824} flags=0 reason=SHOW_SOFT_INPUT
2025-09-05 00:49:30.559  5536-5536  InsetsController        com.example.gica2025                 D  show(ime(), fromIme=true)
2025-09-05 00:49:30.560  5536-7123  ViewRootImplStubImpl    com.example.gica2025                 D  requestedTypes: 8
2025-09-05 00:49:30.568  5536-7123  ViewRootImplStubImpl    com.example.gica2025                 D  onAnimationStart
2025-09-05 00:49:30.569  5536-7123  InteractionJankMonitor  com.example.gica2025                 W  Initializing without READ_DEVICE_CONFIG permission. enabled=false, interval=1, missedFrameThreshold=3, frameTimeThreshold=64, package=com.example.gica2025
2025-09-05 00:49:30.595  5536-7123  ViewRootImplStubImpl    com.example.gica2025                 D  onAnimationUpdate, value: 0.0
2025-09-05 00:49:30.603  5536-7123  ViewRootImplStubImpl    com.example.gica2025                 D  onAnimationUpdate, value: 0.011766034
2025-09-05 00:49:30.609  5536-7123  ViewRootImplStubImpl    com.example.gica2025                 D  onAnimationUpdate, value: 0.043496978
2025-09-05 00:49:30.621  5536-7123  ViewRootImplStubImpl    com.example.gica2025                 D  onAnimationUpdate, value: 0.088861994
2025-09-05 00:49:30.625  5536-7123  ViewRootImplStubImpl    com.example.gica2025                 D  onAnimationUpdate, value: 0.14298424
2025-09-05 00:49:30.634  5536-7123  ViewRootImplStubImpl    com.example.gica2025                 D  onAnimationUpdate, value: 0.20214096
2025-09-05 00:49:30.643  5536-7123  ViewRootImplStubImpl    com.example.gica2025                 D  onAnimationUpdate, value: 0.26352987
2025-09-05 00:49:30.651  5536-7123  ViewRootImplStubImpl    com.example.gica2025                 D  onAnimationUpdate, value: 0.3250896
2025-09-05 00:49:30.659  5536-7123  ViewRootImplStubImpl    com.example.gica2025                 D  onAnimationUpdate, value: 0.38531667
2025-09-05 00:49:30.668  5536-7123  ViewRootImplStubImpl    com.example.gica2025                 D  onAnimationUpdate, value: 0.44316417
2025-09-05 00:49:30.676  5536-7123  ViewRootImplStubImpl    com.example.gica2025                 D  onAnimationUpdate, value: 0.49795377
2025-09-05 00:49:30.684  5536-7123  ViewRootImplStubImpl    com.example.gica2025                 D  onAnimationUpdate, value: 0.5492437
2025-09-05 00:49:30.692  5536-7123  ViewRootImplStubImpl    com.example.gica2025                 D  onAnimationUpdate, value: 0.59679866
2025-09-05 00:49:30.701  5536-7123  ViewRootImplStubImpl    com.example.gica2025                 D  onAnimationUpdate, value: 0.64054894
2025-09-05 00:49:30.709  5536-7123  ViewRootImplStubImpl    com.example.gica2025                 D  onAnimationUpdate, value: 0.68052477
2025-09-05 00:49:30.717  5536-7123  ViewRootImplStubImpl    com.example.gica2025                 D  onAnimationUpdate, value: 0.7168432
2025-09-05 00:49:30.725  5536-7123  ViewRootImplStubImpl    com.example.gica2025                 D  onAnimationUpdate, value: 0.7496651
2025-09-05 00:49:30.735  5536-7123  ViewRootImplStubImpl    com.example.gica2025                 D  onAnimationUpdate, value: 0.7791948
2025-09-05 00:49:30.742  5536-7123  ViewRootImplStubImpl    com.example.gica2025                 D  onAnimationUpdate, value: 0.8056623
2025-09-05 00:49:30.751  5536-7123  ViewRootImplStubImpl    com.example.gica2025                 D  onAnimationUpdate, value: 0.8292938
2025-09-05 00:49:30.759  5536-7123  ViewRootImplStubImpl    com.example.gica2025                 D  onAnimationUpdate, value: 0.8503329
2025-09-05 00:49:30.767  5536-7123  ViewRootImplStubImpl    com.example.gica2025                 D  onAnimationUpdate, value: 0.8690097
2025-09-05 00:49:30.776  5536-7123  ViewRootImplStubImpl    com.example.gica2025                 D  onAnimationUpdate, value: 0.88554275
2025-09-05 00:49:30.784  5536-7123  ViewRootImplStubImpl    com.example.gica2025                 D  onAnimationUpdate, value: 0.9001473
2025-09-05 00:49:30.792  5536-7123  ViewRootImplStubImpl    com.example.gica2025                 D  onAnimationUpdate, value: 0.91302025
2025-09-05 00:49:30.801  5536-7123  ViewRootImplStubImpl    com.example.gica2025                 D  onAnimationUpdate, value: 0.92433745
2025-09-05 00:49:30.809  5536-7123  ViewRootImplStubImpl    com.example.gica2025                 D  onAnimationUpdate, value: 0.9342699
2025-09-05 00:49:30.818  5536-7123  ViewRootImplStubImpl    com.example.gica2025                 D  onAnimationUpdate, value: 0.9429691
2025-09-05 00:49:30.826  5536-7123  ViewRootImplStubImpl    com.example.gica2025                 D  onAnimationUpdate, value: 0.95057714
2025-09-05 00:49:30.834  5536-7123  ViewRootImplStubImpl    com.example.gica2025                 D  onAnimationUpdate, value: 0.95722175
2025-09-05 00:49:30.843  5536-7123  ViewRootImplStubImpl    com.example.gica2025                 D  onAnimationUpdate, value: 0.9630146
2025-09-05 00:49:30.850  5536-7123  ViewRootImplStubImpl    com.example.gica2025                 D  onAnimationUpdate, value: 0.9680575
2025-09-05 00:49:30.859  5536-7123  ViewRootImplStubImpl    com.example.gica2025                 D  onAnimationUpdate, value: 0.97244155
2025-09-05 00:49:30.866  5536-7123  ViewRootImplStubImpl    com.example.gica2025                 D  onAnimationUpdate, value: 0.97624856
2025-09-05 00:49:30.876  5536-7123  ViewRootImplStubImpl    com.example.gica2025                 D  onAnimationUpdate, value: 0.9795497
2025-09-05 00:49:30.884  5536-7123  ViewRootImplStubImpl    com.example.gica2025                 D  onAnimationUpdate, value: 0.9824088
2025-09-05 00:49:30.893  5536-7123  ViewRootImplStubImpl    com.example.gica2025                 D  onAnimationUpdate, value: 0.98488235
2025-09-05 00:49:30.900  5536-7123  ViewRootImplStubImpl    com.example.gica2025                 D  onAnimationUpdate, value: 0.98701984
2025-09-05 00:49:30.908  5536-7123  ViewRootImplStubImpl    com.example.gica2025                 D  onAnimationUpdate, value: 0.9888649
2025-09-05 00:49:30.916  5536-7123  ViewRootImplStubImpl    com.example.gica2025                 D  onAnimationUpdate, value: 0.9904557
2025-09-05 00:49:30.925  5536-7123  ViewRootImplStubImpl    com.example.gica2025                 D  onAnimationUpdate, value: 0.9918261
2025-09-05 00:49:30.933  5536-7123  ViewRootImplStubImpl    com.example.gica2025                 D  onAnimationUpdate, value: 0.9930053
2025-09-05 00:49:30.941  5536-7123  ViewRootImplStubImpl    com.example.gica2025                 D  onAnimationUpdate, value: 0.9940192
2025-09-05 00:49:30.949  5536-7123  ViewRootImplStubImpl    com.example.gica2025                 D  onAnimationUpdate, value: 0.99489033
2025-09-05 00:49:30.958  5536-7123  ViewRootImplStubImpl    com.example.gica2025                 D  onAnimationUpdate, value: 0.99563783
2025-09-05 00:49:30.966  5536-7123  ViewRootImplStubImpl    com.example.gica2025                 D  onAnimationUpdate, value: 0.9962789
2025-09-05 00:49:30.974  5536-7123  ViewRootImplStubImpl    com.example.gica2025                 D  onAnimationUpdate, value: 0.9968281
2025-09-05 00:49:30.982  5536-7123  ViewRootImplStubImpl    com.example.gica2025                 D  onAnimationUpdate, value: 0.9972983
2025-09-05 00:49:30.991  5536-7123  ViewRootImplStubImpl    com.example.gica2025                 D  onAnimationUpdate, value: 0.9977006
2025-09-05 00:49:31.000  5536-7123  ViewRootImplStubImpl    com.example.gica2025                 D  onAnimationUpdate, value: 0.99804455
2025-09-05 00:49:31.009  5536-7123  ViewRootImplStubImpl    com.example.gica2025                 D  onAnimationUpdate, value: 0.99833834
2025-09-05 00:49:31.017  5536-7123  ViewRootImplStubImpl    com.example.gica2025                 D  onAnimationUpdate, value: 0.99858904
