2025-09-05 00:41:55.308 29226-4789  okhttp.OkHttpClient     com.example.gica2025                 I  Authorization: Basic Y3VzaGlvbjpuZWlnaGJvcmx5
2025-09-05 00:41:55.309 29226-4789  okhttp.OkHttpClient     com.example.gica2025                 I  Content-Type: application/json
2025-09-05 00:41:55.309 29226-4789  okhttp.OkHttpClient     com.example.gica2025                 I  Accept: application/json
2025-09-05 00:41:55.309 29226-4789  okhttp.OkHttpClient     com.example.gica2025                 I  --> END GET
2025-09-05 00:41:55.311 29226-29226 UserSceneDetector       com.example.gica2025                 D  invoke error.
2025-09-05 00:41:56.021 29226-4789  okhttp.OkHttpClient     com.example.gica2025                 I  <-- 404 https://solid-plot.localsite.io/wp-json/gicaform/v1/admin/users?page=1&per_page=10 (712ms)
2025-09-05 00:41:56.021 29226-4789  okhttp.OkHttpClient     com.example.gica2025                 I  date: Fri, 05 Sep 2025 05:41:56 GMT
2025-09-05 00:41:56.021 29226-4789  okhttp.OkHttpClient     com.example.gica2025                 I  content-length: 3
2025-09-05 00:41:56.021 29226-4789  okhttp.OkHttpClient     com.example.gica2025                 I  strict-transport-security: max-age=15724800; includeSubDomains
2025-09-05 00:41:56.021 29226-4789  okhttp.OkHttpClient     com.example.gica2025                 I  404
2025-09-05 00:41:56.021 29226-4789  okhttp.OkHttpClient     com.example.gica2025                 I  <-- END HTTP (3-byte body)
2025-09-05 00:41:58.703  2382-2978  ActivityManagerWrapper  com.mi.android.globallauncher        E  getRecentTasksForceIncludingTaskIdIfValid: getRecentTasks: size=1
                                                                                                     mainTaskId=2220   userId=0   windowMode=1   baseIntent=Intent { act=android.intent.action.MAIN flag=268435456 cmp=ComponentInfo{com.example.gica2025/com.example.gica2025.MainActivity} }
2025-09-05 00:41:58.777  2382-2978  ActivityManagerWrapper  com.mi.android.globallauncher        E  getRecentTasksForceIncludingTaskIdIfValid: getRecentTasks: size=1
                                                                                                     mainTaskId=2220   userId=0   windowMode=1   baseIntent=Intent { act=android.intent.action.MAIN flag=268435456 cmp=ComponentInfo{com.example.gica2025/com.example.gica2025.MainActivity} }
2025-09-05 00:41:58.781  2382-2978  ActivityManagerWrapper  com.mi.android.globallauncher        E  getRecentTasksForceIncludingTaskIdIfValid: getRecentTasks: size=1
                                                                                                     mainTaskId=2220   userId=0   windowMode=1   baseIntent=Intent { act=android.intent.action.MAIN flag=268435456 cmp=ComponentInfo{com.example.gica2025/com.example.gica2025.MainActivity} }
2025-09-05 00:41:58.786  2382-2978  ActivityManagerWrapper  com.mi.android.globallauncher        E  getRecentTasksForceIncludingTaskIdIfValid: getRecentTasks: size=1
                                                                                                     mainTaskId=2220   userId=0   windowMode=1   baseIntent=Intent { act=android.intent.action.MAIN flag=268435456 cmp=ComponentInfo{com.example.gica2025/com.example.gica2025.MainActivity} }
2025-09-05 00:41:58.818 29226-29226 MiuiMultiWindowUtils    com.example.gica2025                 D  freeform resolution args raw data:{  "wide_default":{    "freeform_args": {        "vertical_portrait":{"aspect_ratio":0.626, "original_ratio":0.5643,"original_scale":0.74,"top_margin":0.168,"left_margin":0.484},        "horizontal_portrait":{"aspect_ratio":0.626, "original_ratio":0.5643,"original_scale":0.74,"top_margin":0.1222,"left_margin":0.59745},        "vertical_landscape":{"aspect_ratio":1.6, "original_ratio":1,"original_scale":0.604,"top_margin":0.2596,"left_margin":0.2624},        "horizontal_landscape":{"aspect_ratio":1.6, "original_ratio":1,"original_scale":0.604,"top_margin":0.213,"left_margin":0.3758}    },    "mini_freeform_args":{        "vertical_portrait":{"original_ratio":0.147},        "horizontal_portrait":{"original_ratio":0.147},        "vertical_landscape":{"original_ratio":0.165},        "horizontal_landscape":{"original_ratio":0.165}    }  },  "narrow_default": {    "freeform_args": {        "vertical_portrait":{"aspect_ratio":0.626, "original_ratio":1,"original_scale":0.74,"top_margin":0.0753,"left_margin":-1},        "horizontal_portrait":{"aspect_ratio":0.626, "original_ratio":1,"original_scale":0.5756,"top_margin":-1,"left_margin":0.0753},        "vertical_landscape":{"aspect_ratio":1.6, "original_ratio":0.6847,"original_scale":0.587,"top_margin":0.0753,"left_margin":-1},        "horizontal_landscape":{"aspect_ratio":1.6, "original_ratio":0.6847,"original_scale":0.587,"top_margin":-1,"left_margin":0.0753}    },    "mini_freeform_args":{        "vertical_portrait":{"original_ratio":0.26},        "horizontal_portrait":{"original_ratio":0.26},        "vertical_landscape":{"original_ratio":0.293},        "horizontal_landscape":{"original_ratio":0.293}    }  },  "regular_default": {    "freeform_args": {      "vertical_portrait":{"aspect_ratio":0.625, "original_ratio":1,"original_scale":0.7,"top_margin":0.109,"left_margin":-1},      "horizontal_portrait":{"aspect_ratio":0.6667, "original_ratio":1,"original_scale":0.6102,"top_margin":-1,"left_margin":0.026},      "vertical_landscape":{"aspect_ratio":1.6, "original_ratio":1,"original_scale":0.4244,"top_margin":0.109,"left_margin":-1},      "horizontal_landscape":{"aspect_ratio":1.6, "original_ratio":1,"original_scale":0.4244,"top_margin":-1,"left_margin":0.026}    },    "mini_freeform_args":{      "vertical_portrait":{"original_ratio":0.25},      "horizontal_portrait":{"original_ratio":0.25},      "vertical_landscape":{"original_ratio":0.25},      "horizontal_landscape":{"original_ratio":0.25}    }  },  "pad_default": {    "freeform_args": {      "vertical_portrait":{"aspect_ratio":0.5625, "original_ratio":0.375,"original_scale":0.835,"top_margin":0.049,"left_margin":0.2775},      "horizontal_portrait":{"aspect_ratio":0.5625, "original_ratio":0.375,"original_scale":0.835,"top_margin":-1,"left_margin":0.6525},      "vertical_landscape":{"aspect_ratio":-1, "original_ratio":1,"original_scale":0.468,"top_margin":0.049,"left_margin":-1},      "horizontal_landscape":{"aspect_ratio":-1, "original_ratio":1,"original_scale":0.468,"top_margin":-1,"left_margin":0.4976}    },    "mini_freeform_args":{      "vertical_portrait":{"original_ratio":0.144},      "horizontal_portrait":{"original_ratio":0.144},      "vertical_landscape":{"original_ratio":0.2},      "horizontal_landscape":{"original_ratio":0.2}    }  }}
2025-09-05 00:41:58.818 29226-29226 MiuiMultiWindowUtils    com.example.gica2025                 D  initFreeFormResolutionArgs failed, device is duchamp
2025-09-05 00:41:58.819 29226-29226 IS_CTS_MODE             com.example.gica2025                 D  false
2025-09-05 00:41:58.819 29226-29226 MULTI_WIND...CH_ENABLED com.example.gica2025                 D  false
2025-09-05 00:41:58.895 29226-29226 VRI[MainActivity]       com.example.gica2025                 D  visibilityChanged oldVisibility=true newVisibility=false
2025-09-05 00:41:58.911  2382-2978  ActivityManagerWrapper  com.mi.android.globallauncher        E  getRecentTasksForceIncludingTaskIdIfValid: getRecentTasks: size=1
                                                                                                     mainTaskId=2220   userId=0   windowMode=1   baseIntent=Intent { act=android.intent.action.MAIN flag=268435456 cmp=ComponentInfo{com.example.gica2025/com.example.gica2025.MainActivity} }
2025-09-05 00:41:58.911 29226-29226 BLASTBufferQueue        com.example.gica2025                 D  [VRI[MainActivity]#0](f:0,a:1) destructor()
2025-09-05 00:41:58.912 29226-29226 BufferQueueConsumer     com.example.gica2025                 D  [VRI[MainActivity]#0(BLAST Consumer)0](id:722a00000000,api:0,p:-1,c:29226) disconnect
2025-09-05 00:41:58.928 29226-29226 ActivityThread          com.example.gica2025                 D  Fail to check app heapsize due to java.lang.NoSuchMethodException: dalvik.system.VMRuntime.getBlockingGcCountForAlloc []
---------------------------- PROCESS ENDED (29226) for package com.example.gica2025 ----------------------------
2025-09-05 00:42:03.013  2382-2382  PreStartUtils           com.mi.android.globallauncher        E  preLaunchProcess success infoPackage: com.example.gica2025
2025-09-05 00:42:04.953  1797-1797  SLM-SRV-SLAAppLib       system_server                        E  initBroadcastReceivercom.example.gica2025
2025-09-05 00:42:05.074 24173-25736 PackageUtils            com.miui.guardprovider               E  exception when getPackageInfo :
                                                                                                    android.content.pm.PackageManager$NameNotFoundException: com.example.gica2025
                                                                                                    	at android.app.ApplicationPackageManager.getPackageInfoAsUser(ApplicationPackageManager.java:276)
                                                                                                    	at android.app.ApplicationPackageManager.getPackageInfo(ApplicationPackageManager.java:236)
                                                                                                    	at android.app.ApplicationPackageManager.getPackageInfo(ApplicationPackageManager.java:230)
                                                                                                    	at A1.h.d(Unknown Source:6)
                                                                                                    	at t1.b.b(Unknown Source:13)
                                                                                                    	at com.miui.guardprovider.manager.SecurityService$a.A0(Unknown Source:15)
                                                                                                    	at com.miui.guardprovider.manager.SecurityService$a.z0(Unknown Source:0)
                                                                                                    	at com.miui.guardprovider.manager.a.run(Unknown Source:4)
                                                                                                    	at java.util.concurrent.ThreadPoolExecutor.runWorker(ThreadPoolExecutor.java:1156)
                                                                                                    	at java.util.concurrent.ThreadPoolExecutor$Worker.run(ThreadPoolExecutor.java:651)
                                                                                                    	at java.lang.Thread.run(Thread.java:1119)
2025-09-05 00:42:05.075 20829-20829 MiuiScanManagerV2       com.xiaomi.bluetooth                 E  Uninstalled package name : com.example.gica2025
2025-09-05 00:42:05.082  2382-9835  InstallApkReceiver      com.mi.android.globallauncher        E  uninstall:package:com.example.gica2025
2025-09-05 00:42:05.176 29018-4881  PhSharedDirectoryWriter com.google.android.gms.persistent    E  Failed to delete the DE shared dir for Android package: com.example.gica2025. [CONTEXT service_id=51 ]
                                                                                                    java.lang.IllegalStateException: Failed to delete directory
                                                                                                    	at gfnf.r(:com.google.android.gms@253434035@25.34.34 (260400-800653487):10)
                                                                                                    	at eipy.a(:com.google.android.gms@253434035@25.34.34 (260400-800653487):130)
                                                                                                    	at com.google.android.gms.phenotype.notification.PackagesChangedIntentOperation.onHandleIntent(:com.google.android.gms@253434035@25.34.34 (260400-800653487):103)
                                                                                                    	at com.google.android.chimera.IntentOperation.onHandleIntent(:com.google.android.gms@253434035@25.34.34 (260400-800653487):2)
                                                                                                    	at awce.onHandleIntent(:com.google.android.gms@253434035@25.34.34 (260400-800653487):8)
                                                                                                    	at wzr.run(:com.google.android.gms@253434035@25.34.34 (260400-800653487):64)
                                                                                                    	at wzq.run(:com.google.android.gms@253434035@25.34.34 (260400-800653487):132)
                                                                                                    	at gdma.run(:com.google.android.gms@253434035@25.34.34 (260400-800653487):21)
                                                                                                    	at java.util.concurrent.ThreadPoolExecutor.runWorker(ThreadPoolExecutor.java:1156)
                                                                                                    	at java.util.concurrent.ThreadPoolExecutor$Worker.run(ThreadPoolExecutor.java:651)
                                                                                                    	at java.lang.Thread.run(Thread.java:1119)
2025-09-05 00:43:13.872  1797-1797  SLM-SRV-SLAAppLib       system_server                        E  initBroadcastReceivercom.example.gica2025
2025-09-05 00:43:13.980  2382-2780  Launcher.AllAppsList    com.mi.android.globallauncher        E  Can't load postion for packageName: com.example.gica2025 activityName: com.example.gica2025.MainActivity
2025-09-05 00:43:14.353  2382-9835  InstallApkReceiver      com.mi.android.globallauncher        E  install:package:com.example.gica2025
2025-09-05 00:43:14.433 30156-30156 Zygote                  usap64                               E  process_name_ptr:30156 com.example.gica2025
2025-09-05 00:43:14.434 30156-30156 Zygote                  usap64                               E  SetMemoryProtected process_name_ptr:30156 com.example.gica2025
2025-09-05 00:43:14.499  2382-2978  ActivityManagerWrapper  com.mi.android.globallauncher        E  getRecentTasksForceIncludingTaskIdIfValid: getRecentTasks: size=2
                                                                                                     mainTaskId=2222   userId=0   windowMode=1   baseIntent=Intent { act=android.intent.action.MAIN flag=268435456 cmp=ComponentInfo{com.example.gica2025/com.example.gica2025.MainActivity} }
                                                                                                     mainTaskId=2221   userId=0   windowMode=1   baseIntent=Intent { act=android.intent.action.VIEW flag=411041792 cmp=ComponentInfo{com.miui.securitycenter/com.miui.permcenter.install.AdbInstallActivity} }
2025-09-05 00:43:14.529  2382-2978  ActivityManagerWrapper  com.mi.android.globallauncher        E  getRecentTasksForceIncludingTaskIdIfValid: getRecentTasks: size=2
                                                                                                     mainTaskId=2222   userId=0   windowMode=1   baseIntent=Intent { act=android.intent.action.MAIN flag=268435456 cmp=ComponentInfo{com.example.gica2025/com.example.gica2025.MainActivity} }
                                                                                                     mainTaskId=2221   userId=0   windowMode=1   baseIntent=Intent { act=android.intent.action.VIEW flag=411041792 cmp=ComponentInfo{com.miui.securitycenter/com.miui.permcenter.install.AdbInstallActivity} }
2025-09-05 00:43:14.540  1797-2294  HyperSentinel           system_server                        E  -> audit event by proc 30156 "com.example.gica2025": running threads amount, 0 -> 12
2025-09-05 00:43:14.540  1797-2294  HyperSentinel           system_server                        E  -> audit event by proc 30156 "com.example.gica2025": RSS increasement, peak 71520kb -> 108136kb
2025-09-05 00:43:14.751  1797-2294  HyperSentinel           system_server                        E  -> audit event by proc 30156 "com.example.gica2025": RSS increasement, peak 108136kb -> 162392kb
---------------------------- PROCESS STARTED (30156) for package com.example.gica2025 ----------------------------
2025-09-05 00:43:15.019 30156-30156 nativeloader            com.example.gica2025                 D  Configuring clns-7 for other apk /data/app/~~aV_bWesnIP6xk_y2oMR5LQ==/com.example.gica2025--KzpY_7nmVnSM8B0rgW80A==/base.apk. target_sdk_version=34, uses_libraries=, library_path=/data/app/~~aV_bWesnIP6xk_y2oMR5LQ==/com.example.gica2025--KzpY_7nmVnSM8B0rgW80A==/lib/arm64:/data/app/~~aV_bWesnIP6xk_y2oMR5LQ==/com.example.gica2025--KzpY_7nmVnSM8B0rgW80A==/base.apk!/lib/arm64-v8a, permitted_path=/data:/mnt/expand:/data/user/0/com.example.gica2025
2025-09-05 00:43:15.019  2382-2978  ActivityManagerWrapper  com.mi.android.globallauncher        E  getRecentTasksForceIncludingTaskIdIfValid: getRecentTasks: size=2
                                                                                                     mainTaskId=2222   userId=0   windowMode=1   baseIntent=Intent { act=android.intent.action.MAIN flag=268435456 cmp=ComponentInfo{com.example.gica2025/com.example.gica2025.MainActivity} }
                                                                                                     mainTaskId=2221   userId=0   windowMode=1   baseIntent=Intent { act=android.intent.action.VIEW flag=411041792 cmp=ComponentInfo{com.miui.securitycenter/com.miui.permcenter.install.AdbInstallActivity} }
2025-09-05 00:43:15.031 30156-30156 GraphicsEnvironment     com.example.gica2025                 V  Currently set values for:
2025-09-05 00:43:15.031 30156-30156 GraphicsEnvironment     com.example.gica2025                 V    angle_gl_driver_selection_pkgs=[com.android.angle, com.linecorp.b612.android, com.campmobile.snow, com.google.android.apps.tachyon]
2025-09-05 00:43:15.031 30156-30156 GraphicsEnvironment     com.example.gica2025                 V    angle_gl_driver_selection_values=[angle, native, native, native]
2025-09-05 00:43:15.032 30156-30156 GraphicsEnvironment     com.example.gica2025                 V  com.example.gica2025 is not listed in per-application setting
2025-09-05 00:43:15.032 30156-30156 GraphicsEnvironment     com.example.gica2025                 V  App is not on the allowlist for updatable production driver.
2025-09-05 00:43:15.033 30156-5382  ActivityThread          com.example.gica2025                 I  TrafficStats init done
2025-09-05 00:43:15.042 30156-5382  ForceDarkHelperStubImpl com.example.gica2025                 I  initialize for com.example.gica2025 , ForceDarkAppConfig: null
2025-09-05 00:43:15.044 30156-5382  nativeloader            com.example.gica2025                 D  Load libforcedarkimpl.so using system ns (caller=/system_ext/framework/miui-framework.jar): ok
2025-09-05 00:43:15.044 30156-5382  HWUI                    com.example.gica2025                 D  JNI_OnLoad success
2025-09-05 00:43:15.044 30156-5382  MiuiForceDarkConfig     com.example.gica2025                 I  setConfig density:3.000000, mainRule:0, secondaryRule:0, tertiaryRule:0
2025-09-05 00:43:15.046 30156-5382  ActivityThread          com.example.gica2025                 I  Miui Feature Init done
2025-09-05 00:43:15.051 30156-30156 FirebaseApp             com.example.gica2025                 I  Device unlocked: initializing all Firebase APIs for app [DEFAULT]
2025-09-05 00:43:15.060 30156-30156 FirebaseInitProvider    com.example.gica2025                 I  FirebaseApp initialization successful
2025-09-05 00:43:15.075 30156-30156 GicaApplication         com.example.gica2025                 D  Inicializando GICA Application...
2025-09-05 00:43:15.075 30156-30156 GicaApplication         com.example.gica2025                 D  âœ… Firebase inicializado correctamente
2025-09-05 00:43:15.076 30156-5443  xample.gica2025         com.example.gica2025                 W  ClassLoaderContext classpath size mismatch. expected=1, found=0 (DLC[];PCL[base.apk*2043734926]{PCL[/system/framework/org.apache.http.legacy.jar*4025584831]#PCL[/system/framework/com.android.media.remotedisplay.jar*2042759013]#PCL[/system/framework/com.android.location.provider.jar*3414091812]#PCL[/system_ext/framework/androidx.window.extensions.jar*3059430538]#PCL[/system_ext/framework/androidx.window.sidecar.jar*150681844]} | DLC[];PCL[])
2025-09-05 00:43:15.077 30156-30156 GicaApplication         com.example.gica2025                 D  âœ… Canal de notificaciÃ³n creado: gica_notifications
2025-09-05 00:43:15.077 30156-30156 GicaApplication         com.example.gica2025                 D  GICA Application inicializada correctamente
2025-09-05 00:43:15.077 30156-5443  DynamiteModule          com.example.gica2025                 I  Considering local module com.google.android.gms.measurement.dynamite:117 and remote module com.google.android.gms.measurement.dynamite:158
2025-09-05 00:43:15.077 30156-5443  DynamiteModule          com.example.gica2025                 I  Selected remote version of com.google.android.gms.measurement.dynamite, version >= 158
2025-09-05 00:43:15.077 30156-5443  DynamiteModule          com.example.gica2025                 V  Dynamite loader version >= 2, using loadModule2NoCrashUtils
2025-09-05 00:43:15.084 30156-30156 libc                    com.example.gica2025                 W  Access denied finding property "ro.vendor.perf.scroll_opt"
2025-09-05 00:43:15.087 30156-30156 nativeloader            com.example.gica2025                 D  Load libpowerhalwrap_jni.so using system ns (caller=/system_ext/framework/mediatek-framework.jar): ok
2025-09-05 00:43:15.087 30156-30156 PowerHalWrapper         com.example.gica2025                 I  PowerHalWrapper.getInstance 
2025-09-05 00:43:15.087 30156-30156 M-ProMotion             com.example.gica2025                 I  M-ProMotion is disabled
2025-09-05 00:43:15.090 30156-30156 UnionPowerNotifier      com.example.gica2025                 D  check_union_power_ioctl -1
2025-09-05 00:43:15.092 30156-30156 FramePredict            com.example.gica2025                 D  FramePredict init: false
2025-09-05 00:43:15.093 30156-5443  System                  com.example.gica2025                 W  ClassLoader referenced unknown path: 
2025-09-05 00:43:15.093 30156-5443  nativeloader            com.example.gica2025                 D  Configuring clns-8 for other apk . target_sdk_version=36, uses_libraries=, library_path=/data/app/~~iHu5ybxu17SKujL8y0ROIg==/com.google.android.gms-YO7wVuOWk2DhIFdqfjStSA==/lib/arm64:/data/app/~~iHu5ybxu17SKujL8y0ROIg==/com.google.android.gms-YO7wVuOWk2DhIFdqfjStSA==/base.apk!/lib/arm64-v8a, permitted_path=/data:/mnt/expand:/data/user/0/com.google.android.gms
2025-09-05 00:43:15.094 30156-5382  ActivityThread          com.example.gica2025                 I  HardwareRenderer preload  done
2025-09-05 00:43:15.101  1797-2294  HyperSentinel           system_server                        E  -> audit event by proc 30156 "com.example.gica2025": running threads amount, 12 -> 23
2025-09-05 00:43:15.106 30156-5472  libc                    com.example.gica2025                 W  Access denied finding property "vendor.migl.debug"
2025-09-05 00:43:15.106 30156-5472  libMiGL                 com.example.gica2025                 I  EnableDR: 0
2025-09-05 00:43:15.106 30156-5472  libMEOW                 com.example.gica2025                 D  meow new tls: 0xb400007ac7dd0110
2025-09-05 00:43:15.106 30156-5472  libMEOW                 com.example.gica2025                 D  meow reload base cfg path: na
2025-09-05 00:43:15.106 30156-5472  libMEOW                 com.example.gica2025                 D  meow reload overlay cfg path: na
2025-09-05 00:43:15.106 30156-5472  QT                      com.example.gica2025                 W  qt_process_init() called
2025-09-05 00:43:15.106 30156-5472  QT                      com.example.gica2025                 E  [QT]file does not exist
2025-09-05 00:43:15.106 30156-5472  QT                      com.example.gica2025                 W  Support!!
2025-09-05 00:43:15.106 30156-5472  libMEOW                 com.example.gica2025                 D  applied 0 plugin for [com.example.gica2025].
2025-09-05 00:43:15.107 30156-5443  xample.gica2025         com.example.gica2025                 W  ClassLoaderContext classpath element checksum mismatch. expected=2043734926, found=2349678 (DLC[];PCL[base.apk*2043734926]{PCL[/system/framework/org.apache.http.legacy.jar*4025584831]#PCL[/system/framework/com.android.media.remotedisplay.jar*2042759013]#PCL[/system/framework/com.android.location.provider.jar*3414091812]#PCL[/system_ext/framework/androidx.window.extensions.jar*3059430538]#PCL[/system_ext/framework/androidx.window.sidecar.jar*150681844]} | DLC[];PCL[/data/app/~~aV_bWesnIP6xk_y2oMR5LQ==/com.example.gica2025--KzpY_7nmVnSM8B0rgW80A==/base.apk*2349678])
2025-09-05 00:43:15.128 30156-30156 MainActivity            com.example.gica2025                 D  ðŸš€ MainActivity iniciada - onCreate()
2025-09-05 00:43:15.128 30156-30156 MainActivity            com.example.gica2025                 D  ðŸ“± Dispositivo: Xiaomi 2311DRK48G
2025-09-05 00:43:15.128 30156-30156 MainActivity            com.example.gica2025                 D  ðŸ¤– Android: 15 (API 35)
2025-09-05 00:43:15.128 30156-30156 MainActivity            com.example.gica2025                 D  ðŸ”” Iniciando proceso de notificaciones...
2025-09-05 00:43:15.128 30156-30156 MainActivity            com.example.gica2025                 D  ðŸ” Verificando permisos de notificaciÃ³n...
2025-09-05 00:43:15.128 30156-30156 MainActivity            com.example.gica2025                 D  ðŸ“± Android 13+ detectado - Verificando POST_NOTIFICATIONS
2025-09-05 00:43:15.128 30156-30156 MainActivity            com.example.gica2025                 D  â“ Solicitando permiso de notificaciones...
2025-09-05 00:43:15.137 30156-5484  xample.gica2025         com.example.gica2025                 I  hiddenapi: Accessing hidden method Ldalvik/system/VMStack;->getStackClass2()Ljava/lang/Class; (runtime_flags=0, domain=core-platform, api=unsupported) from Lm7/aom; (domain=app) using reflection: allowed
2025-09-05 00:43:15.146 30156-5483  xample.gica2025         com.example.gica2025                 E  No package ID 6a found for resource ID 0x6a0b000f.
2025-09-05 00:43:15.148 30156-5483  FA                      com.example.gica2025                 I  App measurement initialized, version: 136000
2025-09-05 00:43:15.148 30156-5483  FA                      com.example.gica2025                 I  To enable debug logging run: adb shell setprop log.tag.FA VERBOSE
2025-09-05 00:43:15.148 30156-5483  FA                      com.example.gica2025                 I  To enable faster debug mode event logging run:
                                                                                                      adb shell setprop debug.firebase.analytics.app com.example.gica2025
2025-09-05 00:43:15.151  1797-2294  HyperSentinel           system_server                        E  -> audit event by proc 30156 "com.example.gica2025": RSS increasement, peak 162392kb -> 243612kb
2025-09-05 00:43:15.163 30156-30156 libc                    com.example.gica2025                 W  Access denied finding property "ro.vendor.df.effect.conflict"
2025-09-05 00:43:15.164 30156-30156 SecurityManager         com.example.gica2025                 D  checkAccessControl flag0
2025-09-05 00:43:15.167 30156-5470  PowerHalWrapper         com.example.gica2025                 I  PowerHalWrapper.getInstance 
2025-09-05 00:43:15.169 30156-30156 SurfaceFactory          com.example.gica2025                 I  [static] sSurfaceFactory = com.mediatek.view.impl.SurfaceFactoryImpl@63557c2
2025-09-05 00:43:15.175 30156-30156 FramePredict            com.example.gica2025                 D  init success
2025-09-05 00:43:15.176 30156-5485  FramePredict            com.example.gica2025                 E  registerContentObserver fail
2025-09-05 00:43:15.180 30156-5472  libc                    com.example.gica2025                 W  Access denied finding property "ro.vendor.display.iris_x7.support"
2025-09-05 00:43:15.182 30156-5483  FA                      com.example.gica2025                 I  Tag Manager is not found and thus will not be used
2025-09-05 00:43:15.183 30156-30156 ForceDarkHelperStubImpl com.example.gica2025                 I  setViewRootImplForceDark: false for com.example.gica2025.MainActivity@3e41eaa, reason: AppDarkModeEnable
2025-09-05 00:43:15.183 30156-30156 VRI[MainActivity]       com.example.gica2025                 D  hardware acceleration = true, forceHwAccelerated = false
2025-09-05 00:43:15.191 30156-30156 InputEventReceiver      com.example.gica2025                 D  Input log is disabled in InputEventReceiver.
2025-09-05 00:43:15.313  2382-2978  ActivityManagerWrapper  com.mi.android.globallauncher        E  getRecentTasksForceIncludingTaskIdIfValid: getRecentTasks: size=2
                                                                                                     mainTaskId=2222   userId=0   windowMode=1   baseIntent=Intent { act=android.intent.action.MAIN flag=268435456 cmp=ComponentInfo{com.example.gica2025/com.example.gica2025.MainActivity} }
                                                                                                     mainTaskId=2221   userId=0   windowMode=1   baseIntent=Intent { act=android.intent.action.VIEW flag=411041792 cmp=ComponentInfo{com.miui.securitycenter/com.miui.permcenter.install.AdbInstallActivity} }
2025-09-05 00:43:15.336  2382-2978  ActivityManagerWrapper  com.mi.android.globallauncher        E  getRecentTasksForceIncludingTaskIdIfValid: getRecentTasks: size=1
                                                                                                     mainTaskId=2222   userId=0   windowMode=1   baseIntent=Intent { act=android.intent.action.MAIN flag=268435456 cmp=ComponentInfo{com.example.gica2025/com.example.gica2025.MainActivity} }
2025-09-05 00:43:15.464 30156-30156 BufferQueueConsumer     com.example.gica2025                 D  [](id:75cc00000000,api:0,p:-1,c:30156) connect: controlledByApp=false
2025-09-05 00:43:15.465 30156-30156 BLASTBufferQueue        com.example.gica2025                 D  [VRI[MainActivity]#0](f:0,a:0) constructor()
2025-09-05 00:43:15.465 30156-30156 BLASTBufferQueue        com.example.gica2025                 D  [VRI[MainActivity]#0](f:0,a:0) update width=1220 height=2712 format=-1 mTransformHint=0
2025-09-05 00:43:15.474 30156-30156 VRI[MainActivity]       com.example.gica2025                 D  vri.reportNextDraw android.view.ViewRootImpl.performTraversals:4970 android.view.ViewRootImpl.doTraversal:3561 android.view.ViewRootImpl$TraversalRunnable.run:11760 android.view.Choreographer$CallbackRecord.run:1804 android.view.Choreographer$CallbackRecord.run:1813 
2025-09-05 00:43:15.474 30156-30156 VRI[MainActivity]       com.example.gica2025                 D  Setup new sync=wmsSync-VRI[MainActivity]#0
2025-09-05 00:43:15.475 30156-30156 UserSceneDetector       com.example.gica2025                 D  invoke error.
2025-09-05 00:43:15.486 30156-5472  HWUI                    com.example.gica2025                 D  makeCurrent grContext:0xb400007a27cd5850 reset mTextureAvailable
2025-09-05 00:43:15.488 30156-5472  xample.gica2025         com.example.gica2025                 D  MiuiProcessManagerServiceStub setSchedFifo
2025-09-05 00:43:15.488 30156-5472  MiuiProcessManagerImpl  com.example.gica2025                 I  setSchedFifo pid:30156, mode:3
2025-09-05 00:43:15.489 30156-5472  MAGT_SYNC_FRAME         com.example.gica2025                 D  MAGT Frame Sync [MEM]: create object, fd = 212, size = 1600
2025-09-05 00:43:15.490 30156-5472  MAGT_SYNC_FRAME         com.example.gica2025                 D  MAGT Frame Sync [MEM]: map object, fd = 212, size = 1600, addr = 0x7bb195f000
2025-09-05 00:43:15.490 30156-5472  xample.gica2025         com.example.gica2025                 D  Can't load libmbrainSDK
2025-09-05 00:43:15.493 30156-5472  libc                    com.example.gica2025                 W  Access denied finding property "ro.vendor.display.iris_x7.support"
2025-09-05 00:43:15.504  1797-2294  HyperSentinel           system_server                        E  -> audit event by proc 30156 "com.example.gica2025": running threads amount, 23 -> 45
2025-09-05 00:43:15.532 30156-5472  LB                      com.example.gica2025                 E  fail to open file: No such file or directory
2025-09-05 00:43:15.532 30156-5472  LB                      com.example.gica2025                 E  fail to open node: No such file or directory
2025-09-05 00:43:15.532 30156-5472  LB                      com.example.gica2025                 E  fail to open node: No such file or directory
2025-09-05 00:43:15.532 30156-5472  GrallocExtra            com.example.gica2025                 I  gralloc_extra_query:is_SW3D 0
2025-09-05 00:43:15.532 30156-5472  libc                    com.example.gica2025                 W  Access denied finding property "ro.vendor.display.iris_x7.support"
2025-09-05 00:43:15.533 30156-5472  BLASTBufferQueue        com.example.gica2025                 D  [VRI[MainActivity]#0](f:0,a:1) acquireNextBufferLocked size=1220x2712 mFrameNumber=1 applyTransaction=true mTimestamp=945754038388755(auto) mPendingTransactions.size=0 graphicBufferId=129519033778179 transform=0
2025-09-05 00:43:15.533 30156-5472  xample.gica2025         com.example.gica2025                 D  Can't load libmbrainSDK
2025-09-05 00:43:15.534 30156-30156 VRI[MainActivity]       com.example.gica2025                 D  vri.reportDrawFinished
2025-09-05 00:43:15.534 30156-30156 Looper                  com.example.gica2025                 W  PerfMonitor doFrame : time=332ms vsyncFrame=73255304 latency=17ms procState=-1 historyMsgCount=8 (msgIndex=1 wall=99ms seq=7 late=13ms h=android.app.ActivityThread$H w=159)
2025-09-05 00:43:15.544 30156-30156 Choreographer           com.example.gica2025                 I  Skipped 37 frames!  The application may be doing too much work on its main thread.
2025-09-05 00:43:15.544 30156-30156 UserSceneDetector       com.example.gica2025                 D  invoke error.
2025-09-05 00:43:15.546 30156-30156 Looper                  com.example.gica2025                 W  PerfMonitor doFrame : time=2ms vsyncFrame=73255310 latency=309ms procState=-1 historyMsgCount=5 (msgIndex=1 wall=332ms seq=15 late=17ms h=android.view.Choreographer$FrameHandler c=android.view.Choreographer$FrameDisplayEventReceiver)
2025-09-05 00:43:15.667 30156-5358  xample.gica2025         com.example.gica2025                 I  Compiler allocated 6826KB to compile void android.view.ViewRootImpl.performTraversals()
2025-09-05 00:43:15.793 30156-5472  libc                    com.example.gica2025                 W  Access denied finding property "ro.vendor.display.iris_x7.support"
2025-09-05 00:43:16.605 30156-5472  libc                    com.example.gica2025                 W  Access denied finding property "ro.vendor.display.iris_x7.support"
2025-09-05 00:43:17.142 30156-30156 MainActivity            com.example.gica2025                 D  Permiso de notificaciones concedido
2025-09-05 00:43:17.142 30156-30156 MainActivity            com.example.gica2025                 D  ðŸ”¥ Iniciando obtenciÃ³n de token FCM...
2025-09-05 00:43:17.146 30156-30156 SecurityManager         com.example.gica2025                 D  checkAccessControl flag0
2025-09-05 00:43:17.160 30156-30156 HandWritingStubImpl     com.example.gica2025                 I  refreshLastKeyboardType: 1
2025-09-05 00:43:17.160 30156-30156 HandWritingStubImpl     com.example.gica2025                 I  getCurrentKeyboardType: 1
2025-09-05 00:43:17.175 30156-30156 HandWritingStubImpl     com.example.gica2025                 I  getCurrentKeyboardType: 1
2025-09-05 00:43:17.247  2382-2978  ActivityManagerWrapper  com.mi.android.globallauncher        E  getRecentTasksForceIncludingTaskIdIfValid: getRecentTasks: size=1
                                                                                                     mainTaskId=2222   userId=0   windowMode=1   baseIntent=Intent { act=android.intent.action.MAIN flag=268435456 cmp=ComponentInfo{com.example.gica2025/com.example.gica2025.MainActivity} }
2025-09-05 00:43:17.253  2382-2978  ActivityManagerWrapper  com.mi.android.globallauncher        E  getRecentTasksForceIncludingTaskIdIfValid: getRecentTasks: size=1
                                                                                                     mainTaskId=2222   userId=0   windowMode=1   baseIntent=Intent { act=android.intent.action.MAIN flag=268435456 cmp=ComponentInfo{com.example.gica2025/com.example.gica2025.MainActivity} }
2025-09-05 00:43:18.778 30156-5439  xample.gica2025         com.example.gica2025                 W  Long monitor contention with owner TAG (5441) at com.google.android.gms.tasks.Task com.google.firebase.messaging.RequestDeduplicator.getOrStartGetTokenRequest(java.lang.String, com.google.firebase.messaging.RequestDeduplicator$GetTokenRequest)(RequestDeduplicator.java:77) waiters=0 in com.google.android.gms.tasks.Task com.google.firebase.messaging.RequestDeduplicator.getOrStartGetTokenRequest(java.lang.String, com.google.firebase.messaging.RequestDeduplicator$GetTokenRequest) for 1.636s
2025-09-05 00:43:19.754 30156-30156 CompatChangeReporter    com.example.gica2025                 D  Compat change id reported: 289878283; UID 10438; state: ENABLED
2025-09-05 00:43:19.857 30156-30156 UserSceneDetector       com.example.gica2025                 D  invoke error.
2025-09-05 00:43:20.070  1797-2294  HyperSentinel           system_server                        E  -> audit event by proc 30156 "com.example.gica2025": RSS increasement, peak 243612kb -> 365664kb
2025-09-05 00:43:20.539 30156-5472  xample.gica2025         com.example.gica2025                 E  FrameInsert open fail: No such file or directory
2025-09-05 00:43:20.864 30156-5598  ProfileInstaller        com.example.gica2025                 D  Installing profile for com.example.gica2025
2025-09-05 00:43:22.641 30156-30156 MainActivity            com.example.gica2025                 D  ðŸ“¬ Callback de token FCM ejecutado
2025-09-05 00:43:22.641 30156-30156 MainActivity            com.example.gica2025                 D  ðŸŽ¯ Token FCM obtenido exitosamente!
2025-09-05 00:43:22.641 30156-30156 MainActivity            com.example.gica2025                 D  ðŸ”‘ Token: eAXkY7pSQUmylHP7KDHLa6:APA91bFEtNsYqKRoKs60sOwCs8odbQU0KzlEFwUjLrPXk1JKWsgWBUw5BXVHFXLLHsXr_ZJQBIll7TZvmp_HGYhvYp8jtpyku4vVud1J_8MaItNrtvMg1MA
2025-09-05 00:43:22.641 30156-30156 MainActivity            com.example.gica2025                 D  ðŸ“¡ Enviando token al servidor WordPress...
2025-09-05 00:43:22.641 30156-30156 MainActivity            com.example.gica2025                 D  ðŸ“¤ Enviando token FCM a WordPress (mobile-api-public.php)...
2025-09-05 00:43:22.641 30156-30156 MainActivity            com.example.gica2025                 D  ðŸ”‘ Token: eAXkY7pSQUmylHP7KDHLa6:APA91bFEtNsYqKRoKs60sOwCs8o...
2025-09-05 00:43:22.645 30156-5616  FCMService              com.example.gica2025                 D  Nuevo token FCM: eAXkY7pSQUmylHP7KDHLa6:APA91bFEtNsYqKRoKs60sOwCs8odbQU0KzlEFwUjLrPXk1JKWsgWBUw5BXVHFXLLHsXr_ZJQBIll7TZvmp_HGYhvYp8jtpyku4vVud1J_8MaItNrtvMg1MA
2025-09-05 00:43:22.646 30156-5616  FCMService              com.example.gica2025                 D  ðŸ“¤ Enviando NUEVO token FCM a WordPress (mobile-api-public.php): eAXkY7pSQUmylHP7KDHLa6:APA91bFEtNsYqKRoKs60sOwCs8odbQU0KzlEFwUjLrPXk1JKWsgWBUw5BXVHFXLLHsXr_ZJQBIll7TZvmp_HGYhvYp8jtpyku4vVud1J_8MaItNrtvMg1MA
2025-09-05 00:43:22.648 30156-5615  MainActivity            com.example.gica2025                 D  ðŸ“± InformaciÃ³n del dispositivo:
2025-09-05 00:43:22.648 30156-5618  FCMService              com.example.gica2025                 D  ðŸ“± InformaciÃ³n del dispositivo (token refresh):
2025-09-05 00:43:22.648 30156-5615  MainActivity            com.example.gica2025                 D     Device ID: f2953f4f7aca2de8
2025-09-05 00:43:22.648 30156-5615  MainActivity            com.example.gica2025                 D     Device Info: Xiaomi 2311DRK48G (Android 15)
2025-09-05 00:43:22.648 30156-5615  MainActivity            com.example.gica2025                 D     App Version: 1.0
2025-09-05 00:43:22.648 30156-5618  FCMService              com.example.gica2025                 D     Device ID: f2953f4f7aca2de8
2025-09-05 00:43:22.648 30156-5618  FCMService              com.example.gica2025                 D     Device Info: Xiaomi 2311DRK48G (Android 15)
2025-09-05 00:43:22.649 30156-5618  FCMService              com.example.gica2025                 D     App Version: 1.0
2025-09-05 00:43:22.659 30156-30156 MIUIInput               com.example.gica2025                 I  [MotionEvent] ViewRootImpl windowName 'com.example.gica2025/com.example.gica2025.MainActivity', { action=ACTION_DOWN, id[0]=0, pointerCount=1, eventTime=945761159, downTime=945761159, phoneEventTime=00:43:22.654 } moveCount:0
2025-09-05 00:43:22.671 30156-5620  okhttp.OkHttpClient     com.example.gica2025                 I  --> POST https://mere-shoes.localsite.io/wp-content/plugins/GICAACCOUNT/mobile-api-public.php
2025-09-05 00:43:22.672 30156-5620  okhttp.OkHttpClient     com.example.gica2025                 I  Content-Length: 318
2025-09-05 00:43:22.672 30156-5620  okhttp.OkHttpClient     com.example.gica2025                 I  Authorization: Basic YmljeWNsZTpwYW5pY2t5
2025-09-05 00:43:22.672 30156-5620  okhttp.OkHttpClient     com.example.gica2025                 I  Content-Type: application/x-www-form-urlencoded
2025-09-05 00:43:22.673 30156-5620  okhttp.OkHttpClient     com.example.gica2025                 I  action=gica_mobile_register_token&api_key=gica_mobile_2024&fcm_token=eAXkY7pSQUmylHP7KDHLa6%3AAPA91bFEtNsYqKRoKs60sOwCs8odbQU0KzlEFwUjLrPXk1JKWsgWBUw5BXVHFXLLHsXr_ZJQBIll7TZvmp_HGYhvYp8jtpyku4vVud1J_8MaItNrtvMg1MA&device_id=f2953f4f7aca2de8&device_info=Xiaomi%202311DRK48G%20%28Android%2015%29&app_version=1.0&user_id=
2025-09-05 00:43:22.673 30156-5620  okhttp.OkHttpClient     com.example.gica2025                 I  --> END POST (318-byte body)
2025-09-05 00:43:22.673 30156-5621  okhttp.OkHttpClient     com.example.gica2025                 I  --> POST https://mere-shoes.localsite.io/wp-content/plugins/GICAACCOUNT/mobile-api-public.php
2025-09-05 00:43:22.676 30156-5621  okhttp.OkHttpClient     com.example.gica2025                 I  Content-Length: 318
2025-09-05 00:43:22.676 30156-5621  okhttp.OkHttpClient     com.example.gica2025                 I  Authorization: Basic YmljeWNsZTpwYW5pY2t5
2025-09-05 00:43:22.676 30156-5621  okhttp.OkHttpClient     com.example.gica2025                 I  Content-Type: application/x-www-form-urlencoded
2025-09-05 00:43:22.676 30156-5621  okhttp.OkHttpClient     com.example.gica2025                 I  action=gica_mobile_register_token&api_key=gica_mobile_2024&fcm_token=eAXkY7pSQUmylHP7KDHLa6%3AAPA91bFEtNsYqKRoKs60sOwCs8odbQU0KzlEFwUjLrPXk1JKWsgWBUw5BXVHFXLLHsXr_ZJQBIll7TZvmp_HGYhvYp8jtpyku4vVud1J_8MaItNrtvMg1MA&device_id=f2953f4f7aca2de8&device_info=Xiaomi%202311DRK48G%20%28Android%2015%29&app_version=1.0&user_id=
2025-09-05 00:43:22.677 30156-5621  okhttp.OkHttpClient     com.example.gica2025                 I  --> END POST (318-byte body)
2025-09-05 00:43:22.705 30156-30156 MIUIInput               com.example.gica2025                 I  [MotionEvent] ViewRootImpl windowName 'com.example.gica2025/com.example.gica2025.MainActivity', { action=ACTION_UP, id[0]=0, pointerCount=1, eventTime=945761209, downTime=945761159, phoneEventTime=00:43:22.704 } moveCount:0
2025-09-05 00:43:22.743 30156-30156 HandWritingStubImpl     com.example.gica2025                 I  refreshLastKeyboardType: 1
2025-09-05 00:43:22.744 30156-30156 HandWritingStubImpl     com.example.gica2025                 I  getCurrentKeyboardType: 1
2025-09-05 00:43:22.746 30156-30156 HandWritingStubImpl     com.example.gica2025                 I  getCurrentKeyboardType: 1
2025-09-05 00:43:22.747 30156-30156 InsetsController        com.example.gica2025                 D  show(ime(), fromIme=false)
2025-09-05 00:43:22.748 30156-30156 ImeTracker              com.example.gica2025                 I  com.example.gica2025:7acc90b1: onRequestShow at ORIGIN_CLIENT reason SHOW_SOFT_INPUT_BY_INSETS_API fromUser false
2025-09-05 00:43:22.749 30156-30156 MiuiMultiWindowUtils    com.example.gica2025                 D  freeform resolution args raw data:{  "wide_default":{    "freeform_args": {        "vertical_portrait":{"aspect_ratio":0.626, "original_ratio":0.5643,"original_scale":0.74,"top_margin":0.168,"left_margin":0.484},        "horizontal_portrait":{"aspect_ratio":0.626, "original_ratio":0.5643,"original_scale":0.74,"top_margin":0.1222,"left_margin":0.59745},        "vertical_landscape":{"aspect_ratio":1.6, "original_ratio":1,"original_scale":0.604,"top_margin":0.2596,"left_margin":0.2624},        "horizontal_landscape":{"aspect_ratio":1.6, "original_ratio":1,"original_scale":0.604,"top_margin":0.213,"left_margin":0.3758}    },    "mini_freeform_args":{        "vertical_portrait":{"original_ratio":0.147},        "horizontal_portrait":{"original_ratio":0.147},        "vertical_landscape":{"original_ratio":0.165},        "horizontal_landscape":{"original_ratio":0.165}    }  },  "narrow_default": {    "freeform_args": {        "vertical_portrait":{"aspect_ratio":0.626, "original_ratio":1,"original_scale":0.74,"top_margin":0.0753,"left_margin":-1},        "horizontal_portrait":{"aspect_ratio":0.626, "original_ratio":1,"original_scale":0.5756,"top_margin":-1,"left_margin":0.0753},        "vertical_landscape":{"aspect_ratio":1.6, "original_ratio":0.6847,"original_scale":0.587,"top_margin":0.0753,"left_margin":-1},        "horizontal_landscape":{"aspect_ratio":1.6, "original_ratio":0.6847,"original_scale":0.587,"top_margin":-1,"left_margin":0.0753}    },    "mini_freeform_args":{        "vertical_portrait":{"original_ratio":0.26},        "horizontal_portrait":{"original_ratio":0.26},        "vertical_landscape":{"original_ratio":0.293},        "horizontal_landscape":{"original_ratio":0.293}    }  },  "regular_default": {    "freeform_args": {      "vertical_portrait":{"aspect_ratio":0.625, "original_ratio":1,"original_scale":0.7,"top_margin":0.109,"left_margin":-1},      "horizontal_portrait":{"aspect_ratio":0.6667, "original_ratio":1,"original_scale":0.6102,"top_margin":-1,"left_margin":0.026},      "vertical_landscape":{"aspect_ratio":1.6, "original_ratio":1,"original_scale":0.4244,"top_margin":0.109,"left_margin":-1},      "horizontal_landscape":{"aspect_ratio":1.6, "original_ratio":1,"original_scale":0.4244,"top_margin":-1,"left_margin":0.026}    },    "mini_freeform_args":{      "vertical_portrait":{"original_ratio":0.25},      "horizontal_portrait":{"original_ratio":0.25},      "vertical_landscape":{"original_ratio":0.25},      "horizontal_landscape":{"original_ratio":0.25}    }  },  "pad_default": {    "freeform_args": {      "vertical_portrait":{"aspect_ratio":0.5625, "original_ratio":0.375,"original_scale":0.835,"top_margin":0.049,"left_margin":0.2775},      "horizontal_portrait":{"aspect_ratio":0.5625, "original_ratio":0.375,"original_scale":0.835,"top_margin":-1,"left_margin":0.6525},      "vertical_landscape":{"aspect_ratio":-1, "original_ratio":1,"original_scale":0.468,"top_margin":0.049,"left_margin":-1},      "horizontal_landscape":{"aspect_ratio":-1, "original_ratio":1,"original_scale":0.468,"top_margin":-1,"left_margin":0.4976}    },    "mini_freeform_args":{      "vertical_portrait":{"original_ratio":0.144},      "horizontal_portrait":{"original_ratio":0.144},      "vertical_landscape":{"original_ratio":0.2},      "horizontal_landscape":{"original_ratio":0.2}    }  }}
2025-09-05 00:43:22.750 30156-30156 MiuiMultiWindowUtils    com.example.gica2025                 D  initFreeFormResolutionArgs failed, device is duchamp
2025-09-05 00:43:22.750 30156-30156 IS_CTS_MODE             com.example.gica2025                 D  false
2025-09-05 00:43:22.750 30156-30156 MULTI_WIND...CH_ENABLED com.example.gica2025                 D  false
2025-09-05 00:43:22.751 30156-30156 InputMethodManager      com.example.gica2025                 D  showSoftInput() view=androidx.compose.ui.platform.AndroidComposeView{e15e35d VFED..... .F....ID 0,0-1220,2712 aid=1073741824} flags=0 reason=SHOW_SOFT_INPUT_BY_INSETS_API
2025-09-05 00:43:22.783 30156-30156 ImeTracker              com.example.gica2025                 I  com.example.gica2025:aaa31640: onRequestShow at ORIGIN_CLIENT reason SHOW_SOFT_INPUT fromUser false
2025-09-05 00:43:22.783 30156-30156 InputMethodManager      com.example.gica2025                 D  showSoftInput() view=androidx.compose.ui.platform.AndroidComposeView{e15e35d VFED..... .F...... 0,0-1220,2712 aid=1073741824} flags=0 reason=SHOW_SOFT_INPUT
2025-09-05 00:43:22.907 30156-30156 InsetsController        com.example.gica2025                 D  show(ime(), fromIme=true)
2025-09-05 00:43:22.908 30156-5634  ViewRootImplStubImpl    com.example.gica2025                 D  requestedTypes: 8
2025-09-05 00:43:22.916 30156-5634  ViewRootImplStubImpl    com.example.gica2025                 D  onAnimationStart
2025-09-05 00:43:22.920 30156-5634  InteractionJankMonitor  com.example.gica2025                 W  Initializing without READ_DEVICE_CONFIG permission. enabled=false, interval=1, missedFrameThreshold=3, frameTimeThreshold=64, package=com.example.gica2025
