2025-09-05 00:10:15.193 25316-27663 ViewRootImplStubImpl    com.example.gica2025                 D  onAnimationUpdate, value: 0.9680731
2025-09-05 00:10:15.201 25316-27663 ViewRootImplStubImpl    com.example.gica2025                 D  onAnimationUpdate, value: 0.97245437
2025-09-05 00:10:15.209 25316-27663 ViewRootImplStubImpl    com.example.gica2025                 D  onAnimationUpdate, value: 0.9762586
2025-09-05 00:10:15.218 25316-27663 ViewRootImplStubImpl    com.example.gica2025                 D  onAnimationUpdate, value: 0.9795574
2025-09-05 00:10:15.232 25316-27663 ViewRootImplStubImpl    com.example.gica2025                 D  onAnimationUpdate, value: 0.9824146
2025-09-05 00:10:15.243 25316-27663 ViewRootImplStubImpl    com.example.gica2025                 D  onAnimationUpdate, value: 0.9848877
2025-09-05 00:10:15.251 25316-27663 ViewRootImplStubImpl    com.example.gica2025                 D  onAnimationUpdate, value: 0.9870248
2025-09-05 00:10:15.259 25316-27663 ViewRootImplStubImpl    com.example.gica2025                 D  onAnimationUpdate, value: 0.9888692
2025-09-05 00:10:15.268 25316-27663 ViewRootImplStubImpl    com.example.gica2025                 D  onAnimationUpdate, value: 0.9904597
2025-09-05 00:10:15.276 25316-27663 ViewRootImplStubImpl    com.example.gica2025                 D  onAnimationUpdate, value: 0.9918294
2025-09-05 00:10:15.284 25316-27663 ViewRootImplStubImpl    com.example.gica2025                 D  onAnimationUpdate, value: 0.99300826
2025-09-05 00:10:15.293 25316-27663 ViewRootImplStubImpl    com.example.gica2025                 D  onAnimationUpdate, value: 0.9940219
2025-09-05 00:10:15.302 25316-27663 ViewRootImplStubImpl    com.example.gica2025                 D  onAnimationUpdate, value: 0.99489266
2025-09-05 00:10:15.309 25316-27663 ViewRootImplStubImpl    com.example.gica2025                 D  onAnimationUpdate, value: 0.99564
2025-09-05 00:10:15.318 25316-27663 ViewRootImplStubImpl    com.example.gica2025                 D  onAnimationUpdate, value: 0.9962808
2025-09-05 00:10:15.327 25316-27663 ViewRootImplStubImpl    com.example.gica2025                 D  onAnimationUpdate, value: 0.9968301
2025-09-05 00:10:15.335 25316-27663 ViewRootImplStubImpl    com.example.gica2025                 D  onAnimationUpdate, value: 0.99730045
2025-09-05 00:10:15.342 25316-27663 ViewRootImplStubImpl    com.example.gica2025                 D  onAnimationUpdate, value: 0.9977028
2025-09-05 00:10:15.350 25316-27663 ViewRootImplStubImpl    com.example.gica2025                 D  onAnimationUpdate, value: 0.99804664
2025-09-05 00:10:15.359 25316-27663 ViewRootImplStubImpl    com.example.gica2025                 D  onAnimationUpdate, value: 0.99834025
2025-09-05 00:10:15.369 25316-27663 ViewRootImplStubImpl    com.example.gica2025                 D  onAnimationUpdate, value: 0.9985908
2025-09-05 00:10:15.376 25316-27663 ViewRootImplStubImpl    com.example.gica2025                 D  onAnimationUpdate, value: 0.99880445
2025-09-05 00:10:15.384 25316-27663 ViewRootImplStubImpl    com.example.gica2025                 D  onAnimationUpdate, value: 1.0
2025-09-05 00:10:15.386 25316-27663 ViewRootImplStubImpl    com.example.gica2025                 D  onAnimationEnd,canceled: false
2025-09-05 00:10:15.390 25316-25316 ImeTracker              com.example.gica2025                 I  com.example.gica2025:4a1dacaf: onShown
2025-09-05 00:10:17.459 25316-25316 VRI[MainActivity]       com.example.gica2025                 V  [ANR Warning]Input routeing takes more than 6000ms since 1969-12-31 19:00:00.000, this = com.mediatek.view.impl.ViewDebugManagerImpl@8a7ee7b
2025-09-05 00:10:17.460 25316-25316 VRI[MainActivity]       com.example.gica2025                 V  Input event delivered to android.view.ViewRootImpl$NativePostImeInputStage@5fb9f4a at 2025-09-05 00:10:17.443
2025-09-05 00:10:17.460 25316-25316 VRI[MainActivity]       com.example.gica2025                 V  Input event delivered to android.view.ViewRootImpl$EarlyPostImeInputStage@c706cb5 at 2025-09-05 00:10:17.442
2025-09-05 00:10:17.460 25316-25316 VRI[MainActivity]       com.example.gica2025                 V  Input event delivered to android.view.ViewRootImpl$ViewPostImeInputStage@3e78ebb at 2025-09-05 00:10:17.443
2025-09-05 00:10:17.460 25316-25316 VRI[MainActivity]       com.example.gica2025                 V  Input event delivered to android.view.ViewRootImpl$SyntheticInputStage@6b6efd8 at 2025-09-05 00:10:17.455
2025-09-05 00:10:17.484 25316-25316 VRI[MainActivity]       com.example.gica2025                 V  [ANR Warning]Input routeing takes more than 6000ms since 1969-12-31 19:00:00.000, this = com.mediatek.view.impl.ViewDebugManagerImpl@8a7ee7b
2025-09-05 00:10:17.485 25316-25316 VRI[MainActivity]       com.example.gica2025                 V  Input event delivered to android.view.ViewRootImpl$NativePostImeInputStage@5fb9f4a at 2025-09-05 00:10:17.484
2025-09-05 00:10:17.485 25316-25316 VRI[MainActivity]       com.example.gica2025                 V  Input event delivered to android.view.ViewRootImpl$EarlyPostImeInputStage@c706cb5 at 2025-09-05 00:10:17.484
2025-09-05 00:10:17.485 25316-25316 VRI[MainActivity]       com.example.gica2025                 V  Input event delivered to android.view.ViewRootImpl$ViewPostImeInputStage@3e78ebb at 2025-09-05 00:10:17.484
2025-09-05 00:10:17.486 25316-25316 VRI[MainActivity]       com.example.gica2025                 V  Input event delivered to android.view.ViewRootImpl$SyntheticInputStage@6b6efd8 at 2025-09-05 00:10:17.484
2025-09-05 00:10:17.621 25316-25316 VRI[MainActivity]       com.example.gica2025                 V  [ANR Warning]Input routeing takes more than 6000ms since 1969-12-31 19:00:00.000, this = com.mediatek.view.impl.ViewDebugManagerImpl@8a7ee7b
2025-09-05 00:10:17.621 25316-25316 VRI[MainActivity]       com.example.gica2025                 V  Input event delivered to android.view.ViewRootImpl$NativePostImeInputStage@5fb9f4a at 2025-09-05 00:10:17.618
2025-09-05 00:10:17.621 25316-25316 VRI[MainActivity]       com.example.gica2025                 V  Input event delivered to android.view.ViewRootImpl$EarlyPostImeInputStage@c706cb5 at 2025-09-05 00:10:17.618
2025-09-05 00:10:17.621 25316-25316 VRI[MainActivity]       com.example.gica2025                 V  Input event delivered to android.view.ViewRootImpl$ViewPostImeInputStage@3e78ebb at 2025-09-05 00:10:17.618
2025-09-05 00:10:17.621 25316-25316 VRI[MainActivity]       com.example.gica2025                 V  Input event delivered to android.view.ViewRootImpl$SyntheticInputStage@6b6efd8 at 2025-09-05 00:10:17.621
2025-09-05 00:10:17.622 25316-25316 VRI[MainActivity]       com.example.gica2025                 V  [ANR Warning]Input routeing takes more than 6000ms since 1969-12-31 19:00:00.000, this = com.mediatek.view.impl.ViewDebugManagerImpl@8a7ee7b
2025-09-05 00:10:17.622 25316-25316 VRI[MainActivity]       com.example.gica2025                 V  Input event delivered to android.view.ViewRootImpl$NativePostImeInputStage@5fb9f4a at 2025-09-05 00:10:17.621
2025-09-05 00:10:17.622 25316-25316 VRI[MainActivity]       com.example.gica2025                 V  Input event delivered to android.view.ViewRootImpl$EarlyPostImeInputStage@c706cb5 at 2025-09-05 00:10:17.621
2025-09-05 00:10:17.622 25316-25316 VRI[MainActivity]       com.example.gica2025                 V  Input event delivered to android.view.ViewRootImpl$ViewPostImeInputStage@3e78ebb at 2025-09-05 00:10:17.621
2025-09-05 00:10:17.622 25316-25316 VRI[MainActivity]       com.example.gica2025                 V  Input event delivered to android.view.ViewRootImpl$SyntheticInputStage@6b6efd8 at 2025-09-05 00:10:17.621
2025-09-05 00:10:20.704 25316-25316 MIUIInput               com.example.gica2025                 I  [MotionEvent] ViewRootImpl windowName 'com.example.gica2025/com.example.gica2025.MainActivity', { action=ACTION_DOWN, id[0]=0, pointerCount=1, eventTime=943779205, downTime=943779205, phoneEventTime=00:10:20.700 } moveCount:0
2025-09-05 00:10:20.762 25316-25316 MIUIInput               com.example.gica2025                 I  [MotionEvent] ViewRootImpl windowName 'com.example.gica2025/com.example.gica2025.MainActivity', { action=ACTION_UP, id[0]=0, pointerCount=1, eventTime=943779266, downTime=943779205, phoneEventTime=00:10:20.760 } moveCount:0
2025-09-05 00:10:20.797 25316-25316 HandWritingStubImpl     com.example.gica2025                 I  getCurrentKeyboardType: 1
2025-09-05 00:10:20.799 25316-25316 InsetsController        com.example.gica2025                 D  show(ime(), fromIme=false)
2025-09-05 00:10:20.799 25316-25316 ImeTracker              com.example.gica2025                 I  com.example.gica2025:ada35585: onRequestShow at ORIGIN_CLIENT reason SHOW_SOFT_INPUT_BY_INSETS_API fromUser false
2025-09-05 00:10:20.799 25316-25316 ImeTracker              com.example.gica2025                 I  com.example.gica2025:ada35585: onCancelled at PHASE_CLIENT_APPLY_ANIMATION
2025-09-05 00:10:20.817 25316-25316 ImeTracker              com.example.gica2025                 I  com.example.gica2025:3d5a839: onRequestShow at ORIGIN_CLIENT reason SHOW_SOFT_INPUT fromUser false
2025-09-05 00:10:20.817 25316-25316 InputMethodManager      com.example.gica2025                 D  showSoftInput() view=androidx.compose.ui.platform.AndroidComposeView{e15e35d VFED..... .F...... 0,0-1220,2712 aid=1073741824} flags=0 reason=SHOW_SOFT_INPUT
2025-09-05 00:10:20.951 25316-25316 InsetsController        com.example.gica2025                 D  show(ime(), fromIme=true)
2025-09-05 00:10:20.952 25316-25316 ImeTracker              com.example.gica2025                 I  com.example.gica2025:345c9400: onCancelled at PHASE_CLIENT_APPLY_ANIMATION
2025-09-05 00:10:20.952 25316-25316 InsetsController        com.example.gica2025                 D  show(ime(), fromIme=true)
2025-09-05 00:10:20.952 25316-25316 ImeTracker              com.example.gica2025                 I  com.example.gica2025:3d5a839: onCancelled at PHASE_CLIENT_APPLY_ANIMATION
2025-09-05 00:10:25.104 25316-25316 MIUIInput               com.example.gica2025                 I  [KeyEvent] ViewRootImpl windowName 'com.example.gica2025/com.example.gica2025.MainActivity', KeyEvent { action=ACTION_DOWN, keyCode=KEYCODE_BACK, scanCode=0, metaState=0, flags=0x48, repeatCount=0, eventTime=943783542000000, downTime=943783542000000, deviceId=-1, source=0x101, displayId=0 }, phoneEventTime=00:10:25.036
2025-09-05 00:10:25.108 25316-25316 MIUIInput               com.example.gica2025                 I  [KeyEvent] ViewRootImpl windowName 'com.example.gica2025/com.example.gica2025.MainActivity', KeyEvent { action=ACTION_UP, keyCode=KEYCODE_BACK, scanCode=0, metaState=0, flags=0x48, repeatCount=0, eventTime=943783605000000, downTime=943783542000000, deviceId=-1, source=0x101, displayId=0 }, phoneEventTime=00:10:25.100
2025-09-05 00:10:25.119 25316-25316 InsetsController        com.example.gica2025                 D  hide(ime(), fromIme=true)
2025-09-05 00:10:25.120 25316-27663 ViewRootImplStubImpl    com.example.gica2025                 D  requestedTypes: 8
2025-09-05 00:10:25.121 25316-27663 ViewRootImplStubImpl    com.example.gica2025                 D  onAnimationStart
2025-09-05 00:10:25.127 25316-27663 ViewRootImplStubImpl    com.example.gica2025                 D  onAnimationUpdate, value: 0.0
2025-09-05 00:10:25.129 25316-27663 ViewRootImplStubImpl    com.example.gica2025                 D  onAnimationUpdate, value: 0.013281544
2025-09-05 00:10:25.138 25316-27663 ViewRootImplStubImpl    com.example.gica2025                 D  onAnimationUpdate, value: 0.04879103
2025-09-05 00:10:25.146 25316-27663 ViewRootImplStubImpl    com.example.gica2025                 D  onAnimationUpdate, value: 0.098930426
2025-09-05 00:10:25.157 25316-27663 ViewRootImplStubImpl    com.example.gica2025                 D  onAnimationUpdate, value: 0.15797937
2025-09-05 00:10:25.163 25316-27663 ViewRootImplStubImpl    com.example.gica2025                 D  onAnimationUpdate, value: 0.22170009
2025-09-05 00:10:25.170 25316-27663 ViewRootImplStubImpl    com.example.gica2025                 D  onAnimationUpdate, value: 0.28700522
2025-09-05 00:10:25.180 25316-27663 ViewRootImplStubImpl    com.example.gica2025                 D  onAnimationUpdate, value: 0.35168314
2025-09-05 00:10:25.187 25316-27663 ViewRootImplStubImpl    com.example.gica2025                 D  onAnimationUpdate, value: 0.41420013
2025-09-05 00:10:25.195 25316-27663 ViewRootImplStubImpl    com.example.gica2025                 D  onAnimationUpdate, value: 0.4735345
2025-09-05 00:10:25.205 25316-27663 ViewRootImplStubImpl    com.example.gica2025                 D  onAnimationUpdate, value: 0.5290701
2025-09-05 00:10:25.213 25316-27663 ViewRootImplStubImpl    com.example.gica2025                 D  onAnimationUpdate, value: 0.5804803
2025-09-05 00:10:25.221 25316-27663 ViewRootImplStubImpl    com.example.gica2025                 D  onAnimationUpdate, value: 0.6276494
2025-09-05 00:10:25.233 25316-27663 ViewRootImplStubImpl    com.example.gica2025                 D  onAnimationUpdate, value: 0.6705782
2025-09-05 00:10:25.237 25316-27663 ViewRootImplStubImpl    com.example.gica2025                 D  onAnimationUpdate, value: 0.7093938
2025-09-05 00:10:25.246 25316-27663 ViewRootImplStubImpl    com.example.gica2025                 D  onAnimationUpdate, value: 0.74429435
2025-09-05 00:10:25.254 25316-27663 ViewRootImplStubImpl    com.example.gica2025                 D  onAnimationUpdate, value: 0.77552754
2025-09-05 00:10:25.262 25316-27663 ViewRootImplStubImpl    com.example.gica2025                 D  onAnimationUpdate, value: 0.80336964
2025-09-05 00:10:25.271 25316-27663 ViewRootImplStubImpl    com.example.gica2025                 D  onAnimationUpdate, value: 0.8280934
2025-09-05 00:10:25.279 25316-27663 ViewRootImplStubImpl    com.example.gica2025                 D  onAnimationUpdate, value: 0.84998304
2025-09-05 00:10:25.287 25316-27663 ViewRootImplStubImpl    com.example.gica2025                 D  onAnimationUpdate, value: 0.86929834
2025-09-05 00:10:25.296 25316-27663 ViewRootImplStubImpl    com.example.gica2025                 D  onAnimationUpdate, value: 0.8862997
2025-09-05 00:10:25.305 25316-27663 ViewRootImplStubImpl    com.example.gica2025                 D  onAnimationUpdate, value: 0.9012258
2025-09-05 00:10:25.312 25316-27663 ViewRootImplStubImpl    com.example.gica2025                 D  onAnimationUpdate, value: 0.9143013
2025-09-05 00:10:25.322 25316-27663 ViewRootImplStubImpl    com.example.gica2025                 D  onAnimationUpdate, value: 0.92573285
2025-09-05 00:10:25.329 25316-27663 ViewRootImplStubImpl    com.example.gica2025                 D  onAnimationUpdate, value: 0.9357101
2025-09-05 00:10:25.338 25316-27663 ViewRootImplStubImpl    com.example.gica2025                 D  onAnimationUpdate, value: 0.9444075
2025-09-05 00:10:25.345 25316-27663 ViewRootImplStubImpl    com.example.gica2025                 D  onAnimationUpdate, value: 0.9519753
2025-09-05 00:10:25.355 25316-27663 ViewRootImplStubImpl    com.example.gica2025                 D  onAnimationUpdate, value: 0.95855063
2025-09-05 00:10:25.362 25316-27663 ViewRootImplStubImpl    com.example.gica2025                 D  onAnimationUpdate, value: 0.964257
2025-09-05 00:10:25.371 25316-27663 ViewRootImplStubImpl    com.example.gica2025                 D  onAnimationUpdate, value: 0.96920276
2025-09-05 00:10:25.379 25316-27663 ViewRootImplStubImpl    com.example.gica2025                 D  onAnimationUpdate, value: 0.9734844
2025-09-05 00:10:25.387 25316-27663 ViewRootImplStubImpl    com.example.gica2025                 D  onAnimationUpdate, value: 0.97718763
2025-09-05 00:10:25.395 25316-27663 ViewRootImplStubImpl    com.example.gica2025                 D  onAnimationUpdate, value: 0.98038733
2025-09-05 00:10:25.403 25316-27663 ViewRootImplStubImpl    com.example.gica2025                 D  onAnimationUpdate, value: 0.98314923
2025-09-05 00:10:25.411 25316-27663 ViewRootImplStubImpl    com.example.gica2025                 D  onAnimationUpdate, value: 0.9855308
2025-09-05 00:10:25.421 25316-27663 ViewRootImplStubImpl    com.example.gica2025                 D  onAnimationUpdate, value: 0.9875827
2025-09-05 00:10:25.428 25316-27663 ViewRootImplStubImpl    com.example.gica2025                 D  onAnimationUpdate, value: 0.9893498
2025-09-05 00:10:25.437 25316-27663 ViewRootImplStubImpl    com.example.gica2025                 D  onAnimationUpdate, value: 0.99087006
2025-09-05 00:10:25.445 25316-27663 ViewRootImplStubImpl    com.example.gica2025                 D  onAnimationUpdate, value: 0.99217767
2025-09-05 00:10:25.453 25316-27663 ViewRootImplStubImpl    com.example.gica2025                 D  onAnimationUpdate, value: 0.99330133
2025-09-05 00:10:25.461 25316-27663 ViewRootImplStubImpl    com.example.gica2025                 D  onAnimationUpdate, value: 0.9942664
2025-09-05 00:10:25.470 25316-27663 ViewRootImplStubImpl    com.example.gica2025                 D  onAnimationUpdate, value: 0.9950945
2025-09-05 00:10:25.479 25316-27663 ViewRootImplStubImpl    com.example.gica2025                 D  onAnimationUpdate, value: 0.9958047
2025-09-05 00:10:25.487 25316-27663 ViewRootImplStubImpl    com.example.gica2025                 D  onAnimationUpdate, value: 0.9964136
2025-09-05 00:10:25.495 25316-27663 ViewRootImplStubImpl    com.example.gica2025                 D  onAnimationUpdate, value: 0.9969352
2025-09-05 00:10:25.504 25316-27663 ViewRootImplStubImpl    com.example.gica2025                 D  onAnimationUpdate, value: 0.99738187
2025-09-05 00:10:25.512 25316-27663 ViewRootImplStubImpl    com.example.gica2025                 D  onAnimationUpdate, value: 0.9977643
2025-09-05 00:10:25.520 25316-27663 ViewRootImplStubImpl    com.example.gica2025                 D  onAnimationUpdate, value: 0.9980915
2025-09-05 00:10:25.528 25316-27663 ViewRootImplStubImpl    com.example.gica2025                 D  onAnimationUpdate, value: 0.9983714
2025-09-05 00:10:25.536 25316-27663 ViewRootImplStubImpl    com.example.gica2025                 D  onAnimationUpdate, value: 0.99861073
2025-09-05 00:10:25.544 25316-27663 ViewRootImplStubImpl    com.example.gica2025                 D  onAnimationUpdate, value: 0.99881524
2025-09-05 00:10:25.553 25316-27663 ViewRootImplStubImpl    com.example.gica2025                 D  onAnimationUpdate, value: 1.0
2025-09-05 00:10:25.555 25316-27663 ViewRootImplStubImpl    com.example.gica2025                 D  onAnimationEnd,canceled: false
2025-09-05 00:10:25.558 25316-25316 ImeTracker              com.example.gica2025                 I  com.example.gica2025:c416633d: onRequestHide at ORIGIN_CLIENT reason HIDE_SOFT_INPUT_ON_ANIMATION_STATE_CHANGED fromUser false
2025-09-05 00:10:25.559 25316-25316 ImeTracker              com.example.gica2025                 I  com.google.android.inputmethod.latin:92170677: onHidden
2025-09-05 00:10:25.599 25316-25316 MIUIInput               com.example.gica2025                 I  [MotionEvent] ViewRootImpl windowName 'com.example.gica2025/com.example.gica2025.MainActivity', { action=ACTION_DOWN, id[0]=0, pointerCount=1, eventTime=943784100, downTime=943784100, phoneEventTime=00:10:25.595 } moveCount:0
2025-09-05 00:10:25.646 25316-25316 MIUIInput               com.example.gica2025                 I  [MotionEvent] ViewRootImpl windowName 'com.example.gica2025/com.example.gica2025.MainActivity', { action=ACTION_UP, id[0]=0, pointerCount=1, eventTime=943784148, downTime=943784100, phoneEventTime=00:10:25.642 } moveCount:0
2025-09-05 00:10:25.651 25316-25316 AuthRepository          com.example.gica2025                 D  Iniciando login para usuario: lammy
2025-09-05 00:10:25.664 25316-27721 okhttp.OkHttpClient     com.example.gica2025                 I  --> POST https://solid-plot.localsite.io/wp-json/gicaform/v1/auth/login
2025-09-05 00:10:25.664 25316-27721 okhttp.OkHttpClient     com.example.gica2025                 I  Content-Length: 146
2025-09-05 00:10:25.665 25316-27721 okhttp.OkHttpClient     com.example.gica2025                 I  Authorization: Basic bmVpZ2hib3JseTpjdXNoaW9u
2025-09-05 00:10:25.665 25316-27721 okhttp.OkHttpClient     com.example.gica2025                 I  Content-Type: application/json
2025-09-05 00:10:25.665 25316-27721 okhttp.OkHttpClient     com.example.gica2025                 I  Accept: application/json
2025-09-05 00:10:25.666 25316-27721 okhttp.OkHttpClient     com.example.gica2025                 I  {"device_info":{"app_version":"1.0.0","device_id":"f2953f4f7aca2de8","platform":"android","type":"mobile"},"password":"123456","username":"lammy"}
2025-09-05 00:10:25.666 25316-27721 okhttp.OkHttpClient     com.example.gica2025                 I  --> END POST (146-byte body)
2025-09-05 00:10:25.698 25316-25316 InsetsController        com.example.gica2025                 D  hide(ime(), fromIme=false)
2025-09-05 00:10:25.699 25316-25316 ImeTracker              com.example.gica2025                 I  com.example.gica2025:85aa1e30: onRequestHide at ORIGIN_CLIENT reason HIDE_SOFT_INPUT_BY_INSETS_API fromUser false
2025-09-05 00:10:25.699 25316-25316 ImeTracker              com.example.gica2025                 I  com.example.gica2025:85aa1e30: onCancelled at PHASE_CLIENT_APPLY_ANIMATION
2025-09-05 00:10:25.699 25316-25316 HandWritingStubImpl     com.example.gica2025                 I  getCurrentKeyboardType: 1
2025-09-05 00:10:26.421 25316-27721 okhttp.OkHttpClient     com.example.gica2025                 I  <-- 401 https://solid-plot.localsite.io/wp-json/gicaform/v1/auth/login (754ms)
2025-09-05 00:10:26.421 25316-27721 okhttp.OkHttpClient     com.example.gica2025                 I  date: Fri, 05 Sep 2025 05:10:26 GMT
2025-09-05 00:10:26.421 25316-27721 okhttp.OkHttpClient     com.example.gica2025                 I  content-type: application/json; charset=UTF-8
2025-09-05 00:10:26.421 25316-27721 okhttp.OkHttpClient     com.example.gica2025                 I  content-length: 146
2025-09-05 00:10:26.421 25316-27721 okhttp.OkHttpClient     com.example.gica2025                 I  x-request-id: 8f85bd8b72413e20d385ee6c825a2fea
2025-09-05 00:10:26.421 25316-27721 okhttp.OkHttpClient     com.example.gica2025                 I  x-real-ip: 179.7.110.102
2025-09-05 00:10:26.421 25316-27721 okhttp.OkHttpClient     com.example.gica2025                 I  x-forwarded-for: 179.7.110.102
2025-09-05 00:10:26.421 25316-27721 okhttp.OkHttpClient     com.example.gica2025                 I  x-forwarded-host: solid-plot.localsite.io
2025-09-05 00:10:26.421 25316-27721 okhttp.OkHttpClient     com.example.gica2025                 I  x-forwarded-port: 443
2025-09-05 00:10:26.421 25316-27721 okhttp.OkHttpClient     com.example.gica2025                 I  x-forwarded-proto: https
2025-09-05 00:10:26.421 25316-27721 okhttp.OkHttpClient     com.example.gica2025                 I  x-forwarded-scheme: https
2025-09-05 00:10:26.421 25316-27721 okhttp.OkHttpClient     com.example.gica2025                 I  x-scheme: https
2025-09-05 00:10:26.421 25316-27721 okhttp.OkHttpClient     com.example.gica2025                 I  authorization: Basic bmVpZ2hib3JseTpjdXNoaW9u
2025-09-05 00:10:26.421 25316-27721 okhttp.OkHttpClient     com.example.gica2025                 I  accept: application/json
2025-09-05 00:10:26.421 25316-27721 okhttp.OkHttpClient     com.example.gica2025                 I  accept-encoding: gzip
2025-09-05 00:10:26.421 25316-27721 okhttp.OkHttpClient     com.example.gica2025                 I  user-agent: okhttp/4.12.0
2025-09-05 00:10:26.421 25316-27721 okhttp.OkHttpClient     com.example.gica2025                 I  x-tunnel-uuid: 91a75843-d3d6-46c7-8415-9be463439d21
2025-09-05 00:10:26.421 25316-27721 okhttp.OkHttpClient     com.example.gica2025                 I  www-authenticate: Basic
2025-09-05 00:10:26.421 25316-27721 okhttp.OkHttpClient     com.example.gica2025                 I  strict-transport-security: max-age=15724800; includeSubDomains
2025-09-05 00:10:26.422 25316-27721 okhttp.OkHttpClient     com.example.gica2025                 I  {"device_info":{"app_version":"1.0.0","device_id":"f2953f4f7aca2de8","platform":"android","type":"mobile"},"password":"123456","username":"lammy"}
2025-09-05 00:10:26.422 25316-27721 okhttp.OkHttpClient     com.example.gica2025                 I  <-- END HTTP (146-byte body)
2025-09-05 00:10:26.423 25316-25316 AuthRepository          com.example.gica2025                 D  Respuesta HTTP: 401 - 
2025-09-05 00:10:26.423 25316-25316 AuthRepository          com.example.gica2025                 E  Error body: {"device_info":{"app_version":"1.0.0","device_id":"f2953f4f7aca2de8","platform":"android","type":"mobile"},"password":"123456","username":"lammy"}
2025-09-05 00:10:31.367 25316-25316 MIUIInput               com.example.gica2025                 I  [MotionEvent] ViewRootImpl windowName 'com.example.gica2025/com.example.gica2025.MainActivity', { action=ACTION_DOWN, id[0]=0, pointerCount=1, eventTime=943789869, downTime=943789869, phoneEventTime=00:10:31.364 } moveCount:0
2025-09-05 00:10:31.407 25316-25316 MIUIInput               com.example.gica2025                 I  [MotionEvent] ViewRootImpl windowName 'com.example.gica2025/com.example.gica2025.MainActivity', { action=ACTION_UP, id[0]=0, pointerCount=1, eventTime=943789910, downTime=943789869, phoneEventTime=00:10:31.404 } moveCount:0
2025-09-05 00:11:51.898  2382-2978  ActivityManagerWrapper  com.mi.android.globallauncher        E  getRecentTasksForceIncludingTaskIdIfValid: getRecentTasks: size=1
                                                                                                     mainTaskId=2215   userId=0   windowMode=1   baseIntent=Intent { act=android.intent.action.MAIN flag=268435456 cmp=ComponentInfo{com.example.gica2025/com.example.gica2025.MainActivity} }
---------------------------- PROCESS ENDED (25316) for package com.example.gica2025 ----------------------------
2025-09-05 00:11:52.092  2382-2978  ActivityManagerWrapper  com.mi.android.globallauncher        E  getRecentTasksForceIncludingTaskIdIfValid: getRecentTasks: size=1
                                                                                                     mainTaskId=2215   userId=0   windowMode=1   baseIntent=Intent { act=android.intent.action.MAIN flag=268435456 cmp=ComponentInfo{com.example.gica2025/com.example.gica2025.MainActivity} }
2025-09-05 00:11:52.839  2382-2978  ActivityManagerWrapper  com.mi.android.globallauncher        E  getRecentTasksForceIncludingTaskIdIfValid: getRecentTasks: size=1
                                                                                                     mainTaskId=2215   userId=0   windowMode=1   baseIntent=Intent { act=android.intent.action.MAIN flag=268435456 cmp=ComponentInfo{com.example.gica2025/com.example.gica2025.MainActivity} }
2025-09-05 00:11:52.852  2382-2978  ActivityManagerWrapper  com.mi.android.globallauncher        E  getRecentTasksForceIncludingTaskIdIfValid: getRecentTasks: size=1
                                                                                                     mainTaskId=2215   userId=0   windowMode=1   baseIntent=Intent { act=android.intent.action.MAIN flag=268435456 cmp=ComponentInfo{com.example.gica2025/com.example.gica2025.MainActivity} }
2025-09-05 00:11:53.193 26921-26921 Zygote                  usap64                               E  process_name_ptr:26921 com.example.gica2025
2025-09-05 00:11:53.193 26921-26921 Zygote                  usap64                               E  SetMemoryProtected process_name_ptr:26921 com.example.gica2025
2025-09-05 00:11:53.211  2382-2978  ActivityManagerWrapper  com.mi.android.globallauncher        E  getRecentTasksForceIncludingTaskIdIfValid: getRecentTasks: size=1
                                                                                                     mainTaskId=2216   userId=0   windowMode=1   baseIntent=Intent { act=android.intent.action.MAIN flag=268435456 cmp=ComponentInfo{com.example.gica2025/com.example.gica2025.MainActivity} }
2025-09-05 00:11:53.222  2382-2978  ActivityManagerWrapper  com.mi.android.globallauncher        E  getRecentTasksForceIncludingTaskIdIfValid: getRecentTasks: size=1
                                                                                                     mainTaskId=2216   userId=0   windowMode=1   baseIntent=Intent { act=android.intent.action.MAIN flag=268435456 cmp=ComponentInfo{com.example.gica2025/com.example.gica2025.MainActivity} }
2025-09-05 00:11:53.316  2382-2978  ActivityManagerWrapper  com.mi.android.globallauncher        E  getRecentTasksForceIncludingTaskIdIfValid: getRecentTasks: size=1
                                                                                                     mainTaskId=2216   userId=0   windowMode=1   baseIntent=Intent { act=android.intent.action.MAIN flag=268435456 cmp=ComponentInfo{com.example.gica2025/com.example.gica2025.MainActivity} }
2025-09-05 00:11:53.325  2382-2978  ActivityManagerWrapper  com.mi.android.globallauncher        E  getRecentTasksForceIncludingTaskIdIfValid: getRecentTasks: size=1
                                                                                                     mainTaskId=2216   userId=0   windowMode=1   baseIntent=Intent { act=android.intent.action.MAIN flag=268435456 cmp=ComponentInfo{com.example.gica2025/com.example.gica2025.MainActivity} }
---------------------------- PROCESS STARTED (26921) for package com.example.gica2025 ----------------------------
2025-09-05 00:11:53.418 26921-26921 ActivityThread          com.example.gica2025                 D  setEmbeddedParam packageName=com.example.gica2025 processName=com.example.gica2025 isEmbedded=false isIsolated=false
2025-09-05 00:11:53.761 26921-26921 nativeloader            com.example.gica2025                 D  Configuring clns-7 for other apk /data/app/~~-rWM0pW8rv_aiYNscaB6sA==/com.example.gica2025-yotP-SgFy3l0mcBTPlTHfQ==/base.apk. target_sdk_version=34, uses_libraries=, library_path=/data/app/~~-rWM0pW8rv_aiYNscaB6sA==/com.example.gica2025-yotP-SgFy3l0mcBTPlTHfQ==/lib/arm64:/data/app/~~-rWM0pW8rv_aiYNscaB6sA==/com.example.gica2025-yotP-SgFy3l0mcBTPlTHfQ==/base.apk!/lib/arm64-v8a, permitted_path=/data:/mnt/expand:/data/user/0/com.example.gica2025
2025-09-05 00:11:53.766 26921-26921 GraphicsEnvironment     com.example.gica2025                 V  Currently set values for:
2025-09-05 00:11:53.766 26921-26921 GraphicsEnvironment     com.example.gica2025                 V    angle_gl_driver_selection_pkgs=[com.android.angle, com.linecorp.b612.android, com.campmobile.snow, com.google.android.apps.tachyon]
2025-09-05 00:11:53.766 26921-26921 GraphicsEnvironment     com.example.gica2025                 V    angle_gl_driver_selection_values=[angle, native, native, native]
2025-09-05 00:11:53.767 26921-26921 GraphicsEnvironment     com.example.gica2025                 V  com.example.gica2025 is not listed in per-application setting
2025-09-05 00:11:53.767 26921-26921 GraphicsEnvironment     com.example.gica2025                 V  App is not on the allowlist for updatable production driver.
2025-09-05 00:11:53.769 26921-28076 ActivityThread          com.example.gica2025                 I  TrafficStats init done
2025-09-05 00:11:53.774 26921-28076 ForceDarkHelperStubImpl com.example.gica2025                 I  initialize for com.example.gica2025 , ForceDarkAppConfig: null
2025-09-05 00:11:53.776 26921-28076 nativeloader            com.example.gica2025                 D  Load libforcedarkimpl.so using system ns (caller=/system_ext/framework/miui-framework.jar): ok
2025-09-05 00:11:53.776 26921-28076 HWUI                    com.example.gica2025                 D  JNI_OnLoad success
2025-09-05 00:11:53.776 26921-28076 MiuiForceDarkConfig     com.example.gica2025                 I  setConfig density:3.000000, mainRule:0, secondaryRule:0, tertiaryRule:0
2025-09-05 00:11:53.778 26921-28076 ActivityThread          com.example.gica2025                 I  Miui Feature Init done
2025-09-05 00:11:53.784 26921-26921 FirebaseApp             com.example.gica2025                 I  Device unlocked: initializing all Firebase APIs for app [DEFAULT]
2025-09-05 00:11:53.795 26921-26921 FirebaseInitProvider    com.example.gica2025                 I  FirebaseApp initialization successful
2025-09-05 00:11:53.814 26921-26921 GicaApplication         com.example.gica2025                 D  Inicializando GICA Application...
2025-09-05 00:11:53.815 26921-26921 GicaApplication         com.example.gica2025                 D  âœ… Firebase inicializado correctamente
2025-09-05 00:11:53.819 26921-28090 xample.gica2025         com.example.gica2025                 W  ClassLoaderContext classpath size mismatch. expected=1, found=0 (DLC[];PCL[base.apk*2043734926]{PCL[/system/framework/org.apache.http.legacy.jar*4025584831]#PCL[/system/framework/com.android.media.remotedisplay.jar*2042759013]#PCL[/system/framework/com.android.location.provider.jar*3414091812]#PCL[/system_ext/framework/androidx.window.extensions.jar*3059430538]#PCL[/system_ext/framework/androidx.window.sidecar.jar*150681844]} | DLC[];PCL[])
2025-09-05 00:11:53.820 26921-26921 GicaApplication         com.example.gica2025                 D  âœ… Canal de notificaciÃ³n creado: gica_notifications
2025-09-05 00:11:53.820 26921-26921 GicaApplication         com.example.gica2025                 D  GICA Application inicializada correctamente
2025-09-05 00:11:53.821 26921-28090 DynamiteModule          com.example.gica2025                 I  Considering local module com.google.android.gms.measurement.dynamite:117 and remote module com.google.android.gms.measurement.dynamite:158
2025-09-05 00:11:53.821 26921-28090 DynamiteModule          com.example.gica2025                 I  Selected remote version of com.google.android.gms.measurement.dynamite, version >= 158
2025-09-05 00:11:53.821 26921-28090 DynamiteModule          com.example.gica2025                 V  Dynamite loader version >= 2, using loadModule2NoCrashUtils
2025-09-05 00:11:53.830 26921-26921 libc                    com.example.gica2025                 W  Access denied finding property "ro.vendor.perf.scroll_opt"
2025-09-05 00:11:53.835 26921-26921 nativeloader            com.example.gica2025                 D  Load libpowerhalwrap_jni.so using system ns (caller=/system_ext/framework/mediatek-framework.jar): ok
2025-09-05 00:11:53.835 26921-26921 PowerHalWrapper         com.example.gica2025                 I  PowerHalWrapper.getInstance 
2025-09-05 00:11:53.836 26921-26921 M-ProMotion             com.example.gica2025                 I  M-ProMotion is disabled
2025-09-05 00:11:53.839 26921-26921 UnionPowerNotifier      com.example.gica2025                 D  check_union_power_ioctl -1
2025-09-05 00:11:53.840 26921-28090 System                  com.example.gica2025                 W  ClassLoader referenced unknown path: 
2025-09-05 00:11:53.840 26921-28090 nativeloader            com.example.gica2025                 D  Configuring clns-8 for other apk . target_sdk_version=36, uses_libraries=, library_path=/data/app/~~iHu5ybxu17SKujL8y0ROIg==/com.google.android.gms-YO7wVuOWk2DhIFdqfjStSA==/lib/arm64:/data/app/~~iHu5ybxu17SKujL8y0ROIg==/com.google.android.gms-YO7wVuOWk2DhIFdqfjStSA==/base.apk!/lib/arm64-v8a, permitted_path=/data:/mnt/expand:/data/user/0/com.google.android.gms
2025-09-05 00:11:53.840  2382-2978  ActivityManagerWrapper  com.mi.android.globallauncher        E  getRecentTasksForceIncludingTaskIdIfValid: getRecentTasks: size=1
                                                                                                     mainTaskId=2216   userId=0   windowMode=1   baseIntent=Intent { act=android.intent.action.MAIN flag=268435456 cmp=ComponentInfo{com.example.gica2025/com.example.gica2025.MainActivity} }
2025-09-05 00:11:53.840 26921-26921 FramePredict            com.example.gica2025                 D  FramePredict init: false
2025-09-05 00:11:53.844 26921-28076 ActivityThread          com.example.gica2025                 I  HardwareRenderer preload  done
2025-09-05 00:11:53.850 26921-28090 xample.gica2025         com.example.gica2025                 W  ClassLoaderContext classpath element checksum mismatch. expected=2043734926, found=3958148669 (DLC[];PCL[base.apk*2043734926]{PCL[/system/framework/org.apache.http.legacy.jar*4025584831]#PCL[/system/framework/com.android.media.remotedisplay.jar*2042759013]#PCL[/system/framework/com.android.location.provider.jar*3414091812]#PCL[/system_ext/framework/androidx.window.extensions.jar*3059430538]#PCL[/system_ext/framework/androidx.window.sidecar.jar*150681844]} | DLC[];PCL[/data/app/~~-rWM0pW8rv_aiYNscaB6sA==/com.example.gica2025-yotP-SgFy3l0mcBTPlTHfQ==/base.apk*3958148669])
2025-09-05 00:11:53.863 26921-28102 libc                    com.example.gica2025                 W  Access denied finding property "vendor.migl.debug"
2025-09-05 00:11:53.863 26921-28102 libMiGL                 com.example.gica2025                 I  EnableDR: 0
2025-09-05 00:11:53.863 26921-28102 libMEOW                 com.example.gica2025                 D  meow new tls: 0xb400007ac7df0130
2025-09-05 00:11:53.863 26921-28102 libMEOW                 com.example.gica2025                 D  meow reload base cfg path: na
2025-09-05 00:11:53.863 26921-28102 libMEOW                 com.example.gica2025                 D  meow reload overlay cfg path: na
2025-09-05 00:11:53.863 26921-28102 QT                      com.example.gica2025                 W  qt_process_init() called
2025-09-05 00:11:53.863 26921-28102 QT                      com.example.gica2025                 E  [QT]file does not exist
2025-09-05 00:11:53.863 26921-28102 QT                      com.example.gica2025                 W  Support!!
2025-09-05 00:11:53.863 26921-28102 libMEOW                 com.example.gica2025                 D  applied 0 plugin for [com.example.gica2025].
2025-09-05 00:11:53.878 26921-26921 MainActivity            com.example.gica2025                 D  ðŸš€ MainActivity iniciada - onCreate()
2025-09-05 00:11:53.878 26921-26921 MainActivity            com.example.gica2025                 D  ðŸ“± Dispositivo: Xiaomi 2311DRK48G
2025-09-05 00:11:53.878 26921-26921 MainActivity            com.example.gica2025                 D  ðŸ¤– Android: 15 (API 35)
2025-09-05 00:11:53.878 26921-26921 MainActivity            com.example.gica2025                 D  ðŸ”” Iniciando proceso de notificaciones...
2025-09-05 00:11:53.878 26921-26921 MainActivity            com.example.gica2025                 D  ðŸ” Verificando permisos de notificaciÃ³n...
2025-09-05 00:11:53.878 26921-26921 MainActivity            com.example.gica2025                 D  ðŸ“± Android 13+ detectado - Verificando POST_NOTIFICATIONS
2025-09-05 00:11:53.878 26921-26921 MainActivity            com.example.gica2025                 D  âœ… Permiso de notificaciones ya concedido
2025-09-05 00:11:53.878 26921-26921 MainActivity            com.example.gica2025                 D  ðŸ”¥ Iniciando obtenciÃ³n de token FCM...
2025-09-05 00:11:53.891 26921-28110 xample.gica2025         com.example.gica2025                 I  hiddenapi: Accessing hidden method Ldalvik/system/VMStack;->getStackClass2()Ljava/lang/Class; (runtime_flags=0, domain=core-platform, api=unsupported) from Lm7/aom; (domain=app) using reflection: allowed
2025-09-05 00:11:53.902 26921-26921 libc                    com.example.gica2025                 W  Access denied finding property "ro.vendor.df.effect.conflict"
2025-09-05 00:11:53.903 26921-26921 SecurityManager         com.example.gica2025                 D  checkAccessControl flag0
2025-09-05 00:11:53.904 26921-28108 xample.gica2025         com.example.gica2025                 E  No package ID 6a found for resource ID 0x6a0b000f.
2025-09-05 00:11:53.905 26921-28108 FA                      com.example.gica2025                 I  App measurement initialized, version: 136000
2025-09-05 00:11:53.905 26921-28108 FA                      com.example.gica2025                 I  To enable debug logging run: adb shell setprop log.tag.FA VERBOSE
2025-09-05 00:11:53.905 26921-28108 FA                      com.example.gica2025                 I  To enable faster debug mode event logging run:
                                                                                                      adb shell setprop debug.firebase.analytics.app com.example.gica2025
2025-09-05 00:11:53.905 26921-28097 PowerHalWrapper         com.example.gica2025                 I  PowerHalWrapper.getInstance 
2025-09-05 00:11:53.908 26921-26921 SurfaceFactory          com.example.gica2025                 I  [static] sSurfaceFactory = com.mediatek.view.impl.SurfaceFactoryImpl@c968e36
2025-09-05 00:11:53.914 26921-26921 FramePredict            com.example.gica2025                 D  init success
2025-09-05 00:11:53.916 26921-28114 FramePredict            com.example.gica2025                 E  registerContentObserver fail
2025-09-05 00:11:53.919 26921-28102 libc                    com.example.gica2025                 W  Access denied finding property "ro.vendor.display.iris_x7.support"
2025-09-05 00:11:53.922 26921-26921 ForceDarkHelperStubImpl com.example.gica2025                 I  setViewRootImplForceDark: false for com.example.gica2025.MainActivity@8393cd9, reason: AppDarkModeEnable
2025-09-05 00:11:53.922 26921-26921 VRI[MainActivity]       com.example.gica2025                 D  hardware acceleration = true, forceHwAccelerated = false
2025-09-05 00:11:53.931 26921-26921 InputEventReceiver      com.example.gica2025                 D  Input log is disabled in InputEventReceiver.
2025-09-05 00:11:53.934 26921-26921 MainActivity            com.example.gica2025                 D  ðŸ“¬ Callback de token FCM ejecutado
2025-09-05 00:11:53.934 26921-26921 MainActivity            com.example.gica2025                 D  ðŸŽ¯ Token FCM obtenido exitosamente!
2025-09-05 00:11:53.935 26921-26921 MainActivity            com.example.gica2025                 D  ðŸ”‘ Token: cD44GwQ3Ta-hoYVhwlrfLL:APA91bFxRb8SG9Kn4PSJGGVhlqM9W6p5WN3UkUWQ8aBt54dyFUt-y8sOlUk4t0H70lokE5RK9ept3s0Jz_YK94Vlf58KwDRfq9Y6cUJdIM5NzkEV7YIvJUU
2025-09-05 00:11:53.935 26921-26921 MainActivity            com.example.gica2025                 D  ðŸ“¡ Enviando token al servidor WordPress...
2025-09-05 00:11:53.935 26921-26921 MainActivity            com.example.gica2025                 D  ðŸ“¤ Enviando token FCM a WordPress (mobile-api-public.php)...
2025-09-05 00:11:53.936 26921-26921 MainActivity            com.example.gica2025                 D  ðŸ”‘ Token: cD44GwQ3Ta-hoYVhwlrfLL:APA91bFxRb8SG9Kn4PSJGGVhlqM...
2025-09-05 00:11:53.944 26921-28108 FA                      com.example.gica2025                 I  Tag Manager is not found and thus will not be used
2025-09-05 00:11:53.953 26921-28117 MainActivity            com.example.gica2025                 D  ðŸ“± InformaciÃ³n del dispositivo:
2025-09-05 00:11:53.953 26921-28117 MainActivity            com.example.gica2025                 D     Device ID: f2953f4f7aca2de8
2025-09-05 00:11:53.953 26921-28117 MainActivity            com.example.gica2025                 D     Device Info: Xiaomi 2311DRK48G (Android 15)
2025-09-05 00:11:53.953 26921-28117 MainActivity            com.example.gica2025                 D     App Version: 1.0
2025-09-05 00:11:53.992 26921-28120 okhttp.OkHttpClient     com.example.gica2025                 I  --> POST https://solid-plot.localsite.io/wp-content/plugins/GICAACCOUNT/mobile-api-public.php
2025-09-05 00:11:53.993 26921-28120 okhttp.OkHttpClient     com.example.gica2025                 I  Content-Length: 318
2025-09-05 00:11:53.993 26921-28120 okhttp.OkHttpClient     com.example.gica2025                 I  Authorization: Basic bmVpZ2hib3JseTpjdXNoaW9u
2025-09-05 00:11:53.993 26921-28120 okhttp.OkHttpClient     com.example.gica2025                 I  Content-Type: application/x-www-form-urlencoded
2025-09-05 00:11:53.993 26921-28120 okhttp.OkHttpClient     com.example.gica2025                 I  action=gica_mobile_register_token&api_key=gica_mobile_2024&fcm_token=cD44GwQ3Ta-hoYVhwlrfLL%3AAPA91bFxRb8SG9Kn4PSJGGVhlqM9W6p5WN3UkUWQ8aBt54dyFUt-y8sOlUk4t0H70lokE5RK9ept3s0Jz_YK94Vlf58KwDRfq9Y6cUJdIM5NzkEV7YIvJUU&device_id=f2953f4f7aca2de8&device_info=Xiaomi%202311DRK48G%20%28Android%2015%29&app_version=1.0&user_id=
2025-09-05 00:11:53.994 26921-28120 okhttp.OkHttpClient     com.example.gica2025                 I  --> END POST (318-byte body)
2025-09-05 00:11:54.150 26921-26921 BufferQueueConsumer     com.example.gica2025                 D  [](id:692900000000,api:0,p:-1,c:26921) connect: controlledByApp=false
2025-09-05 00:11:54.151 26921-26921 BLASTBufferQueue        com.example.gica2025                 D  [VRI[MainActivity]#0](f:0,a:0) constructor()
2025-09-05 00:11:54.151 26921-26921 BLASTBufferQueue        com.example.gica2025                 D  [VRI[MainActivity]#0](f:0,a:0) update width=1220 height=2712 format=-1 mTransformHint=0
2025-09-05 00:11:54.162 26921-26921 VRI[MainActivity]       com.example.gica2025                 D  vri.reportNextDraw android.view.ViewRootImpl.performTraversals:4970 android.view.ViewRootImpl.doTraversal:3561 android.view.ViewRootImpl$TraversalRunnable.run:11760 android.view.Choreographer$CallbackRecord.run:1804 android.view.Choreographer$CallbackRecord.run:1813 
2025-09-05 00:11:54.163 26921-26921 VRI[MainActivity]       com.example.gica2025                 D  Setup new sync=wmsSync-VRI[MainActivity]#0
2025-09-05 00:11:54.164 26921-26921 UserSceneDetector       com.example.gica2025                 D  invoke error.
2025-09-05 00:11:54.177 26921-28102 HWUI                    com.example.gica2025                 D  makeCurrent grContext:0xb400007a27cd3b10 reset mTextureAvailable
2025-09-05 00:11:54.180 26921-28102 xample.gica2025         com.example.gica2025                 D  MiuiProcessManagerServiceStub setSchedFifo
2025-09-05 00:11:54.180 26921-28102 MiuiProcessManagerImpl  com.example.gica2025                 I  setSchedFifo pid:26921, mode:3
2025-09-05 00:11:54.183 26921-28102 MAGT_SYNC_FRAME         com.example.gica2025                 D  MAGT Frame Sync [MEM]: create object, fd = 213, size = 1600
2025-09-05 00:11:54.183 26921-28102 MAGT_SYNC_FRAME         com.example.gica2025                 D  MAGT Frame Sync [MEM]: map object, fd = 213, size = 1600, addr = 0x7bb1937000
2025-09-05 00:11:54.183 26921-28102 xample.gica2025         com.example.gica2025                 D  Can't load libmbrainSDK
2025-09-05 00:11:54.186 26921-28102 libc                    com.example.gica2025                 W  Access denied finding property "ro.vendor.display.iris_x7.support"
2025-09-05 00:11:54.190 26921-28102 LB                      com.example.gica2025                 E  fail to open file: No such file or directory
2025-09-05 00:11:54.190 26921-28102 LB                      com.example.gica2025                 E  fail to open node: No such file or directory
2025-09-05 00:11:54.190 26921-28102 LB                      com.example.gica2025                 E  fail to open node: No such file or directory
2025-09-05 00:11:54.190 26921-28102 GrallocExtra            com.example.gica2025                 I  gralloc_extra_query:is_SW3D 0
2025-09-05 00:11:54.190 26921-28102 libc                    com.example.gica2025                 W  Access denied finding property "ro.vendor.display.iris_x7.support"
2025-09-05 00:11:54.190 26921-28102 BLASTBufferQueue        com.example.gica2025                 D  [VRI[MainActivity]#0](f:0,a:1) acquireNextBufferLocked size=1220x2712 mFrameNumber=1 applyTransaction=true mTimestamp=943872695888027(auto) mPendingTransactions.size=0 graphicBufferId=115624814575619 transform=0
2025-09-05 00:11:54.190 26921-28102 xample.gica2025         com.example.gica2025                 D  Can't load libmbrainSDK
2025-09-05 00:11:54.193 26921-26921 VRI[MainActivity]       com.example.gica2025                 D  vri.reportDrawFinished
2025-09-05 00:11:54.201 26921-26921 UserSceneDetector       com.example.gica2025                 D  invoke error.
2025-09-05 00:11:54.223 26921-26921 HandWritingStubImpl     com.example.gica2025                 I  refreshLastKeyboardType: 1
2025-09-05 00:11:54.223 26921-26921 HandWritingStubImpl     com.example.gica2025                 I  getCurrentKeyboardType: 1
2025-09-05 00:11:54.236 26921-26921 HandWritingStubImpl     com.example.gica2025                 I  getCurrentKeyboardType: 1
2025-09-05 00:11:54.370 26921-28059 xample.gica2025         com.example.gica2025                 I  Compiler allocated 6826KB to compile void android.view.ViewRootImpl.performTraversals()
2025-09-05 00:11:54.591 26921-28102 libc                    com.example.gica2025                 W  Access denied finding property "ro.vendor.display.iris_x7.support"
2025-09-05 00:11:54.715 26921-28120 okhttp.OkHttpClient     com.example.gica2025                 I  <-- 401 https://solid-plot.localsite.io/wp-content/plugins/GICAACCOUNT/mobile-api-public.php (720ms)
2025-09-05 00:11:54.715 26921-28120 okhttp.OkHttpClient     com.example.gica2025                 I  date: Fri, 05 Sep 2025 05:11:55 GMT
2025-09-05 00:11:54.715 26921-28120 okhttp.OkHttpClient     com.example.gica2025                 I  content-type: application/x-www-form-urlencoded
2025-09-05 00:11:54.715 26921-28120 okhttp.OkHttpClient     com.example.gica2025                 I  content-length: 318
2025-09-05 00:11:54.715 26921-28120 okhttp.OkHttpClient     com.example.gica2025                 I  x-request-id: 9ff4c86496018ce9360afc0c17dfae9a
2025-09-05 00:11:54.715 26921-28120 okhttp.OkHttpClient     com.example.gica2025                 I  x-real-ip: 179.7.110.102
2025-09-05 00:11:54.715 26921-28120 okhttp.OkHttpClient     com.example.gica2025                 I  x-forwarded-for: 179.7.110.102
